AAAAAATCGAC: AAAAATCGACC
AAAAATCGACC: AAAATCGACCC
AAAACAGCGGG: AAACAGCGGGT
AAAACGTGTGT: AAACGTGTGTG
AAAAGGAAGCC: AAAGGAAGCCT
AAAAGTTGTGC: AAAGTTGTGCA
AAAATCGACCC: AAATCGACCCC
AAAATCGTTAA: AAATCGTTAAG
AAACAAGCGTT: AACAAGCGTTG
AAACAAGTAAT: AACAAGTAATT
AAACAGCGGGT: AACAGCGGGTA
AAACCATGGCG: AACCATGGCGG
AAACCTATTCT: AACCTATTCTT
AAACGTGTGTG: AACGTGTGTGA
AAACTTGGCTG: AACTTGGCTGA
AAACTTTTGTA: AACTTTTGTAC
AAAGACGGATG: AAGACGGATGG
AAAGCGCATCC: AAGCGCATCCA
AAAGGAAGCCT: AAGGAAGCCTG
AAAGGCCTGAA: AAGGCCTGAAT
AAAGGGATAAG: AAGGGATAAGT
AAAGGGTCTCC: AAGGGTCTCCC
AAAGTCGTAGT: AAGTCGTAGTC
AAAGTGAGAGG: AAGTGAGAGGG
AAAGTGATGAG: AAGTGATGAGC
AAAGTGCACAG: AAGTGCACAGG
AAAGTGGGGCT: AAGTGGGGCTG
AAAGTTGTGCA: AAGTTGTGCAG
AAATACATCTT: AATACATCTTC
AAATACTACTA: AATACTACTAA
AAATCGACCCC: AATCGACCCCT
AAATCGTTAAG: AATCGTTAAGC
AAATGAGCGAT: AATGAGCGATT
AAATGGTGCGA: AATGGTGCGAC
AAATTTACTGC: AATTTACTGCT
AACAAGCGTTG: ACAAGCGTTGC
AACAAGTAATT: ACAAGTAATTG
AACAAGTTCTC: ACAAGTTCTCT
AACACTCCTGG: ACACTCCTGGA
AACACTCTGAG: ACACTCTGAGT
AACAGCGGGTA: ACAGCGGGTAG
AACCACTTGCC: ACCACTTGCCG
AACCATGGCGG: ACCATGGCGGA
AACCCAACTCG: ACCCAACTCGT
AACCCCCGATA: ACCCCCGATAA
AACCCTTCAAA: ACCCTTCAAAT
AACCGGATGGA: ACCGGATGGAT
AACCGTTATGC: ACCGTTATGCA
AACCTATTCTT: ACCTATTCTTC
AACCTCCAGCC: ACCTCCAGCCA
AACCTCGATGC: ACCTCGATGCT
AACGGATTAAA: ACGGATTAAAG
AACGGGTGCGG: ACGGGTGCGGA
AACGTATGCCC: ACGTATGCCCA
AACGTCTGCTT: ACGTCTGCTTA
AACGTGTGTGA: ACGTGTGTGAT
AACTACATCAT: ACTACATCATT
AACTCACTGCT: ACTCACTGCTT
AACTCGTTTGC: ACTCGTTTGCA
AACTTGGCTGA: ACTTGGCTGAG
AACTTTTGTAC: ACTTTTGTACA
AAGAAGTAGAT: AGAAGTAGATC
AAGAATTCAAG: AGAATTCAAGG
AAGACACCCGA: AGACACCCGAA
AAGACCTAGTT: AGACCTAGTTA
AAGACGGATGG: AGACGGATGGC
AAGAGCCAGTT: AGAGCCAGTTC
AAGAGGGCCAG: AGAGGGCCAGT
AAGATAACCCT: AGATAACCCTT
AAGATACTGTC: AGATACTGTCG
AAGCATCATTG: AGCATCATTGC
AAGCCTCTGTC: AGCCTCTGTCC
AAGCCTGGCTT: AGCCTGGCTTC
AAGCGAGTGGG: AGCGAGTGGGT
AAGCGCATCCA: AGCGCATCCAC
AAGCGGGGGGA: AGCGGGGGGAG
AAGCGTTATGT: AGCGTTATGTG
AAGCGTTGCCA: AGCGTTGCCAT
AAGCTTTGAGA: AGCTTTGAGAT
AAGGAAATGAG: AGGAAATGAGC
AAGGAAGCCTG: AGGAAGCCTGG
AAGGCACCCTT: AGGCACCCTTA
AAGGCCTGAAT: AGGCCTGAATC
AAGGCTTGAGC: AGGCTTGAGCA
AAGGGATAAGT: AGGGATAAGTA
AAGGGCCAGGC: AGGGCCAGGCT
AAGGGTCTCCC: AGGGTCTCCCC
AAGGTGAACGG: AGGTGAACGGA
AAGTAATTGCC: AGTAATTGCCC
AAGTAGATCGA: AGTAGATCGAT
AAGTATTAGCA: AGTATTAGCAG
AAGTCCGAGCC: AGTCCGAGCCC
AAGTCGTAGTC: AGTCGTAGTCA
AAGTGAGAGGG: AGTGAGAGGGG
AAGTGATGAGC: AGTGATGAGCG
AAGTGCACAGG: AGTGCACAGGG
AAGTGGGGCTG: AGTGGGGCTGC
AAGTTCTCTAT: AGTTCTCTATT
AAGTTGTGCAG: AGTTGTGCAGG
AATAACGGGTG: ATAACGGGTGC
AATACATCTTC: ATACATCTTCG
AATACTACTAA: ATACTACTAAG
AATAGGCCACC: ATAGGCCACCT
AATAGTGCCAG: ATAGTGCCAGA
AATCCAGATAA: ATCCAGATAAT
AATCGACCCCT: ATCGACCCCTG
AATCGTGTCCG: ATCGTGTCCGG
AATCGTTAAGC: ATCGTTAAGCG
AATCTCAAACT: ATCTCAAACTT
AATGAATCCAG: ATGAATCCAGA
AATGAGCGATT: ATGAGCGATTT
AATGCAGGTCG: ATGCAGGTCGC
AATGCTTCCTC: ATGCTTCCTCG
AATGGTGCGAC: ATGGTGCGACA
AATGGTTGCTC: ATGGTTGCTCG
AATGTGGCCAA: ATGTGGCCAAC
AATTCAAGGCT: ATTCAAGGCTT
AATTCTTCAGG: ATTCTTCAGGG
AATTGCCCATC: ATTGCCCATCG
AATTTACTGCT: ATTTACTGCTT
AATTTTACCCT: ATTTTACCCTC
ACAAAAGGAAG: CAAAAGGAAGC
ACAAAGGCCTG: CAAAGGCCTGA
ACAAATACTAC: CAAATACTACT
ACAAGAAGTAG: CAAGAAGTAGA
ACAAGAGGGCC: CAAGAGGGCCA
ACAAGCGTTGC: CAAGCGTTGCC
ACAAGTAATTG: CAAGTAATTGC
ACAAGTTCTCT: CAAGTTCTCTA
ACAATAGTGCC: CAATAGTGCCA
ACAATTCTTCA: CAATTCTTCAG
ACACCCGAAAA: CACCCGAAAAT
ACACCGGGCAC: CACCGGGCACA
ACACGGGCTGC: CACGGGCTGCC
ACACGTCCCAA: CACGTCCCAAG
ACACTCCTGGA: CACTCCTGGAT
ACACTCTGAGT: CACTCTGAGTA
ACACTTACACC: CACTTACACCG
ACAGAGATAGG: CAGAGATAGGT
ACAGAGCCACT: CAGAGCCACTT
ACAGCACGTCC: CAGCACGTCCT
ACAGCGGGTAG: CAGCGGGTAGC
ACAGCTTGGCC: CAGCTTGGCCG
ACAGGGCTTGT: CAGGGCTTGTT
ACAGGTAGCAA: CAGGTAGCAAA
ACATCATTATA: CATCATTATAG
ACATCCGTCGC: CATCCGTCGCC
ACATCTTCGTT: CATCTTCGTTG
ACATGCCCACG: CATGCCCACGC
ACATTTCGTCC: CATTTCGTCCG
ACCACTTGCCG: CCACTTGCCGA
ACCATGGCGGA: CCATGGCGGAC
ACCATGGCTTT: CCATGGCTTTT
ACCATTTCAGG: CCATTTCAGGA
ACCCAACTCGT: CCCAACTCGTT
ACCCCCGATAA: CCCCCGATAAA
ACCCGAAAATC: CCCGAAAATCG
ACCCGTCACCC: CCCGTCACCCT
ACCCTCTTTGA: CCCTCTTTGAG
ACCCTTAGATA: CCCTTAGATAT
ACCCTTATCAA: CCCTTATCAAT
ACCCTTCAAAT: CCCTTCAAATT
ACCGACAGGTA: CCGACAGGTAG
ACCGGACGTCT: CCGGACGTCTA
ACCGGATGGAT: CCGGATGGATG
ACCGGGCACAA: CCGGGCACAAA
ACCGGTGTGGA: CCGGTGTGGAC
ACCGTTATGCA: CCGTTATGCAA
ACCTAGTTACT: CCTAGTTACTG
ACCTATTCTTC: CCTATTCTTCA
ACCTCAGTTCG: CCTCAGTTCGT
ACCTCCAGCCA: CCTCCAGCCAT
ACCTCGATGCT: CCTCGATGCTG
ACCTCTGGACT: CCTCTGGACTT
ACCTGTCCATC: CCTGTCCATCC
ACGAACTCACT: CGAACTCACTG
ACGACACGGGC: CGACACGGGCT
ACGACCATGGC: CGACCATGGCT
ACGACCCGTCA: CGACCCGTCAC
ACGAGGTGCTA: CGAGGTGCTAT
ACGCAAATGGT: CGCAAATGGTG
ACGCACTAGTC: CGCACTAGTCT
ACGCATTATGT: CGCATTATGTG
ACGCCCGTAGC: CGCCCGTAGCG
ACGCCGTCTCA: CGCCGTCTCAT
ACGGATGGCGA: CGGATGGCGAT
ACGGATGTGCA: CGGATGTGCAG
ACGGATTAAAG: CGGATTAAAGA
ACGGCCAGAGT: CGGCCAGAGTT
ACGGCCTGATG: CGGCCTGATGT
ACGGGCTCCCA: CGGGCTCCCAA
ACGGGCTGCCG: CGGGCTGCCGC
ACGGGTGCGGA: CGGGTGCGGAC
ACGGGTGTGAG: CGGGTGTGAGT
ACGTATGCCCA: CGTATGCCCAC
ACGTCAAGGCA: CGTCAAGGCAC
ACGTCCCAAGA: CGTCCCAAGAT
ACGTCCTTCAC: CGTCCTTCACA
ACGTCGTTCAA: CGTCGTTCAAC
ACGTCTAGCGC: CGTCTAGCGCC
ACGTCTGCTTA: CGTCTGCTTAC
ACGTGTACAAA: CGTGTACAAAA
ACGTGTGTGAT: CGTGTGTGATT
ACGTTGATAGG: CGTTGATAGGG
ACTAAGTCCGA: CTAAGTCCGAG
ACTACATCATT: CTACATCATTA
ACTACCGGACG: CTACCGGACGT
ACTACTAAGTC: CTACTAAGTCC
ACTAGTCTGAC: CTAGTCTGACT
ACTATGTCTCG: CTATGTCTCGA
ACTCAAAGGGA: CTCAAAGGGAT
ACTCACGGGTG: CTCACGGGTGT
ACTCACTGCTT: CTCACTGCTTG
ACTCCCACTTA: CTCCCACTTAT
ACTCCTGGATG: CTCCTGGATGT
ACTCGGGAGGG: CTCGGGAGGGT
ACTCGTTTGCA: CTCGTTTGCAA
ACTCTGAGTAC: CTCTGAGTACT
ACTCTTCTCTA: CTCTTCTCTAG
ACTGACGAGGT: CTGACGAGGTG
ACTGCTTGTAC: CTGCTTGTACG
ACTGCTTTGAA: CTGCTTTGAAG
ACTGGCCAATA: CTGGCCAATAA
ACTGTCGTATG: CTGTCGTATGT
ACTTACACCGG: CTTACACCGGG
ACTTATACAGA: CTTATACAGAG
ACTTATACTAT: CTTATACTATG
ACTTATGCAAA: CTTATGCAAAC
ACTTCAGCCGG: CTTCAGCCGGC
ACTTGCCGATC: CTTGCCGATCT
ACTTGGCTGAG: CTTGGCTGAGT
ACTTGTGTCCT: CTTGTGTCCTC
ACTTTCATAGG: CTTTCATAGGA
ACTTTTGTACA: CTTTTGTACAC
ACTTTTTTTGA: CTTTTTTTGAG
AGAAAACGTGT: GAAAACGTGTG
AGAAAGTGATG: GAAAGTGATGA
AGAAGCGGGGG: GAAGCGGGGGG
AGAAGTAGATC: GAAGTAGATCG
AGAATTCAAGG: GAATTCAAGGC
AGACACCCGAA: GACACCCGAAA
AGACCTAGTTA: GACCTAGTTAC
AGACGACACGG: GACGACACGGG
AGACGGATGGC: GACGGATGGCG
AGACGTCAAGG: GACGTCAAGGC
AGACTACCGGA: GACTACCGGAC
AGACTTGTGTC: GACTTGTGTCC
AGAGATAGGTT: GAGATAGGTTA
AGAGCACAAGA: GAGCACAAGAG
AGAGCCACTTT: GAGCCACTTTT
AGAGCCAGTTC: GAGCCAGTTCC
AGAGGGCCAGT: GAGGGCCAGTA
AGAGGGGCTCC: GAGGGGCTCCC
AGAGTTCGTTG: GAGTTCGTTGG
AGATAACCCTT: GATAACCCTTC
AGATAATAGGC: GATAATAGGCC
AGATACACTTA: GATACACTTAC
AGATACTGTCG: GATACTGTCGT
AGATAGGTTAT: GATAGGTTATA
AGATATAAACC: GATATAAACCT
AGATCGATGCT: GATCGATGCTC
AGATTCGTGGA: GATTCGTGGAT
AGATTGAAAAC: GATTGAAAACA
AGCAAACAAGC: GCAAACAAGCG
AGCACAAGAGG: GCACAAGAGGG
AGCACGAACTC: GCACGAACTCA
AGCACGCACTA: GCACGCACTAG
AGCACGGGCTC: GCACGGGCTCC
AGCACGTCCTT: GCACGTCCTTC
AGCAGACGTCA: GCAGACGTCAA
AGCATCATTGC: GCATCATTGCC
AGCCACTCCCA: GCCACTCCCAC
AGCCACTTTTT: GCCACTTTTTT
AGCCAGTTCCG: GCCAGTTCCGA
AGCCATATCGC: GCCATATCGCA
AGCCCGTCCGG: GCCCGTCCGGA
AGCCGCACAGA: GCCGCACAGAG
AGCCGGCGTTT: GCCGGCGTTTA
AGCCTATAGGG: GCCTATAGGGT
AGCCTCTGTCC: GCCTCTGTCCG
AGCCTGGCTTC: GCCTGGCTTCT
AGCGAGTGGGT: GCGAGTGGGTC
AGCGATTTACA: GCGATTTACAT
AGCGCATCCAC: GCGCATCCACA
AGCGCCATTGC: GCGCCATTGCT
AGCGCCGTCAC: GCGCCGTCACA
AGCGGGGGGAG: GCGGGGGGAGT
AGCGGGTAGCA: GCGGGTAGCAC
AGCGGTCATAG: GCGGTCATAGT
AGCGTTATGTG: GCGTTATGTGA
AGCGTTGCCAT: GCGTTGCCATA
AGCTTACCGAC: GCTTACCGACA
AGCTTGGCCGC: GCTTGGCCGCA
AGCTTTGAGAT: GCTTTGAGATT
AGGAAATGAGC: GGAAATGAGCG
AGGAAGCCTGG: GGAAGCCTGGC
AGGATAGGTTT: GGATAGGTTTC
AGGATCGCATG: GGATCGCATGT
AGGATTCCGGG: GGATTCCGGGA
AGGATTCCTTT: GGATTCCTTTT
AGGCAAACAAG: GGCAAACAAGT
AGGCAATGGTT: GGCAATGGTTG
AGGCACCCTTA: GGCACCCTTAG
AGGCACTTATA: GGCACTTATAC
AGGCCACCTGT: GGCCACCTGTC
AGGCCGAGGCT: GGCCGAGGCTT
AGGCCTGAATC: GGCCTGAATCT
AGGCTCCATAT: GGCTCCATATA
AGGCTTAATGT: GGCTTAATGTG
AGGCTTCCCTT: GGCTTCCCTTA
AGGCTTGAGCA: GGCTTGAGCAC
AGGGATAAGTA: GGGATAAGTAT
AGGGATGATAG: GGGATGATAGG
AGGGCAAGGTG: GGGCAAGGTGA
AGGGCATGCAG: GGGCATGCAGA
AGGGCATGTCA: GGGCATGTCAC
AGGGCCAGGCT: GGGCCAGGCTT
AGGGCCAGTAG: GGGCCAGTAGT
AGGGCTTGTTT: GGGCTTGTTTC
AGGGGCTCCCA: GGGGCTCCCAA
AGGGTAATCGT: GGGTAATCGTG
AGGGTATTGTT: GGGTATTGTTC
AGGGTCTCCCC: GGGTCTCCCCT
AGGTAGCAAAC: GGTAGCAAACA
AGGTCATAGAG: GGTCATAGAGC
AGGTCCAAATA: GGTCCAAATAC
AGGTCGCCCAG: GGTCGCCCAGA
AGGTGAACGGA: GGTGAACGGAT
AGGTGCTATCT: GGTGCTATCTT
AGGTTATAGCC: GGTTATAGCCT
AGGTTTCGCGA: GGTTTCGCGAA
AGTAACCACTT: GTAACCACTTG
AGTAAGACCTA: GTAAGACCTAG
AGTAATTGCCC: GTAATTGCCCA
AGTACTTCAGC: GTACTTCAGCC
AGTAGATCGAT: GTAGATCGATG
AGTAGTGAAGC: GTAGTGAAGCT
AGTATTAGCAG: GTATTAGCAGA
AGTCACGACCA: GTCACGACCAT
AGTCAGGGATG: GTCAGGGATGA
AGTCCAGCCGC: GTCCAGCCGCA
AGTCCAGTAAC: GTCCAGTAACC
AGTCCGAGCCC: GTCCGAGCCCG
AGTCGGTTCAC: GTCGGTTCACT
AGTCGTAGTCA: GTCGTAGTCAC
AGTCTGACTCT: GTCTGACTCTT
AGTCTTCCCTG: GTCTTCCCTGG
AGTGAAGCTTT: GTGAAGCTTTG
AGTGAGAGGGG: GTGAGAGGGGC
AGTGAGTCGGT: GTGAGTCGGTT
AGTGATGAGCG: GTGATGAGCGC
AGTGCACAGGG: GTGCACAGGGC
AGTGCCAGACT: GTGCCAGACTT
AGTGGCGGCAC: GTGGCGGCACA
AGTGGGGCTGC: GTGGGGCTGCA
AGTGGGTCACC: GTGGGTCACCG
AGTGTAAGAAT: GTGTAAGAATT
AGTGTATGAGG: GTGTATGAGGA
AGTTACTGGCC: GTTACTGGCCA
AGTTCCGATCA: GTTCCGATCAG
AGTTCGTCGCA: GTTCGTCGCAA
AGTTCGTTGGC: GTTCGTTGGCA
AGTTCTCTATT: GTTCTCTATTG
AGTTGTGCAGG: GTTGTGCAGGC
ATAAACCTATT: TAAACCTATTC
ATAAAGTCGTA: TAAAGTCGTAG
ATAAAGTGGGG: TAAAGTGGGGC
ATAACCCTTCA: TAACCCTTCAA
ATAACGGGTGC: TAACGGGTGCG
ATAAGATAACC: TAAGATAACCC
ATAAGGAAATG: TAAGGAAATGA
ATAAGTATTAG: TAAGTATTAGC
ATAATAGGCCA: TAATAGGCCAC
ATACACTTACA: TACACTTACAC
ATACAGAGATA: TACAGAGATAG
ATACATCTTCG: TACATCTTCGT
ATACCATTTCA: TACCATTTCAG
ATACTACTAAG: TACTACTAAGT
ATACTATGTCT: TACTATGTCTC
ATACTGTCGTA: TACTGTCGTAT
ATAGACTACCG: TAGACTACCGG
ATAGAGCACAA: TAGAGCACAAG
ATAGCCACTCC: TAGCCACTCCC
ATAGCCTATAG: TAGCCTATAGG
ATAGGATTCCT: TAGGATTCCTT
ATAGGCAATGG: TAGGCAATGGT
ATAGGCCACCT: TAGGCCACCTG
ATAGGCCGAGG: TAGGCCGAGGC
ATAGGGCATGC: TAGGGCATGCA
ATAGGGTAATC: TAGGGTAATCG
ATAGGTCATAG: TAGGTCATAGA
ATAGGTTATAG: TAGGTTATAGC
ATAGGTTTCGC: TAGGTTTCGCG
ATAGTCAGGGA: TAGTCAGGGAT
ATAGTGCCAGA: TAGTGCCAGAC
ATAGTGGCGGC: TAGTGGCGGCA
ATATAAACCTA: TATAAACCTAT
ATATACCATTT: TATACCATTTC
ATATAGGTCAT: TATAGGTCATA
ATATCGCAAAA: TATCGCAAAAA
ATCAACTACAT: TCAACTACATC
ATCAATGAATC: TCAATGAATCC
ATCAGTGAGTC: TCAGTGAGTCG
ATCATTATAGC: TCATTATAGCC
ATCATTGCCTG: TCATTGCCTGC
ATCCAACCGTT: TCCAACCGTTA
ATCCACATGCC: TCCACATGCCC
ATCCAGATAAT: TCCAGATAATA
ATCCGTCGCCA: TCCGTCGCCAT
ATCCGTTAAGC: TCCGTTAAGCC
ATCGACCCCTG: TCGACCCCTGT
ATCGATGCTCT: TCGATGCTCTG
ATCGCAAAAAA: TCGCAAAAAAT
ATCGCATGTTG: TCGCATGTTGC
ATCGCCACAGC: TCGCCACAGCT
ATCGTGTCCGG: TCGTGTCCGGC
ATCGTTAAGCG: TCGTTAAGCGT
ATCTCAAACTT: TCTCAAACTTT
ATCTCTCTTGC: TCTCTCTTGCC
ATCTTCGTTGT: TCTTCGTTGTC
ATCTTTGCGAC: TCTTTGCGACA
ATCTTTTATGC: TCTTTTATGCA
ATGAATCCAGA: TGAATCCAGAT
ATGAGCGATTT: TGAGCGATTTA
ATGAGCGCCGT: TGAGCGCCGTC
ATGAGGATAGG: TGAGGATAGGT
ATGATAGACTA: TGATAGACTAC
ATGATAGGCCG: TGATAGGCCGA
ATGCAAAAGTT: TGCAAAAGTTG
ATGCAAACTTG: TGCAAACTTGG
ATGCACGACCC: TGCACGACCCG
ATGCAGATTGA: TGCAGATTGAA
ATGCAGGTCGC: TGCAGGTCGCC
ATGCCCACCTC: TGCCCACCTCA
ATGCCCACGCC: TGCCCACGCCC
ATGCTCTGGTA: TGCTCTGGTAC
ATGCTGATCTT: TGCTGATCTTT
ATGCTTCCTCG: TGCTTCCTCGT
ATGGATGATAG: TGGATGATAGA
ATGGCGATAGT: TGGCGATAGTG
ATGGCGGACTC: TGGCGGACTCG
ATGGCTTTTCG: TGGCTTTTCGC
ATGGGTCGTTT: TGGGTCGTTTT
ATGGTGCGACA: TGGTGCGACAT
ATGGTTGCTCG: TGGTTGCTCGA
ATGTATTCACG: TGTATTCACGT
ATGTATTTGTT: TGTATTTGTTT
ATGTCACTCAA: TGTCACTCAAA
ATGTCTCGACG: TGTCTCGACGT
ATGTCTCGCTC: TGTCTCGCTCC
ATGTGAGCTTA: TGTGAGCTTAC
ATGTGATTCAT: TGTGATTCATT
ATGTGATTTCA: TGTGATTTCAA
ATGTGCAGCAC: TGTGCAGCACG
ATGTGGCCAAC: TGTGGCCAACA
ATGTGGCGTGA: TGTGGCGTGAC
ATGTTGCAGAA: TGTTGCAGAAA
ATTAAAGACGG: TTAAAGACGGA
ATTACGTTGAT: TTACGTTGATA
ATTAGCAGACG: TTAGCAGACGT
ATTATAGCCAC: TTATAGCCACT
ATTATGTCTCG: TTATGTCTCGC
ATTATGTGAGC: TTATGTGAGCT
ATTCAAGGCTT: TTCAAGGCTTG
ATTCACGTCGT: TTCACGTCGTT
ATTCATTACGT: TTCATTACGTT
ATTCCGGGAGT: TTCCGGGAGTA
ATTCCTTTTTA: TTCCTTTTTAT
ATTCGTGGATC: TTCGTGGATCC
ATTCTTCAGGG: TTCTTCAGGGC
ATTCTTCAGGT: TTCTTCAGGTC
ATTGAAAACAG: TTGAAAACAGC
ATTGAACAAGT: TTGAACAAGTT
ATTGCCCATCG: TTGCCCATCGC
ATTGCCTGCGG: TTGCCTGCGGG
ATTGCTCAACC: TTGCTCAACCT
ATTGGTGTGTT: TTGGTGTGTTA
ATTGTTCTGTT: TTGTTCTGTTT
ATTTACATTTC: TTTACATTTCG
ATTTACTGCTT: TTTACTGCTTT
ATTTCAACACT: TTTCAACACTC
ATTTCAGGATC: TTTCAGGATCG
ATTTCGTCCGC: TTTCGTCCGCG
ATTTGTAGGCA: TTTGTAGGCAA
ATTTGTTTTCA: TTTGTTTTCAG
ATTTTACCCTC: TTTTACCCTCT
CAAAAAATCGA: AAAAAATCGAC
CAAAAGGAAGC: AAAAGGAAGCC
CAAAAGTTGTG: AAAAGTTGTGC
CAAACAAGCGT: AAACAAGCGTT
CAAACAAGTAA: AAACAAGTAAT
CAAACCATGGC: AAACCATGGCG
CAAACTTGGCT: AAACTTGGCTG
CAAACTTTTGT: AAACTTTTGTA
CAAAGGCCTGA: AAAGGCCTGAA
CAAAGGGATAA: AAAGGGATAAG
CAAAGGGTCTC: AAAGGGTCTCC
CAAAGTGCACA: AAAGTGCACAG
CAAATACATCT: AAATACATCTT
CAAATACTACT: AAATACTACTA
CAAATGGTGCG: AAATGGTGCGA
CAAATTTACTG: AAATTTACTGC
CAACACTCCTG: AACACTCCTGG
CAACACTCTGA: AACACTCTGAG
CAACCGGATGG: AACCGGATGGA
CAACCGTTATG: AACCGTTATGC
CAACCTCCAGC: AACCTCCAGCC
CAACCTCGATG: AACCTCGATGC
CAACGTATGCC: AACGTATGCCC
CAACGTCTGCT: AACGTCTGCTT
CAACTACATCA: AACTACATCAT
CAACTCGTTTG: AACTCGTTTGC
CAAGAAGTAGA: AAGAAGTAGAT
CAAGAGGGCCA: AAGAGGGCCAG
CAAGATACTGT: AAGATACTGTC
CAAGCATCATT: AAGCATCATTG
CAAGCGAGTGG: AAGCGAGTGGG
CAAGCGTTGCC: AAGCGTTGCCA
CAAGGCACCCT: AAGGCACCCTT
CAAGGCTTGAG: AAGGCTTGAGC
CAAGGTGAACG: AAGGTGAACGG
CAAGTAATTGC: AAGTAATTGCC
CAAGTTCTCTA: AAGTTCTCTAT
CAATAACGGGT: AATAACGGGTG
CAATAGTGCCA: AATAGTGCCAG
CAATGAATCCA: AATGAATCCAG
CAATGCAGGTC: AATGCAGGTCG
CAATGCTTCCT: AATGCTTCCTC
CAATGGTTGCT: AATGGTTGCTC
CAATTCTTCAG: AATTCTTCAGG
CACAAAGGCCT: ACAAAGGCCTG
CACAAATACTA: ACAAATACTAC
CACAAGAAGTA: ACAAGAAGTAG
CACAAGAGGGC: ACAAGAGGGCC
CACAATAGTGC: ACAATAGTGCC
CACAATTCTTC: ACAATTCTTCA
CACAGAGCCAC: ACAGAGCCACT
CACAGCTTGGC: ACAGCTTGGCC
CACAGGGCTTG: ACAGGGCTTGT
CACATGCCCAC: ACATGCCCACG
CACCCGAAAAT: ACCCGAAAATC
CACCCTTAGAT: ACCCTTAGATA
CACCCTTATCA: ACCCTTATCAA
CACCGGGCACA: ACCGGGCACAA
CACCGGTGTGG: ACCGGTGTGGA
CACCTCAGTTC: ACCTCAGTTCG
CACCTGTCCAT: ACCTGTCCATC
CACGAACTCAC: ACGAACTCACT
CACGACCATGG: ACGACCATGGC
CACGACCCGTC: ACGACCCGTCA
CACGCAAATGG: ACGCAAATGGT
CACGCACTAGT: ACGCACTAGTC
CACGCATTATG: ACGCATTATGT
CACGCCCGTAG: ACGCCCGTAGC
CACGGGCTCCC: ACGGGCTCCCA
CACGGGCTGCC: ACGGGCTGCCG
CACGGGTGTGA: ACGGGTGTGAG
CACGTCCCAAG: ACGTCCCAAGA
CACGTCCTTCA: ACGTCCTTCAC
CACGTCGTTCA: ACGTCGTTCAA
CACTAGTCTGA: ACTAGTCTGAC
CACTCAAAGGG: ACTCAAAGGGA
CACTCCCACTT: ACTCCCACTTA
CACTCCTGGAT: ACTCCTGGATG
CACTCTGAGTA: ACTCTGAGTAC
CACTGACGAGG: ACTGACGAGGT
CACTGCTTGTA: ACTGCTTGTAC
CACTTACACCG: ACTTACACCGG
CACTTATACAG: ACTTATACAGA
CACTTATACTA: ACTTATACTAT
CACTTGCCGAT: ACTTGCCGATC
CACTTTTTTTG: ACTTTTTTTGA
CAGAAAACGTG: AGAAAACGTGT
CAGAAAGTGAT: AGAAAGTGATG
CAGACGACACG: AGACGACACGG
CAGACGTCAAG: AGACGTCAAGG
CAGACTTGTGT: AGACTTGTGTC
CAGAGATAGGT: AGAGATAGGTT
CAGAGCCACTT: AGAGCCACTTT
CAGAGTTCGTT: AGAGTTCGTTG
CAGATAATAGG: AGATAATAGGC
CAGATACACTT: AGATACACTTA
CAGATTGAAAA: AGATTGAAAAC
CAGCACGGGCT: AGCACGGGCTC
CAGCACGTCCT: AGCACGTCCTT
CAGCCATATCG: AGCCATATCGC
CAGCCGCACAG: AGCCGCACAGA
CAGCCGGCGTT: AGCCGGCGTTT
CAGCGGGTAGC: AGCGGGTAGCA
CAGCTTGGCCG: AGCTTGGCCGC
CAGGATCGCAT: AGGATCGCATG
CAGGCACTTAT: AGGCACTTATA
CAGGCTTCCCT: AGGCTTCCCTT
CAGGGATGATA: AGGGATGATAG
CAGGGCAAGGT: AGGGCAAGGTG
CAGGGCATGTC: AGGGCATGTCA
CAGGGCTTGTT: AGGGCTTGTTT
CAGGTAGCAAA: AGGTAGCAAAC
CAGGTCCAAAT: AGGTCCAAATA
CAGGTCGCCCA: AGGTCGCCCAG
CAGTAACCACT: AGTAACCACTT
CAGTAGTGAAG: AGTAGTGAAGC
CAGTGAGTCGG: AGTGAGTCGGT
CAGTGTAAGAA: AGTGTAAGAAT
CAGTTCCGATC: AGTTCCGATCA
CAGTTCGTCGC: AGTTCGTCGCA
CATAAGATAAC: ATAAGATAACC
CATAAGGAAAT: ATAAGGAAATG
CATAGAGCACA: ATAGAGCACAA
CATAGGATTCC: ATAGGATTCCT
CATAGTCAGGG: ATAGTCAGGGA
CATATACCATT: ATATACCATTT
CATATCGCAAA: ATATCGCAAAA
CATCAACTACA: ATCAACTACAT
CATCATTATAG: ATCATTATAGC
CATCATTGCCT: ATCATTGCCTG
CATCCAACCGT: ATCCAACCGTT
CATCCACATGC: ATCCACATGCC
CATCCGTCGCC: ATCCGTCGCCA
CATCGCCACAG: ATCGCCACAGC
CATCTTCGTTG: ATCTTCGTTGT
CATGCAGATTG: ATGCAGATTGA
CATGCCCACGC: ATGCCCACGCC
CATGGCGGACT: ATGGCGGACTC
CATGGCTTTTC: ATGGCTTTTCG
CATGGGTCGTT: ATGGGTCGTTT
CATGTCACTCA: ATGTCACTCAA
CATGTTGCAGA: ATGTTGCAGAA
CATTACGTTGA: ATTACGTTGAT
CATTATAGCCA: ATTATAGCCAC
CATTATGTGAG: ATTATGTGAGC
CATTGCCTGCG: ATTGCCTGCGG
CATTGCTCAAC: ATTGCTCAACC
CATTTCAGGAT: ATTTCAGGATC
CATTTCGTCCG: ATTTCGTCCGC
CCAAAGGGTCT: CAAAGGGTCTC
CCAAATACATC: CAAATACATCT
CCAACACTCCT: CAACACTCCTG
CCAACCGTTAT: CAACCGTTATG
CCAACTCGTTT: CAACTCGTTTG
CCAAGATACTG: CAAGATACTGT
CCAAGCGAGTG: CAAGCGAGTGG
CCAATAACGGG: CAATAACGGGT
CCAATGCAGGT: CAATGCAGGTC
CCACAGCTTGG: CACAGCTTGGC
CCACATGCCCA: CACATGCCCAC
CCACCTCAGTT: CACCTCAGTTC
CCACCTGTCCA: CACCTGTCCAT
CCACGCATTAT: CACGCATTATG
CCACGCCCGTA: CACGCCCGTAG
CCACTCCCACT: CACTCCCACTT
CCACTTATACA: CACTTATACAG
CCACTTGCCGA: CACTTGCCGAT
CCACTTTTTTT: CACTTTTTTTG
CCAGACTTGTG: CAGACTTGTGT
CCAGAGTTCGT: CAGAGTTCGTT
CCAGATAATAG: CAGATAATAGG
CCAGATACACT: CAGATACACTT
CCAGCCATATC: CAGCCATATCG
CCAGCCGCACA: CAGCCGCACAG
CCAGGCTTCCC: CAGGCTTCCCT
CCAGTAACCAC: CAGTAACCACT
CCAGTAGTGAA: CAGTAGTGAAG
CCAGTTCCGAT: CAGTTCCGATC
CCATAAGGAAA: CATAAGGAAAT
CCATATACCAT: CATATACCATT
CCATATCGCAA: CATATCGCAAA
CCATCAACTAC: CATCAACTACA
CCATCCAACCG: CATCCAACCGT
CCATCGCCACA: CATCGCCACAG
CCATGGCGGAC: CATGGCGGACT
CCATGGCTTTT: CATGGCTTTTC
CCATTGCTCAA: CATTGCTCAAC
CCATTTCAGGA: CATTTCAGGAT
CCCAAAGGGTC: CCAAAGGGTCT
CCCAACTCGTT: CCAACTCGTTT
CCCAAGATACT: CCAAGATACTG
CCCAAGCGAGT: CCAAGCGAGTG
CCCACCTCAGT: CCACCTCAGTT
CCCACGCCCGT: CCACGCCCGTA
CCCACTTATAC: CCACTTATACA
CCCAGATACAC: CCAGATACACT
CCCATCGCCAC: CCATCGCCACA
CCCCCGATAAA: CCCCGATAAAG
CCCCGATAAAG: CCCGATAAAGT
CCCCTTTATTT: CCCTTTATTTG
CCCGAAAATCG: CCGAAAATCGT
CCCGATAAAGT: CCGATAAAGTG
CCCGTAGCGGT: CCGTAGCGGTC
CCCGTCACCCT: CCGTCACCCTT
CCCGTCCGGAA: CCGTCCGGAAC
CCCTCTTTGAG: CCTCTTTGAGT
CCCTGGCGGCA: CCTGGCGGCAC
CCCTTAGATAT: CCTTAGATATA
CCCTTAGGCTC: CCTTAGGCTCC
CCCTTATCAAT: CCTTATCAATG
CCCTTCAAATT: CCTTCAAATTT
CCCTTTATTTG: CCTTTATTTGT
CCGAAAATCGT: CGAAAATCGTT
CCGACAGGTAG: CGACAGGTAGC
CCGAGCCCGTC: CGAGCCCGTCC
CCGAGGCTTAA: CGAGGCTTAAT
CCGATAAAGTC: CGATAAAGTCG
CCGATAAAGTG: CGATAAAGTGG
CCGATCAGTGA: CGATCAGTGAG
CCGATCTCTCT: CGATCTCTCTT
CCGCAACCGGA: CGCAACCGGAT
CCGCACAGAGC: CGCACAGAGCC
CCGCAGGGCAT: CGCAGGGCATG
CCGCGCCAATG: CGCGCCAATGC
CCGGAACCCCC: CGGAACCCCCG
CCGGACGTCTA: CGGACGTCTAG
CCGGATGGATG: CGGATGGATGA
CCGGCGTTTAT: CGGCGTTTATA
CCGGCTTCATG: CGGCTTCATGG
CCGGGAGTAAG: CGGGAGTAAGA
CCGGGCACAAA: CGGGCACAAAT
CCGGGCTAAGG: CGGGCTAAGGG
CCGGTGTGGAC: CGGTGTGGACC
CCGTAGCGGTC: CGTAGCGGTCA
CCGTCACAATA: CGTCACAATAG
CCGTCACCCTT: CGTCACCCTTA
CCGTCACGCAA: CGTCACGCAAA
CCGTCCGGAAC: CGTCCGGAACC
CCGTCGCCATC: CGTCGCCATCA
CCGTCTCATAA: CGTCTCATAAG
CCGTGGCGCAA: CGTGGCGCAAA
CCGTTAAGCCT: CGTTAAGCCTC
CCGTTATGCAA: CGTTATGCAAA
CCTAGTTACTG: CTAGTTACTGG
CCTATAGGGTA: CTATAGGGTAA
CCTATTCTTCA: CTATTCTTCAG
CCTCAATGCTT: CTCAATGCTTC
CCTCAGTTCGT: CTCAGTTCGTC
CCTCCAGCCAT: CTCCAGCCATA
CCTCGATGCTG: CTCGATGCTGA
CCTCGTCCGTC: CTCGTCCGTCA
CCTCTGCCGGG: CTCTGCCGGGC
CCTCTGGACTT: CTCTGGACTTT
CCTCTGTCCGA: CTCTGTCCGAT
CCTCTTTGAGT: CTCTTTGAGTC
CCTGAATCTCA: CTGAATCTCAA
CCTGATGTGAT: CTGATGTGATT
CCTGCGGGATT: CTGCGGGATTA
CCTGGATGTAT: CTGGATGTATT
CCTGGCGGCAC: CTGGCGGCACA
CCTGGCTTCTG: CTGGCTTCTGA
CCTGTCCATCC: CTGTCCATCCA
CCTTAGATATA: CTTAGATATAA
CCTTAGGCTCC: CTTAGGCTCCA
CCTTATCAATG: CTTATCAATGA
CCTTCAAATTT: CTTCAAATTTA
CCTTCACAATT: CTTCACAATTC
CCTTTATTTGT: CTTTATTTGTA
CCTTTTTATAT: CTTTTTATATA
CGAAAATCGTT: GAAAATCGTTA
CGAAAGTGAGA: GAAAGTGAGAG
CGAACTCACTG: GAACTCACTGC
CGAAGAGCCAG: GAAGAGCCAGT
CGACACGGGCT: GACACGGGCTG
CGACAGCACGT: GACAGCACGTC
CGACAGGTAGC: GACAGGTAGCA
CGACATCCGTC: GACATCCGTCG
CGACCATGGCT: GACCATGGCTT
CGACCCGTCAC: GACCCGTCACC
CGACGTGTACA: GACGTGTACAA
CGAGCCCGTCC: GAGCCCGTCCG
CGAGGCTTAAT: GAGGCTTAATG
CGAGGTGCTAT: GAGGTGCTATC
CGAGTGGGTCA: GAGTGGGTCAC
CGATAAAGTCG: GATAAAGTCGT
CGATAAAGTGG: GATAAAGTGGG
CGATAGTGGCG: GATAGTGGCGG
CGATCAGTGAG: GATCAGTGAGT
CGATCTCTCTT: GATCTCTCTTG
CGATGCTCTGG: GATGCTCTGGT
CGATGCTGATC: GATGCTGATCT
CGATTTACATT: GATTTACATTT
CGCAAAAAATC: GCAAAAAATCG
CGCAAACCATG: GCAAACCATGG
CGCAAAGTGCA: GCAAAGTGCAC
CGCAAATGGTG: GCAAATGGTGC
CGCAACCGGAT: GCAACCGGATG
CGCACAGAGCC: GCACAGAGCCA
CGCACTAGTCT: GCACTAGTCTG
CGCAGGGCATG: GCAGGGCATGT
CGCATCCACAT: GCATCCACATG
CGCATGTTGCA: GCATGTTGCAG
CGCATTATGTG: GCATTATGTGA
CGCCAATGCAG: GCCAATGCAGG
CGCCACAGCTT: GCCACAGCTTG
CGCCATCAACT: GCCATCAACTA
CGCCATTGCTC: GCCATTGCTCA
CGCCCAGATAC: GCCCAGATACA
CGCCCGTAGCG: GCCCGTAGCGG
CGCCGTCACAA: GCCGTCACAAT
CGCCGTCTCAT: GCCGTCTCATA
CGCCTCTGCCG: GCCTCTGCCGG
CGCGAAGAGCC: GCGAAGAGCCA
CGCGCCAATGC: GCGCCAATGCA
CGCGTCTCGCC: GCGTCTCGCCT
CGCTCCACGCA: GCTCCACGCAT
CGGAACCCCCG: GGAACCCCCGA
CGGACGTCTAG: GGACGTCTAGC
CGGACTCGGGA: GGACTCGGGAG
CGGACTTATGC: GGACTTATGCA
CGGATGGATGA: GGATGGATGAT
CGGATGGCGAT: GGATGGCGATA
CGGATGTGCAG: GGATGTGCAGC
CGGATTAAAGA: GGATTAAAGAC
CGGCACAAAGG: GGCACAAAGGC
CGGCACAAGAA: GGCACAAGAAG
CGGCCAGAGTT: GGCCAGAGTTC
CGGCCTGATGT: GGCCTGATGTG
CGGCGTTTATA: GGCGTTTATAG
CGGCTTCATGG: GGCTTCATGGG
CGGGAGGGTAT: GGGAGGGTATT
CGGGAGTAAGA: GGGAGTAAGAC
CGGGATTATGT: GGGATTATGTC
CGGGCACAAAT: GGGCACAAATA
CGGGCTAAGGG: GGGCTAAGGGC
CGGGCTCCCAA: GGGCTCCCAAA
CGGGCTGCCGC: GGGCTGCCGCA
CGGGGGGAGTG: GGGGGGAGTGT
CGGGTAGCACG: GGGTAGCACGC
CGGGTGCGGAC: GGGTGCGGACT
CGGGTGTGAGT: GGGTGTGAGTC
CGGTCATAGTC: GGTCATAGTCA
CGGTGTGGACC: GGTGTGGACCT
CGGTTCACTGA: GGTTCACTGAC
CGTAGCGGTCA: GTAGCGGTCAT
CGTAGTCACGA: GTAGTCACGAC
CGTATGCCCAC: GTATGCCCACC
CGTATGTGGCG: GTATGTGGCGT
CGTCAAGCATC: GTCAAGCATCA
CGTCAAGGCAC: GTCAAGGCACC
CGTCACAATAG: GTCACAATAGT
CGTCACCCTTA: GTCACCCTTAT
CGTCACGCAAA: GTCACGCAAAT
CGTCCCAAGAT: GTCCCAAGATA
CGTCCGCGCCA: GTCCGCGCCAA
CGTCCGGAACC: GTCCGGAACCC
CGTCCGTCACG: GTCCGTCACGC
CGTCCTTCACA: GTCCTTCACAA
CGTCGCAAAGT: GTCGCAAAGTG
CGTCGCCATCA: GTCGCCATCAA
CGTCGTTCAAC: GTCGTTCAACG
CGTCTAGCGCC: GTCTAGCGCCA
CGTCTCATAAG: GTCTCATAAGA
CGTCTCGCCTC: GTCTCGCCTCT
CGTCTGCTTAC: GTCTGCTTACG
CGTGACGGCCT: GTGACGGCCTG
CGTGGATCCGT: GTGGATCCGTT
CGTGGCGCAAA: GTGGCGCAAAC
CGTGTACAAAA: GTGTACAAAAG
CGTGTCCGGCT: GTGTCCGGCTT
CGTGTGTGATT: GTGTGTGATTG
CGTTAAGCCTC: GTTAAGCCTCT
CGTTAAGCGTT: GTTAAGCGTTA
CGTTATGCAAA: GTTATGCAAAA
CGTTATGTGAT: GTTATGTGATT
CGTTCAACGTA: GTTCAACGTAT
CGTTGATAGGG: GTTGATAGGGC
CGTTGCCATAA: GTTGCCATAAG
CGTTGCGTCAA: GTTGCGTCAAG
CGTTGGCAGAC: GTTGGCAGACG
CGTTGTCGTTG: GTTGTCGTTGC
CGTTTATAGGC: GTTTATAGGCA
CGTTTGCAACG: GTTTGCAACGT
CGTTTTTACGG: GTTTTTACGGA
CTAAGGGCCAG: TAAGGGCCAGG
CTAAGTCCGAG: TAAGTCCGAGC
CTACATCATTA: TACATCATTAT
CTACCGGACGT: TACCGGACGTC
CTACTAAGTCC: TACTAAGTCCG
CTAGCGCCATT: TAGCGCCATTG
CTAGGATTCCG: TAGGATTCCGG
CTAGTCTGACT: TAGTCTGACTC
CTAGTTACTGG: TAGTTACTGGC
CTATAGGGTAA: TATAGGGTAAT
CTATCTTTGCG: TATCTTTGCGA
CTATGTCTCGA: TATGTCTCGAC
CTATTCTTCAG: TATTCTTCAGG
CTATTGGTGTG: TATTGGTGTGT
CTCAAACTTTT: TCAAACTTTTG
CTCAAAGGGAT: TCAAAGGGATA
CTCAACCTCGA: TCAACCTCGAT
CTCAATGCTTC: TCAATGCTTCC
CTCACGGGTGT: TCACGGGTGTG
CTCACTGCTTG: TCACTGCTTGT
CTCAGTTCGTC: TCAGTTCGTCG
CTCATAAGATA: TCATAAGATAA
CTCCACGCATT: TCCACGCATTA
CTCCAGCCATA: TCCAGCCATAT
CTCCATATACC: TCCATATACCA
CTCCCAAAGGG: TCCCAAAGGGT
CTCCCAAGCGA: TCCCAAGCGAG
CTCCCACTTAT: TCCCACTTATA
CTCCCCTTTAT: TCCCCTTTATT
CTCCTGGATGT: TCCTGGATGTA
CTCGAAAGTGA: TCGAAAGTGAG
CTCGACGTGTA: TCGACGTGTAC
CTCGATGCTGA: TCGATGCTGAT
CTCGCCTCTGC: TCGCCTCTGCC
CTCGCTCCACG: TCGCTCCACGC
CTCGGGAGGGT: TCGGGAGGGTA
CTCGTCCGTCA: TCGTCCGTCAC
CTCGTTTGCAA: TCGTTTGCAAC
CTCTAGGATTC: TCTAGGATTCC
CTCTATTGGTG: TCTATTGGTGT
CTCTCTTGCCG: TCTCTTGCCGT
CTCTGAGTACT: TCTGAGTACTT
CTCTGCCGGGC: TCTGCCGGGCT
CTCTGGACTTT: TCTGGACTTTC
CTCTGGTACTC: TCTGGTACTCA
CTCTGTCCGAT: TCTGTCCGATA
CTCTTCTCTAG: TCTTCTCTAGG
CTCTTGCCGTG: TCTTGCCGTGG
CTCTTTGAGTC: TCTTTGAGTCT
CTGAATCTCAA: TGAATCTCAAA
CTGAATTTTAC: TGAATTTTACC
CTGACGAGGTG: TGACGAGGTGC
CTGACTCTTCT: TGACTCTTCTC
CTGAGTACTTC: TGAGTACTTCA
CTGAGTCCAGC: TGAGTCCAGCC
CTGATCTTTTA: TGATCTTTTAT
CTGATGTGATT: TGATGTGATTC
CTGCAACCTCC: TGCAACCTCCA
CTGCCGCAGGG: TGCCGCAGGGC
CTGCCGGGCTA: TGCCGGGCTAA
CTGCGGGATTA: TGCGGGATTAT
CTGCTTACGCC: TGCTTACGCCG
CTGCTTGTACG: TGCTTGTACGG
CTGCTTTGAAG: TGCTTTGAAGA
CTGGACTTTCA: TGGACTTTCAT
CTGGATGTATT: TGGATGTATTT
CTGGCCAATAA: TGGCCAATAAC
CTGGCGGCACA: TGGCGGCACAA
CTGGCTTCTGA: TGGCTTCTGAA
CTGGTACTCAC: TGGTACTCACG
CTGTCCATCCA: TGTCCATCCAA
CTGTCCGATAA: TGTCCGATAAA
CTGTCGTATGT: TGTCGTATGTG
CTGTTTATGTA: TGTTTATGTAT
CTTAATGTGGC: TTAATGTGGCC
CTTACACCGGG: TTACACCGGGC
CTTACCGACAG: TTACCGACAGG
CTTACGCCGTC: TTACGCCGTCT
CTTAGATATAA: TTAGATATAAA
CTTAGGCTCCA: TTAGGCTCCAT
CTTATACAGAG: TTATACAGAGA
CTTATACTATG: TTATACTATGT
CTTATCAATGA: TTATCAATGAA
CTTATGCAAAC: TTATGCAAACT
CTTCAAATTTA: TTCAAATTTAC
CTTCACAATTC: TTCACAATTCT
CTTCAGCCGGC: TTCAGCCGGCG
CTTCAGGGCAA: TTCAGGGCAAG
CTTCAGGTCCA: TTCAGGTCCAA
CTTCATGGGTC: TTCATGGGTCG
CTTCCCTGGCG: TTCCCTGGCGG
CTTCCCTTAGG: TTCCCTTAGGC
CTTCCTCGTCC: TTCCTCGTCCG
CTTCGTTGTCG: TTCGTTGTCGT
CTTCTCTAGGA: TTCTCTAGGAT
CTTCTGAATTT: TTCTGAATTTT
CTTGAGCACGA: TTGAGCACGAA
CTTGCCGATCT: TTGCCGATCTC
CTTGCCGTGGC: TTGCCGTGGCG
CTTGGCCGCAA: TTGGCCGCAAC
CTTGGCTGAGT: TTGGCTGAGTC
CTTGTACGGCC: TTGTACGGCCA
CTTGTGTCCTC: TTGTGTCCTCA
CTTGTTTCAGT: TTGTTTCAGTG
CTTTATTTGTA: TTTATTTGTAG
CTTTCATAGGA: TTTCATAGGAT
CTTTGAAGACA: TTTGAAGACAC
CTTTGAGATTC: TTTGAGATTCG
CTTTGAGTCTT: TTTGAGTCTTC
CTTTGCGACAG: TTTGCGACAGC
CTTTTATGCAC: TTTTATGCACG
CTTTTCGCGTC: TTTTCGCGTCT
CTTTTGTACAC: TTTTGTACACG
CTTTTTATATA: TTTTTATATAG
CTTTTTTTGAG: TTTTTTTGAGA
GAAAACAGCGG: AAAACAGCGGG
GAAAACGTGTG: AAAACGTGTGT
GAAAATCGTTA: AAAATCGTTAA
GAAAGTGAGAG: AAAGTGAGAGG
GAAAGTGATGA: AAAGTGATGAG
GAAATGAGCGA: AAATGAGCGAT
GAACAAGTTCT: AACAAGTTCTC
GAACCCCCGAT: AACCCCCGATA
GAACGGATTAA: AACGGATTAAA
GAACTCACTGC: AACTCACTGCT
GAAGACACCCG: AAGACACCCGA
GAAGAGCCAGT: AAGAGCCAGTT
GAAGCCTGGCT: AAGCCTGGCTT
GAAGCGGGGGG: AAGCGGGGGGA
GAAGCTTTGAG: AAGCTTTGAGA
GAAGTAGATCG: AAGTAGATCGA
GAATCCAGATA: AATCCAGATAA
GAATCTCAAAC: AATCTCAAACT
GAATTCAAGGC: AATTCAAGGCT
GAATTTTACCC: AATTTTACCCT
GACACCCGAAA: ACACCCGAAAA
GACACGGGCTG: ACACGGGCTGC
GACAGCACGTC: ACAGCACGTCC
GACAGGTAGCA: ACAGGTAGCAA
GACATCCGTCG: ACATCCGTCGC
GACCATGGCTT: ACCATGGCTTT
GACCCGTCACC: ACCCGTCACCC
GACCTAGTTAC: ACCTAGTTACT
GACCTCTGGAC: ACCTCTGGACT
GACGACACGGG: ACGACACGGGC
GACGAGGTGCT: ACGAGGTGCTA
GACGGATGGCG: ACGGATGGCGA
GACGGCCTGAT: ACGGCCTGATG
GACGTCAAGGC: ACGTCAAGGCA
GACGTCTAGCG: ACGTCTAGCGC
GACGTGTACAA: ACGTGTACAAA
GACTACCGGAC: ACTACCGGACG
GACTCGGGAGG: ACTCGGGAGGG
GACTCTTCTCT: ACTCTTCTCTA
GACTTATGCAA: ACTTATGCAAA
GACTTGTGTCC: ACTTGTGTCCT
GACTTTCATAG: ACTTTCATAGG
GAGAAGCGGGG: AGAAGCGGGGG
GAGAGGGGCTC: AGAGGGGCTCC
GAGATAGGTTA: AGATAGGTTAT
GAGATTCGTGG: AGATTCGTGGA
GAGCACAAGAG: AGCACAAGAGG
GAGCACGAACT: AGCACGAACTC
GAGCCACTTTT: AGCCACTTTTT
GAGCCAGTTCC: AGCCAGTTCCG
GAGCCCGTCCG: AGCCCGTCCGG
GAGCGATTTAC: AGCGATTTACA
GAGCGCCGTCA: AGCGCCGTCAC
GAGCTTACCGA: AGCTTACCGAC
GAGGATAGGTT: AGGATAGGTTT
GAGGCTTAATG: AGGCTTAATGT
GAGGGCCAGTA: AGGGCCAGTAG
GAGGGGCTCCC: AGGGGCTCCCA
GAGGGTATTGT: AGGGTATTGTT
GAGGTGCTATC: AGGTGCTATCT
GAGTAAGACCT: AGTAAGACCTA
GAGTACTTCAG: AGTACTTCAGC
GAGTCCAGCCG: AGTCCAGCCGC
GAGTCCAGTAA: AGTCCAGTAAC
GAGTCGGTTCA: AGTCGGTTCAC
GAGTCTTCCCT: AGTCTTCCCTG
GAGTGGGTCAC: AGTGGGTCACC
GAGTGTATGAG: AGTGTATGAGG
GAGTTCGTTGG: AGTTCGTTGGC
GATAAAGTCGT: ATAAAGTCGTA
GATAAAGTGGG: ATAAAGTGGGG
GATAACCCTTC: ATAACCCTTCA
GATAAGTATTA: ATAAGTATTAG
GATAATAGGCC: ATAATAGGCCA
GATACACTTAC: ATACACTTACA
GATACTGTCGT: ATACTGTCGTA
GATAGACTACC: ATAGACTACCG
GATAGGCCGAG: ATAGGCCGAGG
GATAGGGCATG: ATAGGGCATGC
GATAGGTTATA: ATAGGTTATAG
GATAGGTTTCG: ATAGGTTTCGC
GATAGTGGCGG: ATAGTGGCGGC
GATATAAACCT: ATATAAACCTA
GATCAGTGAGT: ATCAGTGAGTC
GATCCGTTAAG: ATCCGTTAAGC
GATCGATGCTC: ATCGATGCTCT
GATCGCATGTT: ATCGCATGTTG
GATCTCTCTTG: ATCTCTCTTGC
GATCTTTTATG: ATCTTTTATGC
GATGAGCGCCG: ATGAGCGCCGT
GATGATAGACT: ATGATAGACTA
GATGATAGGCC: ATGATAGGCCG
GATGCTCTGGT: ATGCTCTGGTA
GATGCTGATCT: ATGCTGATCTT
GATGGATGATA: ATGGATGATAG
GATGGCGATAG: ATGGCGATAGT
GATGTATTTGT: ATGTATTTGTT
GATGTGATTCA: ATGTGATTCAT
GATGTGCAGCA: ATGTGCAGCAC
GATTAAAGACG: ATTAAAGACGG
GATTATGTCTC: ATTATGTCTCG
GATTCATTACG: ATTCATTACGT
GATTCCGGGAG: ATTCCGGGAGT
GATTCCTTTTT: ATTCCTTTTTA
GATTCGTGGAT: ATTCGTGGATC
GATTGAAAACA: ATTGAAAACAG
GATTGAACAAG: ATTGAACAAGT
GATTTACATTT: ATTTACATTTC
GATTTCAACAC: ATTTCAACACT
GCAAAAAATCG: CAAAAAATCGA
GCAAAAGTTGT: CAAAAGTTGTG
GCAAACAAGCG: CAAACAAGCGT
GCAAACAAGTA: CAAACAAGTAA
GCAAACCATGG: CAAACCATGGC
GCAAACTTGGC: CAAACTTGGCT
GCAAAGTGCAC: CAAAGTGCACA
GCAAATGGTGC: CAAATGGTGCG
GCAACCGGATG: CAACCGGATGG
GCAACCTCCAG: CAACCTCCAGC
GCAACGTCTGC: CAACGTCTGCT
GCAAGGTGAAC: CAAGGTGAACG
GCAATGGTTGC: CAATGGTTGCT
GCACAAAGGCC: CACAAAGGCCT
GCACAAATACT: CACAAATACTA
GCACAAGAAGT: CACAAGAAGTA
GCACAAGAGGG: CACAAGAGGGC
GCACAGAGCCA: CACAGAGCCAC
GCACAGGGCTT: CACAGGGCTTG
GCACCCTTAGA: CACCCTTAGAT
GCACGAACTCA: CACGAACTCAC
GCACGACCCGT: CACGACCCGTC
GCACGCACTAG: CACGCACTAGT
GCACGGGCTCC: CACGGGCTCCC
GCACGTCCTTC: CACGTCCTTCA
GCACTAGTCTG: CACTAGTCTGA
GCACTTATACT: CACTTATACTA
GCAGAAAACGT: CAGAAAACGTG
GCAGACGACAC: CAGACGACACG
GCAGACGTCAA: CAGACGTCAAG
GCAGATTGAAA: CAGATTGAAAA
GCAGCACGGGC: CAGCACGGGCT
GCAGGCACTTA: CAGGCACTTAT
GCAGGGCATGT: CAGGGCATGTC
GCAGGTCGCCC: CAGGTCGCCCA
GCATCATTGCC: CATCATTGCCT
GCATCCACATG: CATCCACATGC
GCATGCAGATT: CATGCAGATTG
GCATGTCACTC: CATGTCACTCA
GCATGTTGCAG: CATGTTGCAGA
GCATTATGTGA: CATTATGTGAG
GCCAACACTCC: CCAACACTCCT
GCCAATAACGG: CCAATAACGGG
GCCAATGCAGG: CCAATGCAGGT
GCCACAGCTTG: CCACAGCTTGG
GCCACCTGTCC: CCACCTGTCCA
GCCACTCCCAC: CCACTCCCACT
GCCACTTTTTT: CCACTTTTTTT
GCCAGACTTGT: CCAGACTTGTG
GCCAGAGTTCG: CCAGAGTTCGT
GCCAGGCTTCC: CCAGGCTTCCC
GCCAGTAGTGA: CCAGTAGTGAA
GCCAGTTCCGA: CCAGTTCCGAT
GCCATAAGGAA: CCATAAGGAAA
GCCATATCGCA: CCATATCGCAA
GCCATCAACTA: CCATCAACTAC
GCCATTGCTCA: CCATTGCTCAA
GCCCACCTCAG: CCCACCTCAGT
GCCCACGCCCG: CCCACGCCCGT
GCCCAGATACA: CCCAGATACAC
GCCCATCGCCA: CCCATCGCCAC
GCCCGTAGCGG: CCCGTAGCGGT
GCCCGTCCGGA: CCCGTCCGGAA
GCCGAGGCTTA: CCGAGGCTTAA
GCCGATCTCTC: CCGATCTCTCT
GCCGCAACCGG: CCGCAACCGGA
GCCGCACAGAG: CCGCACAGAGC
GCCGCAGGGCA: CCGCAGGGCAT
GCCGGCGTTTA: CCGGCGTTTAT
GCCGGGCTAAG: CCGGGCTAAGG
GCCGTCACAAT: CCGTCACAATA
GCCGTCTCATA: CCGTCTCATAA
GCCGTGGCGCA: CCGTGGCGCAA
GCCTATAGGGT: CCTATAGGGTA
GCCTCTGCCGG: CCTCTGCCGGG
GCCTCTGTCCG: CCTCTGTCCGA
GCCTGAATCTC: CCTGAATCTCA
GCCTGATGTGA: CCTGATGTGAT
GCCTGCGGGAT: CCTGCGGGATT
GCCTGGCTTCT: CCTGGCTTCTG
GCGAAGAGCCA: CGAAGAGCCAG
GCGACAGCACG: CGACAGCACGT
GCGACATCCGT: CGACATCCGTC
GCGAGTGGGTC: CGAGTGGGTCA
GCGATAGTGGC: CGATAGTGGCG
GCGATTTACAT: CGATTTACATT
GCGCAAACCAT: CGCAAACCATG
GCGCATCCACA: CGCATCCACAT
GCGCCAATGCA: CGCCAATGCAG
GCGCCATTGCT: CGCCATTGCTC
GCGCCGTCACA: CGCCGTCACAA
GCGGACTCGGG: CGGACTCGGGA
GCGGACTTATG: CGGACTTATGC
GCGGCACAAAG: CGGCACAAAGG
GCGGCACAAGA: CGGCACAAGAA
GCGGGATTATG: CGGGATTATGT
GCGGGGGGAGT: CGGGGGGAGTG
GCGGGTAGCAC: CGGGTAGCACG
GCGGTCATAGT: CGGTCATAGTC
GCGTCAAGCAT: CGTCAAGCATC
GCGTCTCGCCT: CGTCTCGCCTC
GCGTGACGGCC: CGTGACGGCCT
GCGTTATGTGA: CGTTATGTGAT
GCGTTGCCATA: CGTTGCCATAA
GCGTTTATAGG: CGTTTATAGGC
GCTAAGGGCCA: CTAAGGGCCAG
GCTATCTTTGC: CTATCTTTGCG
GCTCAACCTCG: CTCAACCTCGA
GCTCCACGCAT: CTCCACGCATT
GCTCCATATAC: CTCCATATACC
GCTCCCAAAGG: CTCCCAAAGGG
GCTCCCAAGCG: CTCCCAAGCGA
GCTCGAAAGTG: CTCGAAAGTGA
GCTCTGGTACT: CTCTGGTACTC
GCTGAGTCCAG: CTGAGTCCAGC
GCTGATCTTTT: CTGATCTTTTA
GCTGCAACCTC: CTGCAACCTCC
GCTGCCGCAGG: CTGCCGCAGGG
GCTTAATGTGG: CTTAATGTGGC
GCTTACCGACA: CTTACCGACAG
GCTTACGCCGT: CTTACGCCGTC
GCTTCATGGGT: CTTCATGGGTC
GCTTCCCTTAG: CTTCCCTTAGG
GCTTCCTCGTC: CTTCCTCGTCC
GCTTCTGAATT: CTTCTGAATTT
GCTTGAGCACG: CTTGAGCACGA
GCTTGGCCGCA: CTTGGCCGCAA
GCTTGTACGGC: CTTGTACGGCC
GCTTGTTTCAG: CTTGTTTCAGT
GCTTTGAAGAC: CTTTGAAGACA
GCTTTGAGATT: CTTTGAGATTC
GCTTTTCGCGT: CTTTTCGCGTC
GGAAATGAGCG: GAAATGAGCGA
GGAACCCCCGA: GAACCCCCGAT
GGAAGCCTGGC: GAAGCCTGGCT
GGACCTCTGGA: GACCTCTGGAC
GGACGTCTAGC: GACGTCTAGCG
GGACTCGGGAG: GACTCGGGAGG
GGACTTATGCA: GACTTATGCAA
GGACTTTCATA: GACTTTCATAG
GGAGGGTATTG: GAGGGTATTGT
GGAGTAAGACC: GAGTAAGACCT
GGAGTGTATGA: GAGTGTATGAG
GGATAAGTATT: GATAAGTATTA
GGATAGGTTTC: GATAGGTTTCG
GGATCCGTTAA: GATCCGTTAAG
GGATCGCATGT: GATCGCATGTT
GGATGATAGAC: GATGATAGACT
GGATGATAGGC: GATGATAGGCC
GGATGGATGAT: GATGGATGATA
GGATGGCGATA: GATGGCGATAG
GGATGTATTTG: GATGTATTTGT
GGATGTGCAGC: GATGTGCAGCA
GGATTAAAGAC: GATTAAAGACG
GGATTATGTCT: GATTATGTCTC
GGATTCCGGGA: GATTCCGGGAG
GGATTCCTTTT: GATTCCTTTTT
GGCAAACAAGT: GCAAACAAGTA
GGCAAGGTGAA: GCAAGGTGAAC
GGCAATGGTTG: GCAATGGTTGC
GGCACAAAGGC: GCACAAAGGCC
GGCACAAATAC: GCACAAATACT
GGCACAAGAAG: GCACAAGAAGT
GGCACCCTTAG: GCACCCTTAGA
GGCACTTATAC: GCACTTATACT
GGCAGACGACA: GCAGACGACAC
GGCATGCAGAT: GCATGCAGATT
GGCATGTCACT: GCATGTCACTC
GGCCAACACTC: GCCAACACTCC
GGCCAATAACG: GCCAATAACGG
GGCCACCTGTC: GCCACCTGTCC
GGCCAGAGTTC: GCCAGAGTTCG
GGCCAGGCTTC: GCCAGGCTTCC
GGCCAGTAGTG: GCCAGTAGTGA
GGCCGAGGCTT: GCCGAGGCTTA
GGCCGCAACCG: GCCGCAACCGG
GGCCTGAATCT: GCCTGAATCTC
GGCCTGATGTG: GCCTGATGTGA
GGCGATAGTGG: GCGATAGTGGC
GGCGCAAACCA: GCGCAAACCAT
GGCGGACTCGG: GCGGACTCGGG
GGCGGCACAAA: GCGGCACAAAG
GGCGGCACAAG: GCGGCACAAGA
GGCGTGACGGC: GCGTGACGGCC
GGCGTTTATAG: GCGTTTATAGG
GGCTAAGGGCC: GCTAAGGGCCA
GGCTCCATATA: GCTCCATATAC
GGCTCCCAAAG: GCTCCCAAAGG
GGCTCCCAAGC: GCTCCCAAGCG
GGCTGAGTCCA: GCTGAGTCCAG
GGCTGCAACCT: GCTGCAACCTC
GGCTGCCGCAG: GCTGCCGCAGG
GGCTTAATGTG: GCTTAATGTGG
GGCTTCATGGG: GCTTCATGGGT
GGCTTCCCTTA: GCTTCCCTTAG
GGCTTCTGAAT: GCTTCTGAATT
GGCTTGAGCAC: GCTTGAGCACG
GGCTTGTTTCA: GCTTGTTTCAG
GGCTTTTCGCG: GCTTTTCGCGT
GGGAGGGTATT: GGAGGGTATTG
GGGAGTAAGAC: GGAGTAAGACC
GGGAGTGTATG: GGAGTGTATGA
GGGATAAGTAT: GGATAAGTATT
GGGATGATAGG: GGATGATAGGC
GGGATTATGTC: GGATTATGTCT
GGGCAAGGTGA: GGCAAGGTGAA
GGGCACAAATA: GGCACAAATAC
GGGCATGCAGA: GGCATGCAGAT
GGGCATGTCAC: GGCATGTCACT
GGGCCAGGCTT: GGCCAGGCTTC
GGGCCAGTAGT: GGCCAGTAGTG
GGGCTAAGGGC: GGCTAAGGGCC
GGGCTCCCAAA: GGCTCCCAAAG
GGGCTCCCAAG: GGCTCCCAAGC
GGGCTGCAACC: GGCTGCAACCT
GGGCTGCCGCA: GGCTGCCGCAG
GGGCTTGTTTC: GGCTTGTTTCA
GGGGAGTGTAT: GGGAGTGTATG
GGGGCTCCCAA: GGGCTCCCAAG
GGGGCTGCAAC: GGGCTGCAACC
GGGGGAGTGTA: GGGGAGTGTAT
GGGGGGAGTGT: GGGGGAGTGTA
GGGTAATCGTG: GGTAATCGTGT
GGGTAGCACGC: GGTAGCACGCA
GGGTATTGTTC: GGTATTGTTCT
GGGTCACCGGT: GGTCACCGGTG
GGGTCGTTTTT: GGTCGTTTTTA
GGGTCTCCCCT: GGTCTCCCCTT
GGGTGCGGACT: GGTGCGGACTT
GGGTGTGAGTC: GGTGTGAGTCC
GGTAATCGTGT: GTAATCGTGTC
GGTACTCACGG: GTACTCACGGG
GGTAGCAAACA: GTAGCAAACAA
GGTAGCACGCA: GTAGCACGCAC
GGTATTGTTCT: GTATTGTTCTG
GGTCACCGGTG: GTCACCGGTGT
GGTCATAGAGC: GTCATAGAGCA
GGTCATAGTCA: GTCATAGTCAG
GGTCCAAATAC: GTCCAAATACA
GGTCGCCCAGA: GTCGCCCAGAT
GGTCGTTTTTA: GTCGTTTTTAC
GGTCTCCCCTT: GTCTCCCCTTT
GGTGAACGGAT: GTGAACGGATT
GGTGCGACATC: GTGCGACATCC
GGTGCGGACTT: GTGCGGACTTA
GGTGCTATCTT: GTGCTATCTTT
GGTGTGAGTCC: GTGTGAGTCCA
GGTGTGGACCT: GTGTGGACCTC
GGTGTGTTAAA: GTGTGTTAAAG
GGTTATAGCCT: GTTATAGCCTA
GGTTCACTGAC: GTTCACTGACG
GGTTGCTCGAA: GTTGCTCGAAA
GGTTTCGCGAA: GTTTCGCGAAG
GTAACCACTTG: TAACCACTTGC
GTAACCCAACT: TAACCCAACTC
GTAAGAATTCA: TAAGAATTCAA
GTAAGACCTAG: TAAGACCTAGT
GTAATCGTGTC: TAATCGTGTCC
GTAATTGCCCA: TAATTGCCCAT
GTACAAAAGGA: TACAAAAGGAA
GTACACGTCCC: TACACGTCCCA
GTACGGCCAGA: TACGGCCAGAG
GTACTCACGGG: TACTCACGGGT
GTACTTCAGCC: TACTTCAGCCG
GTAGATCGATG: TAGATCGATGC
GTAGCAAACAA: TAGCAAACAAG
GTAGCACGCAC: TAGCACGCACT
GTAGCGGTCAT: TAGCGGTCATA
GTAGGCAAACA: TAGGCAAACAA
GTAGTCACGAC: TAGTCACGACC
GTAGTGAAGCT: TAGTGAAGCTT
GTATGAGGATA: TATGAGGATAG
GTATGCCCACC: TATGCCCACCT
GTATGTGGCGT: TATGTGGCGTG
GTATTAGCAGA: TATTAGCAGAC
GTATTCACGTC: TATTCACGTCG
GTATTGTTCTG: TATTGTTCTGT
GTATTTGTTTT: TATTTGTTTTC
GTCAAGCATCA: TCAAGCATCAT
GTCAAGGCACC: TCAAGGCACCC
GTCACAATAGT: TCACAATAGTG
GTCACCCTTAT: TCACCCTTATC
GTCACCGGTGT: TCACCGGTGTG
GTCACGACCAT: TCACGACCATG
GTCACGCAAAT: TCACGCAAATG
GTCACTCAAAG: TCACTCAAAGG
GTCAGGGATGA: TCAGGGATGAT
GTCATAGAGCA: TCATAGAGCAC
GTCATAGTCAG: TCATAGTCAGG
GTCCAAATACA: TCCAAATACAT
GTCCAGCCGCA: TCCAGCCGCAC
GTCCAGTAACC: TCCAGTAACCA
GTCCATCCAAC: TCCATCCAACC
GTCCCAAGATA: TCCCAAGATAC
GTCCGAGCCCG: TCCGAGCCCGT
GTCCGATAAAG: TCCGATAAAGT
GTCCGCGCCAA: TCCGCGCCAAT
GTCCGGAACCC: TCCGGAACCCC
GTCCGGCTTCA: TCCGGCTTCAT
GTCCGTCACGC: TCCGTCACGCA
GTCCTCAATGC: TCCTCAATGCT
GTCCTTCACAA: TCCTTCACAAT
GTCGCAAAGTG: TCGCAAAGTGC
GTCGCCATCAA: TCGCCATCAAC
GTCGCCCAGAT: TCGCCCAGATA
GTCGGTTCACT: TCGGTTCACTG
GTCGTAGTCAC: TCGTAGTCACG
GTCGTATGTGG: TCGTATGTGGC
GTCGTTCAACG: TCGTTCAACGT
GTCGTTGCGTC: TCGTTGCGTCA
GTCGTTTTTAC: TCGTTTTTACG
GTCTAGCGCCA: TCTAGCGCCAT
GTCTCATAAGA: TCTCATAAGAT
GTCTCCCCTTT: TCTCCCCTTTA
GTCTCGACGTG: TCTCGACGTGT
GTCTCGCCTCT: TCTCGCCTCTG
GTCTCGCTCCA: TCTCGCTCCAC
GTCTGACTCTT: TCTGACTCTTC
GTCTGCTTACG: TCTGCTTACGC
GTCTTCCCTGG: TCTTCCCTGGC
GTGAACGGATT: TGAACGGATTA
GTGAAGCTTTG: TGAAGCTTTGA
GTGACGGCCTG: TGACGGCCTGA
GTGAGAGGGGC: TGAGAGGGGCT
GTGAGCTTACC: TGAGCTTACCG
GTGAGTCCAGT: TGAGTCCAGTA
GTGAGTCGGTT: TGAGTCGGTTC
GTGATGAGCGC: TGATGAGCGCC
GTGATTCATTA: TGATTCATTAC
GTGATTGAACA: TGATTGAACAA
GTGATTTCAAC: TGATTTCAACA
GTGCACAGGGC: TGCACAGGGCT
GTGCAGCACGG: TGCAGCACGGG
GTGCAGGCACT: TGCAGGCACTT
GTGCCAGACTT: TGCCAGACTTG
GTGCGACATCC: TGCGACATCCG
GTGCGGACTTA: TGCGGACTTAT
GTGCTATCTTT: TGCTATCTTTG
GTGGACCTCTG: TGGACCTCTGG
GTGGATCCGTT: TGGATCCGTTA
GTGGCCAACAC: TGGCCAACACT
GTGGCGCAAAC: TGGCGCAAACC
GTGGCGGCACA: TGGCGGCACAA
GTGGCGTGACG: TGGCGTGACGG
GTGGGGCTGCA: TGGGGCTGCAA
GTGGGTCACCG: TGGGTCACCGG
GTGTAAGAATT: TGTAAGAATTC
GTGTACAAAAG: TGTACAAAAGG
GTGTATGAGGA: TGTATGAGGAT
GTGTCCGGCTT: TGTCCGGCTTC
GTGTCCTCAAT: TGTCCTCAATG
GTGTGAGTCCA: TGTGAGTCCAG
GTGTGATTGAA: TGTGATTGAAC
GTGTGGACCTC: TGTGGACCTCT
GTGTGTGATTG: TGTGTGATTGA
GTGTGTTAAAG: TGTGTTAAAGC
GTGTTAAAGCG: TGTTAAAGCGC
GTTAAAGCGCA: TTAAAGCGCAT
GTTAAGCCTCT: TTAAGCCTCTG
GTTAAGCGTTA: TTAAGCGTTAT
GTTACTGGCCA: TTACTGGCCAA
GTTATAGCCTA: TTATAGCCTAT
GTTATGCAAAA: TTATGCAAAAG
GTTATGTGATT: TTATGTGATTT
GTTCAACGTAT: TTCAACGTATG
GTTCACTGACG: TTCACTGACGA
GTTCCGATCAG: TTCCGATCAGT
GTTCGTCGCAA: TTCGTCGCAAA
GTTCGTTGGCA: TTCGTTGGCAG
GTTCTCTATTG: TTCTCTATTGG
GTTCTGTTTAT: TTCTGTTTATG
GTTGATAGGGC: TTGATAGGGCA
GTTGCAGAAAA: TTGCAGAAAAC
GTTGCCATAAG: TTGCCATAAGG
GTTGCGTCAAG: TTGCGTCAAGC
GTTGCTCGAAA: TTGCTCGAAAG
GTTGGCAGACG: TTGGCAGACGA
GTTGTCGTTGC: TTGTCGTTGCG
GTTGTGCAGGC: TTGTGCAGGCA
GTTTATAGGCA: TTTATAGGCAA
GTTTATGTATT: TTTATGTATTC
GTTTCAGTGTA: TTTCAGTGTAA
GTTTCGCGAAG: TTTCGCGAAGA
GTTTGCAACGT: TTTGCAACGTC
GTTTTCAGAAA: TTTTCAGAAAG
GTTTTTACGGA: TTTTTACGGAT
TAAACCTATTC: AAACCTATTCT
TAAAGACGGAT: AAAGACGGATG
TAAAGCGCATC: AAAGCGCATCC
TAAAGTCGTAG: AAAGTCGTAGT
TAAAGTGGGGC: AAAGTGGGGCT
TAACCACTTGC: AACCACTTGCC
TAACCCAACTC: AACCCAACTCG
TAACCCTTCAA: AACCCTTCAAA
TAACGGGTGCG: AACGGGTGCGG
TAAGAATTCAA: AAGAATTCAAG
TAAGACCTAGT: AAGACCTAGTT
TAAGATAACCC: AAGATAACCCT
TAAGCCTCTGT: AAGCCTCTGTC
TAAGCGTTATG: AAGCGTTATGT
TAAGGAAATGA: AAGGAAATGAG
TAAGGGCCAGG: AAGGGCCAGGC
TAAGTATTAGC: AAGTATTAGCA
TAAGTCCGAGC: AAGTCCGAGCC
TAATAGGCCAC: AATAGGCCACC
TAATCGTGTCC: AATCGTGTCCG
TAATGTGGCCA: AATGTGGCCAA
TAATTGCCCAT: AATTGCCCATC
TACAAAAGGAA: ACAAAAGGAAG
TACACCGGGCA: ACACCGGGCAC
TACACGTCCCA: ACACGTCCCAA
TACACTTACAC: ACACTTACACC
TACAGAGATAG: ACAGAGATAGG
TACATCATTAT: ACATCATTATA
TACATCTTCGT: ACATCTTCGTT
TACATTTCGTC: ACATTTCGTCC
TACCATTTCAG: ACCATTTCAGG
TACCCTCTTTG: ACCCTCTTTGA
TACCGACAGGT: ACCGACAGGTA
TACCGGACGTC: ACCGGACGTCT
TACGCCGTCTC: ACGCCGTCTCA
TACGGATGTGC: ACGGATGTGCA
TACGGCCAGAG: ACGGCCAGAGT
TACGTTGATAG: ACGTTGATAGG
TACTAAGTCCG: ACTAAGTCCGA
TACTACTAAGT: ACTACTAAGTC
TACTATGTCTC: ACTATGTCTCG
TACTCACGGGT: ACTCACGGGTG
TACTGCTTTGA: ACTGCTTTGAA
TACTGGCCAAT: ACTGGCCAATA
TACTGTCGTAT: ACTGTCGTATG
TACTTCAGCCG: ACTTCAGCCGG
TAGACTACCGG: AGACTACCGGA
TAGAGCACAAG: AGAGCACAAGA
TAGATATAAAC: AGATATAAACC
TAGATCGATGC: AGATCGATGCT
TAGCAAACAAG: AGCAAACAAGC
TAGCACGCACT: AGCACGCACTA
TAGCAGACGTC: AGCAGACGTCA
TAGCCACTCCC: AGCCACTCCCA
TAGCCTATAGG: AGCCTATAGGG
TAGCGCCATTG: AGCGCCATTGC
TAGCGGTCATA: AGCGGTCATAG
TAGGATTCCGG: AGGATTCCGGG
TAGGATTCCTT: AGGATTCCTTT
TAGGCAAACAA: AGGCAAACAAG
TAGGCAATGGT: AGGCAATGGTT
TAGGCCACCTG: AGGCCACCTGT
TAGGCCGAGGC: AGGCCGAGGCT
TAGGCTCCATA: AGGCTCCATAT
TAGGGCATGCA: AGGGCATGCAG
TAGGGTAATCG: AGGGTAATCGT
TAGGTCATAGA: AGGTCATAGAG
TAGGTTATAGC: AGGTTATAGCC
TAGGTTTCGCG: AGGTTTCGCGA
TAGTCACGACC: AGTCACGACCA
TAGTCAGGGAT: AGTCAGGGATG
TAGTCTGACTC: AGTCTGACTCT
TAGTGAAGCTT: AGTGAAGCTTT
TAGTGCCAGAC: AGTGCCAGACT
TAGTGGCGGCA: AGTGGCGGCAC
TAGTTACTGGC: AGTTACTGGCC
TATAAACCTAT: ATAAACCTATT
TATACAGAGAT: ATACAGAGATA
TATACCATTTC: ATACCATTTCA
TATACTATGTC: ATACTATGTCT
TATAGCCACTC: ATAGCCACTCC
TATAGCCTATA: ATAGCCTATAG
TATAGGCAATG: ATAGGCAATGG
TATAGGGTAAT: ATAGGGTAATC
TATAGGTCATA: ATAGGTCATAG
TATATAGGTCA: ATATAGGTCAT
TATCAATGAAT: ATCAATGAATC
TATCGCAAAAA: ATCGCAAAAAA
TATCTTTGCGA: ATCTTTGCGAC
TATGAGGATAG: ATGAGGATAGG
TATGCAAAAGT: ATGCAAAAGTT
TATGCAAACTT: ATGCAAACTTG
TATGCACGACC: ATGCACGACCC
TATGCCCACCT: ATGCCCACCTC
TATGTATTCAC: ATGTATTCACG
TATGTCTCGAC: ATGTCTCGACG
TATGTCTCGCT: ATGTCTCGCTC
TATGTGAGCTT: ATGTGAGCTTA
TATGTGATTTC: ATGTGATTTCA
TATGTGGCGTG: ATGTGGCGTGA
TATTAGCAGAC: ATTAGCAGACG
TATTCACGTCG: ATTCACGTCGT
TATTCTTCAGG: ATTCTTCAGGT
TATTGGTGTGT: ATTGGTGTGTT
TATTGTTCTGT: ATTGTTCTGTT
TATTTGTAGGC: ATTTGTAGGCA
TATTTGTTTTC: ATTTGTTTTCA
TCAAACTTTTG: CAAACTTTTGT
TCAAAGGGATA: CAAAGGGATAA
TCAAATTTACT: CAAATTTACTG
TCAACACTCTG: CAACACTCTGA
TCAACCTCGAT: CAACCTCGATG
TCAACGTATGC: CAACGTATGCC
TCAACTACATC: CAACTACATCA
TCAAGCATCAT: CAAGCATCATT
TCAAGGCACCC: CAAGGCACCCT
TCAAGGCTTGA: CAAGGCTTGAG
TCAATGAATCC: CAATGAATCCA
TCAATGCTTCC: CAATGCTTCCT
TCACAATAGTG: CACAATAGTGC
TCACAATTCTT: CACAATTCTTC
TCACCCTTATC: CACCCTTATCA
TCACCGGTGTG: CACCGGTGTGG
TCACGACCATG: CACGACCATGG
TCACGCAAATG: CACGCAAATGG
TCACGGGTGTG: CACGGGTGTGA
TCACGTCGTTC: CACGTCGTTCA
TCACTCAAAGG: CACTCAAAGGG
TCACTGACGAG: CACTGACGAGG
TCACTGCTTGT: CACTGCTTGTA
TCAGAAAGTGA: CAGAAAGTGAT
TCAGCCGGCGT: CAGCCGGCGTT
TCAGGATCGCA: CAGGATCGCAT
TCAGGGATGAT: CAGGGATGATA
TCAGGGCAAGG: CAGGGCAAGGT
TCAGGTCCAAA: CAGGTCCAAAT
TCAGTGAGTCG: CAGTGAGTCGG
TCAGTGTAAGA: CAGTGTAAGAA
TCAGTTCGTCG: CAGTTCGTCGC
TCATAAGATAA: CATAAGATAAC
TCATAGAGCAC: CATAGAGCACA
TCATAGGATTC: CATAGGATTCC
TCATAGTCAGG: CATAGTCAGGG
TCATGGGTCGT: CATGGGTCGTT
TCATTACGTTG: CATTACGTTGA
TCATTATAGCC: CATTATAGCCA
TCATTGCCTGC: CATTGCCTGCG
TCCAAATACAT: CCAAATACATC
TCCAACCGTTA: CCAACCGTTAT
TCCACATGCCC: CCACATGCCCA
TCCACGCATTA: CCACGCATTAT
TCCAGATAATA: CCAGATAATAG
TCCAGCCATAT: CCAGCCATATC
TCCAGCCGCAC: CCAGCCGCACA
TCCAGTAACCA: CCAGTAACCAC
TCCATATACCA: CCATATACCAT
TCCATCCAACC: CCATCCAACCG
TCCCAAAGGGT: CCCAAAGGGTC
TCCCAAGATAC: CCCAAGATACT
TCCCAAGCGAG: CCCAAGCGAGT
TCCCACTTATA: CCCACTTATAC
TCCCCTTTATT: CCCCTTTATTT
TCCCTGGCGGC: CCCTGGCGGCA
TCCCTTAGGCT: CCCTTAGGCTC
TCCGAGCCCGT: CCGAGCCCGTC
TCCGATAAAGT: CCGATAAAGTC
TCCGATCAGTG: CCGATCAGTGA
TCCGCGCCAAT: CCGCGCCAATG
TCCGGAACCCC: CCGGAACCCCC
TCCGGCTTCAT: CCGGCTTCATG
TCCGGGAGTAA: CCGGGAGTAAG
TCCGTCACGCA: CCGTCACGCAA
TCCGTCGCCAT: CCGTCGCCATC
TCCGTTAAGCC: CCGTTAAGCCT
TCCTCAATGCT: CCTCAATGCTT
TCCTCGTCCGT: CCTCGTCCGTC
TCCTGGATGTA: CCTGGATGTAT
TCCTTCACAAT: CCTTCACAATT
TCCTTTTTATA: CCTTTTTATAT
TCGAAAGTGAG: CGAAAGTGAGA
TCGACCCCTGT: CGACCCCTGTG
TCGACGTGTAC: CGACGTGTACA
TCGATGCTCTG: CGATGCTCTGG
TCGATGCTGAT: CGATGCTGATC
TCGCAAAAAAT: CGCAAAAAATC
TCGCAAAGTGC: CGCAAAGTGCA
TCGCATGTTGC: CGCATGTTGCA
TCGCCACAGCT: CGCCACAGCTT
TCGCCATCAAC: CGCCATCAACT
TCGCCCAGATA: CGCCCAGATAC
TCGCCTCTGCC: CGCCTCTGCCG
TCGCGAAGAGC: CGCGAAGAGCC
TCGCGTCTCGC: CGCGTCTCGCC
TCGCTCCACGC: CGCTCCACGCA
TCGGGAGGGTA: CGGGAGGGTAT
TCGGTTCACTG: CGGTTCACTGA
TCGTAGTCACG: CGTAGTCACGA
TCGTATGTGGC: CGTATGTGGCG
TCGTCCGCGCC: CGTCCGCGCCA
TCGTCCGTCAC: CGTCCGTCACG
TCGTCGCAAAG: CGTCGCAAAGT
TCGTGGATCCG: CGTGGATCCGT
TCGTGTCCGGC: CGTGTCCGGCT
TCGTTAAGCGT: CGTTAAGCGTT
TCGTTCAACGT: CGTTCAACGTA
TCGTTGCGTCA: CGTTGCGTCAA
TCGTTGGCAGA: CGTTGGCAGAC
TCGTTGTCGTT: CGTTGTCGTTG
TCGTTTGCAAC: CGTTTGCAACG
TCGTTTTTACG: CGTTTTTACGG
TCTAGCGCCAT: CTAGCGCCATT
TCTAGGATTCC: CTAGGATTCCG
TCTATTGGTGT: CTATTGGTGTG
TCTCAAACTTT: CTCAAACTTTT
TCTCATAAGAT: CTCATAAGATA
TCTCCCCTTTA: CTCCCCTTTAT
TCTCGACGTGT: CTCGACGTGTA
TCTCGCCTCTG: CTCGCCTCTGC
TCTCGCTCCAC: CTCGCTCCACG
TCTCTAGGATT: CTCTAGGATTC
TCTCTATTGGT: CTCTATTGGTG
TCTCTCTTGCC: CTCTCTTGCCG
TCTCTTGCCGT: CTCTTGCCGTG
TCTGAATTTTA: CTGAATTTTAC
TCTGACTCTTC: CTGACTCTTCT
TCTGAGTACTT: CTGAGTACTTC
TCTGCCGGGCT: CTGCCGGGCTA
TCTGCTTACGC: CTGCTTACGCC
TCTGGACTTTC: CTGGACTTTCA
TCTGGTACTCA: CTGGTACTCAC
TCTGTCCGATA: CTGTCCGATAA
TCTGTTTATGT: CTGTTTATGTA
TCTTCAGGGCA: CTTCAGGGCAA
TCTTCAGGTCC: CTTCAGGTCCA
TCTTCCCTGGC: CTTCCCTGGCG
TCTTCGTTGTC: CTTCGTTGTCG
TCTTCTCTAGG: CTTCTCTAGGA
TCTTGCCGTGG: CTTGCCGTGGC
TCTTTGAGTCT: CTTTGAGTCTT
TCTTTGCGACA: CTTTGCGACAG
TCTTTTATGCA: CTTTTATGCAC
TGAAAACAGCG: GAAAACAGCGG
TGAACAAGTTC: GAACAAGTTCT
TGAACGGATTA: GAACGGATTAA
TGAAGACACCC: GAAGACACCCG
TGAAGCTTTGA: GAAGCTTTGAG
TGAATCCAGAT: GAATCCAGATA
TGAATCTCAAA: GAATCTCAAAC
TGAATTTTACC: GAATTTTACCC
TGACGAGGTGC: GACGAGGTGCT
TGACGGCCTGA: GACGGCCTGAT
TGACTCTTCTC: GACTCTTCTCT
TGAGAAGCGGG: GAGAAGCGGGG
TGAGAGGGGCT: GAGAGGGGCTC
TGAGATTCGTG: GAGATTCGTGG
TGAGCACGAAC: GAGCACGAACT
TGAGCGATTTA: GAGCGATTTAC
TGAGCGCCGTC: GAGCGCCGTCA
TGAGCTTACCG: GAGCTTACCGA
TGAGGATAGGT: GAGGATAGGTT
TGAGTACTTCA: GAGTACTTCAG
TGAGTCCAGCC: GAGTCCAGCCG
TGAGTCCAGTA: GAGTCCAGTAA
TGAGTCGGTTC: GAGTCGGTTCA
TGAGTCTTCCC: GAGTCTTCCCT
TGATAGACTAC: GATAGACTACC
TGATAGGCCGA: GATAGGCCGAG
TGATAGGGCAT: GATAGGGCATG
TGATCTTTTAT: GATCTTTTATG
TGATGAGCGCC: GATGAGCGCCG
TGATGTGATTC: GATGTGATTCA
TGATTCATTAC: GATTCATTACG
TGATTGAACAA: GATTGAACAAG
TGATTTCAACA: GATTTCAACAC
TGCAAAAGTTG: GCAAAAGTTGT
TGCAAACTTGG: GCAAACTTGGC
TGCAACCTCCA: GCAACCTCCAG
TGCAACGTCTG: GCAACGTCTGC
TGCACAGGGCT: GCACAGGGCTT
TGCACGACCCG: GCACGACCCGT
TGCAGAAAACG: GCAGAAAACGT
TGCAGATTGAA: GCAGATTGAAA
TGCAGCACGGG: GCAGCACGGGC
TGCAGGCACTT: GCAGGCACTTA
TGCAGGTCGCC: GCAGGTCGCCC
TGCCAGACTTG: GCCAGACTTGT
TGCCATAAGGA: GCCATAAGGAA
TGCCCACCTCA: GCCCACCTCAG
TGCCCACGCCC: GCCCACGCCCG
TGCCCATCGCC: GCCCATCGCCA
TGCCGATCTCT: GCCGATCTCTC
TGCCGCAGGGC: GCCGCAGGGCA
TGCCGGGCTAA: GCCGGGCTAAG
TGCCGTGGCGC: GCCGTGGCGCA
TGCCTGCGGGA: GCCTGCGGGAT
TGCGACAGCAC: GCGACAGCACG
TGCGACATCCG: GCGACATCCGT
TGCGGACTTAT: GCGGACTTATG
TGCGGGATTAT: GCGGGATTATG
TGCGTCAAGCA: GCGTCAAGCAT
TGCTATCTTTG: GCTATCTTTGC
TGCTCAACCTC: GCTCAACCTCG
TGCTCGAAAGT: GCTCGAAAGTG
TGCTCTGGTAC: GCTCTGGTACT
TGCTGATCTTT: GCTGATCTTTT
TGCTTACGCCG: GCTTACGCCGT
TGCTTCCTCGT: GCTTCCTCGTC
TGCTTGTACGG: GCTTGTACGGC
TGCTTTGAAGA: GCTTTGAAGAC
TGGACCTCTGG: GGACCTCTGGA
TGGACTTTCAT: GGACTTTCATA
TGGATCCGTTA: GGATCCGTTAA
TGGATGATAGA: GGATGATAGAC
TGGATGTATTT: GGATGTATTTG
TGGCAGACGAC: GGCAGACGACA
TGGCCAACACT: GGCCAACACTC
TGGCCAATAAC: GGCCAATAACG
TGGCCGCAACC: GGCCGCAACCG
TGGCGATAGTG: GGCGATAGTGG
TGGCGCAAACC: GGCGCAAACCA
TGGCGGACTCG: GGCGGACTCGG
TGGCGGCACAA: GGCGGCACAAA GGCGGCACAAG
TGGCGTGACGG: GGCGTGACGGC
TGGCTGAGTCC: GGCTGAGTCCA
TGGCTTCTGAA: GGCTTCTGAAT
TGGCTTTTCGC: GGCTTTTCGCG
TGGGGCTGCAA: GGGGCTGCAAC
TGGGTCACCGG: GGGTCACCGGT
TGGGTCGTTTT: GGGTCGTTTTT
TGGTACTCACG: GGTACTCACGG
TGGTGCGACAT: GGTGCGACATC
TGGTGTGTTAA: GGTGTGTTAAA
TGGTTGCTCGA: GGTTGCTCGAA
TGTAACCCAAC: GTAACCCAACT
TGTAAGAATTC: GTAAGAATTCA
TGTACAAAAGG: GTACAAAAGGA
TGTACACGTCC: GTACACGTCCC
TGTACGGCCAG: GTACGGCCAGA
TGTAGGCAAAC: GTAGGCAAACA
TGTATGAGGAT: GTATGAGGATA
TGTATTCACGT: GTATTCACGTC
TGTATTTGTTT: GTATTTGTTTT
TGTCACTCAAA: GTCACTCAAAG
TGTCCATCCAA: GTCCATCCAAC
TGTCCGATAAA: GTCCGATAAAG
TGTCCGGCTTC: GTCCGGCTTCA
TGTCCTCAATG: GTCCTCAATGC
TGTCGTATGTG: GTCGTATGTGG
TGTCGTTGCGT: GTCGTTGCGTC
TGTCTCGACGT: GTCTCGACGTG
TGTCTCGCTCC: GTCTCGCTCCA
TGTGAGCTTAC: GTGAGCTTACC
TGTGAGTCCAG: GTGAGTCCAGT
TGTGATTCATT: GTGATTCATTA
TGTGATTGAAC: GTGATTGAACA
TGTGATTTCAA: GTGATTTCAAC
TGTGCAGCACG: GTGCAGCACGG
TGTGCAGGCAC: GTGCAGGCACT
TGTGGACCTCT: GTGGACCTCTG
TGTGGCCAACA: GTGGCCAACAC
TGTGGCGTGAC: GTGGCGTGACG
TGTGTCCTCAA: GTGTCCTCAAT
TGTGTGATTGA: GTGTGATTGAA
TGTGTTAAAGC: GTGTTAAAGCG
TGTTAAAGCGC: GTTAAAGCGCA
TGTTCTGTTTA: GTTCTGTTTAT
TGTTGCAGAAA: GTTGCAGAAAA
TGTTTATGTAT: GTTTATGTATT
TGTTTCAGTGT: GTTTCAGTGTA
TGTTTTCAGAA: GTTTTCAGAAA
TTAAAGACGGA: TAAAGACGGAT
TTAAAGCGCAT: TAAAGCGCATC
TTAAGCCTCTG: TAAGCCTCTGT
TTAAGCGTTAT: TAAGCGTTATG
TTAATGTGGCC: TAATGTGGCCA
TTACACCGGGC: TACACCGGGCA
TTACATTTCGT: TACATTTCGTC
TTACCCTCTTT: TACCCTCTTTG
TTACCGACAGG: TACCGACAGGT
TTACGCCGTCT: TACGCCGTCTC
TTACGGATGTG: TACGGATGTGC
TTACGTTGATA: TACGTTGATAG
TTACTGCTTTG: TACTGCTTTGA
TTACTGGCCAA: TACTGGCCAAT
TTAGATATAAA: TAGATATAAAC
TTAGCAGACGT: TAGCAGACGTC
TTAGGCTCCAT: TAGGCTCCATA
TTATACAGAGA: TATACAGAGAT
TTATACTATGT: TATACTATGTC
TTATAGCCACT: TATAGCCACTC
TTATAGCCTAT: TATAGCCTATA
TTATAGGCAAT: TATAGGCAATG
TTATATAGGTC: TATATAGGTCA
TTATCAATGAA: TATCAATGAAT
TTATGCAAAAG: TATGCAAAAGT
TTATGCAAACT: TATGCAAACTT
TTATGCACGAC: TATGCACGACC
TTATGTATTCA: TATGTATTCAC
TTATGTCTCGC: TATGTCTCGCT
TTATGTGAGCT: TATGTGAGCTT
TTATGTGATTT: TATGTGATTTC
TTATTTGTAGG: TATTTGTAGGC
TTCAAATTTAC: TCAAATTTACT
TTCAACACTCT: TCAACACTCTG
TTCAACGTATG: TCAACGTATGC
TTCAAGGCTTG: TCAAGGCTTGA
TTCACAATTCT: TCACAATTCTT
TTCACGTCGTT: TCACGTCGTTC
TTCACTGACGA: TCACTGACGAG
TTCAGAAAGTG: TCAGAAAGTGA
TTCAGCCGGCG: TCAGCCGGCGT
TTCAGGATCGC: TCAGGATCGCA
TTCAGGGCAAG: TCAGGGCAAGG
TTCAGGTCCAA: TCAGGTCCAAA
TTCAGTGTAAG: TCAGTGTAAGA
TTCATAGGATT: TCATAGGATTC
TTCATGGGTCG: TCATGGGTCGT
TTCATTACGTT: TCATTACGTTG
TTCCCTGGCGG: TCCCTGGCGGC
TTCCCTTAGGC: TCCCTTAGGCT
TTCCGATCAGT: TCCGATCAGTG
TTCCGGGAGTA: TCCGGGAGTAA
TTCCTCGTCCG: TCCTCGTCCGT
TTCCTTTTTAT: TCCTTTTTATA
TTCGCGAAGAG: TCGCGAAGAGC
TTCGCGTCTCG: TCGCGTCTCGC
TTCGTCCGCGC: TCGTCCGCGCC
TTCGTCGCAAA: TCGTCGCAAAG
TTCGTGGATCC: TCGTGGATCCG
TTCGTTGGCAG: TCGTTGGCAGA
TTCGTTGTCGT: TCGTTGTCGTT
TTCTCTAGGAT: TCTCTAGGATT
TTCTCTATTGG: TCTCTATTGGT
TTCTGAATTTT: TCTGAATTTTA
TTCTGTTTATG: TCTGTTTATGT
TTCTTCAGGGC: TCTTCAGGGCA
TTCTTCAGGTC: TCTTCAGGTCC
TTGAAAACAGC: TGAAAACAGCG
TTGAACAAGTT: TGAACAAGTTC
TTGAAGACACC: TGAAGACACCC
TTGAGAAGCGG: TGAGAAGCGGG
TTGAGATTCGT: TGAGATTCGTG
TTGAGCACGAA: TGAGCACGAAC
TTGAGTCTTCC: TGAGTCTTCCC
TTGATAGGGCA: TGATAGGGCAT
TTGCAACGTCT: TGCAACGTCTG
TTGCAGAAAAC: TGCAGAAAACG
TTGCCATAAGG: TGCCATAAGGA
TTGCCCATCGC: TGCCCATCGCC
TTGCCGATCTC: TGCCGATCTCT
TTGCCGTGGCG: TGCCGTGGCGC
TTGCCTGCGGG: TGCCTGCGGGA
TTGCGACAGCA: TGCGACAGCAC
TTGCGTCAAGC: TGCGTCAAGCA
TTGCTCAACCT: TGCTCAACCTC
TTGCTCGAAAG: TGCTCGAAAGT
TTGGCAGACGA: TGGCAGACGAC
TTGGCCGCAAC: TGGCCGCAACC
TTGGCTGAGTC: TGGCTGAGTCC
TTGGTGTGTTA: TGGTGTGTTAA
TTGTACACGTC: TGTACACGTCC
TTGTACGGCCA: TGTACGGCCAG
TTGTAGGCAAA: TGTAGGCAAAC
TTGTCGTTGCG: TGTCGTTGCGT
TTGTGCAGGCA: TGTGCAGGCAC
TTGTGTCCTCA: TGTGTCCTCAA
TTGTTCTGTTT: TGTTCTGTTTA
TTGTTTCAGTG: TGTTTCAGTGT
TTGTTTTCAGA: TGTTTTCAGAA
TTTACATTTCG: TTACATTTCGT
TTTACCCTCTT: TTACCCTCTTT
TTTACGGATGT: TTACGGATGTG
TTTACTGCTTT: TTACTGCTTTG
TTTATAGGCAA: TTATAGGCAAT
TTTATATAGGT: TTATATAGGTC
TTTATGCACGA: TTATGCACGAC
TTTATGTATTC: TTATGTATTCA
TTTATTTGTAG: TTATTTGTAGG
TTTCAACACTC: TTCAACACTCT
TTTCAGAAAGT: TTCAGAAAGTG
TTTCAGGATCG: TTCAGGATCGC
TTTCAGTGTAA: TTCAGTGTAAG
TTTCATAGGAT: TTCATAGGATT
TTTCGCGAAGA: TTCGCGAAGAG
TTTCGCGTCTC: TTCGCGTCTCG
TTTCGTCCGCG: TTCGTCCGCGC
TTTGAAGACAC: TTGAAGACACC
TTTGAGAAGCG: TTGAGAAGCGG
TTTGAGATTCG: TTGAGATTCGT
TTTGAGTCTTC: TTGAGTCTTCC
TTTGCAACGTC: TTGCAACGTCT
TTTGCGACAGC: TTGCGACAGCA
TTTGTACACGT: TTGTACACGTC
TTTGTAGGCAA: TTGTAGGCAAA
TTTGTTTTCAG: TTGTTTTCAGA
TTTTACCCTCT: TTTACCCTCTT
TTTTACGGATG: TTTACGGATGT
TTTTATATAGG: TTTATATAGGT
TTTTATGCACG: TTTATGCACGA
TTTTCAGAAAG: TTTCAGAAAGT
TTTTCGCGTCT: TTTCGCGTCTC
TTTTGAGAAGC: TTTGAGAAGCG
TTTTGTACACG: TTTGTACACGT
TTTTTACGGAT: TTTTACGGATG
TTTTTATATAG: TTTTATATAGG
TTTTTGAGAAG: TTTTGAGAAGC
TTTTTTGAGAA: TTTTTGAGAAG
TTTTTTTGAGA: TTTTTTGAGAA
