AAAAAACTAGCCCTTTCGC: AAAAACTAGCCCTTTCGCA
AAAAACTAGCCCTTTCGCA: AAAACTAGCCCTTTCGCAC
AAAAAGCCAAACGCATTTG: AAAAGCCAAACGCATTTGC
AAAAAGTACCCTCCCTAGT: AAAAGTACCCTCCCTAGTG
AAAAATAACCGAGAGACCG: AAAATAACCGAGAGACCGT
AAAACCATCCTCCATCCGC: AAACCATCCTCCATCCGCG
AAAACGATCAGTCTCCGAT: AAACGATCAGTCTCCGATC
AAAACTAGCCCTTTCGCAC: AAACTAGCCCTTTCGCACG
AAAAGAACAATAGAATGGA: AAAGAACAATAGAATGGAA
AAAAGCCAAACGCATTTGC: AAAGCCAAACGCATTTGCG
AAAAGTACCCTCCCTAGTG: AAAGTACCCTCCCTAGTGG
AAAATAACCGAGAGACCGT: AAATAACCGAGAGACCGTG
AAAATCAGGTCGTATCCAA: AAATCAGGTCGTATCCAAC
AAAATGTACGACAAGAGAG: AAATGTACGACAAGAGAGC
AAAATTCACCAGGCTTGCA: AAATTCACCAGGCTTGCAA
AAACCATCCTCCATCCGCG: AACCATCCTCCATCCGCGC
AAACGATCAGTCTCCGATC: AACGATCAGTCTCCGATCC
AAACGCATTTGCGAGACCT: AACGCATTTGCGAGACCTA
AAACTAGCCCTTTCGCACG: AACTAGCCCTTTCGCACGA
AAACTTGATGGATCTGTTC: AACTTGATGGATCTGTTCC
AAAGAACAATAGAATGGAA: AAGAACAATAGAATGGAAA
AAAGCCAAACGCATTTGCG: AAGCCAAACGCATTTGCGA
AAAGCCCTAGCGGTACATC: AAGCCCTAGCGGTACATCA
AAAGCGGAAATCAATTCGA: AAGCGGAAATCAATTCGAG
AAAGCTACAAATTTCCTCA: AAGCTACAAATTTCCTCAA
AAAGGCTGCTGGCGGTAAT: AAGGCTGCTGGCGGTAATT
AAAGGTGCCTCGTGACCTT: AAGGTGCCTCGTGACCTTC
AAAGTACCCTCCCTAGTGG: AAGTACCCTCCCTAGTGGC
AAAGTCCAATGTCTTGCAA: AAGTCCAATGTCTTGCAAT
AAAGTCGTAGAAAACGATC: AAGTCGTAGAAAACGATCA
AAAGTGGTATGAAGTCTCA: AAGTGGTATGAAGTCTCAC
AAAGTTATAATGCGGGTCG: AAGTTATAATGCGGGTCGA
AAATAACCGAGAGACCGTG: AATAACCGAGAGACCGTGC
AAATACAGGCCACCGTGAC: AATACAGGCCACCGTGACT
AAATACTGTTAGGTCGTAT: AATACTGTTAGGTCGTATC
AAATAGATGGCTAGGCGTT: AATAGATGGCTAGGCGTTT
AAATCAATTCGAGAAGTAT: AATCAATTCGAGAAGTATC
AAATCAGGTCGTATCCAAC: AATCAGGTCGTATCCAACC
AAATCCCGGCCCAGTTCCA: AATCCCGGCCCAGTTCCAT
AAATGTACGACAAGAGAGC: AATGTACGACAAGAGAGCG
AAATGTATTGGGATTTGGC: AATGTATTGGGATTTGGCA
AAATGTTCGGGGAGGCGTT: AATGTTCGGGGAGGCGTTC
AAATTCACCAGGCTTGCAA: AATTCACCAGGCTTGCAAT
AAATTTCCTCAAGTCATCT: AATTTCCTCAAGTCATCTC
AACAATAGAATGGAAATGT: ACAATAGAATGGAAATGTA
AACACGATTTGATACCGCG: ACACGATTTGATACCGCGA
AACAGCACCCGGATATTCT: ACAGCACCCGGATATTCTT
AACATATAGAATCCGCGGG: ACATATAGAATCCGCGGGG
AACATCTACTTATGACGTT: ACATCTACTTATGACGTTA
AACATTGGGTGCTGCTCGC: ACATTGGGTGCTGCTCGCA
AACCATAAAATCAGGTCGT: ACCATAAAATCAGGTCGTA
AACCATCCTCCATCCGCGC: ACCATCCTCCATCCGCGCT
AACCATCGTAGTGAGCGCA: ACCATCGTAGTGAGCGCAG
AACCGAATACACTATATCC: ACCGAATACACTATATCCA
AACCGAATATTATCACATT: ACCGAATATTATCACATTC
AACCGAATCAACTGCAGAC: ACCGAATCAACTGCAGACT
AACCGAATGCCACCGAAAG: ACCGAATGCCACCGAAAGT
AACCGAATTGCGTAATCGT: ACCGAATTGCGTAATCGTA
AACCGAGAGACCGTGCTGA: ACCGAGAGACCGTGCTGAA
AACCGGGTGGATCGCTAGT: ACCGGGTGGATCGCTAGTC
AACCTGGACCATACCCTCG: ACCTGGACCATACCCTCGG
AACGATCAGTCTCCGATCC: ACGATCAGTCTCCGATCCT
AACGATCCCTATGGCTCAA: ACGATCCCTATGGCTCAAA
AACGCATTTGCGAGACCTA: ACGCATTTGCGAGACCTAA
AACTAGCCCTTTCGCACGA: ACTAGCCCTTTCGCACGAG
AACTCCCTGTGTACCTCTT: ACTCCCTGTGTACCTCTTG
AACTCTAAAGCGGAAATCA: ACTCTAAAGCGGAAATCAA
AACTGCAGACTTCGCTTTG: ACTGCAGACTTCGCTTTGC
AACTTCAGCCTCCTACCTC: ACTTCAGCCTCCTACCTCC
AACTTGATGGATCTGTTCC: ACTTGATGGATCTGTTCCC
AAGAACAATAGAATGGAAA: AGAACAATAGAATGGAAAT
AAGAACATTGGGTGCTGCT: AGAACATTGGGTGCTGCTC
AAGAAGGCCTTAAAAAGTA: AGAAGGCCTTAAAAAGTAC
AAGAAGTTCGACCAGGTGC: AGAAGTTCGACCAGGTGCA
AAGAATTACGCCCTCGTGT: AGAATTACGCCCTCGTGTG
AAGACCTGCAAGTTGGCTC: AGACCTGCAAGTTGGCTCA
AAGAGAGCGCTGGGAACAT: AGAGAGCGCTGGGAACATC
AAGAGGGGGGGACCTCTGG: AGAGGGGGGGACCTCTGGT
AAGCAACTCTAAAGCGGAA: AGCAACTCTAAAGCGGAAA
AAGCAATAAGAATTACGCC: AGCAATAAGAATTACGCCC
AAGCCAAACGCATTTGCGA: AGCCAAACGCATTTGCGAG
AAGCCCTAGCGGTACATCA: AGCCCTAGCGGTACATCAA
AAGCGGAAATCAATTCGAG: AGCGGAAATCAATTCGAGA
AAGCTACAAATTTCCTCAA: AGCTACAAATTTCCTCAAG
AAGCTATGAGCAGTGTCAA: AGCTATGAGCAGTGTCAAA
AAGCTCTTTGCAACAGCAC: AGCTCTTTGCAACAGCACC
AAGCTGTAGGCAGTCTTCA: AGCTGTAGGCAGTCTTCAT
AAGGAGATCAGGCATATCG: AGGAGATCAGGCATATCGT
AAGGATGTCGTGCACGTCT: AGGATGTCGTGCACGTCTG
AAGGCCCGCATGTTGTGCC: AGGCCCGCATGTTGTGCCA
AAGGCCTTAAAAAGTACCC: AGGCCTTAAAAAGTACCCT
AAGGCGTGCATATTCTTTC: AGGCGTGCATATTCTTTCA
AAGGCTGCTGGCGGTAATT: AGGCTGCTGGCGGTAATTT
AAGGGGCTGTCCCTGTTCC: AGGGGCTGTCCCTGTTCCG
AAGGTCGCTGACCCGTTCG: AGGTCGCTGACCCGTTCGT
AAGGTGCCTCGTGACCTTC: AGGTGCCTCGTGACCTTCA
AAGTACCCTCCCTAGTGGC: AGTACCCTCCCTAGTGGCC
AAGTATCGCTCAAATCCCG: AGTATCGCTCAAATCCCGG
AAGTCATCTCAGACCGGTA: AGTCATCTCAGACCGGTAT
AAGTCCAATGTCTTGCAAT: AGTCCAATGTCTTGCAATT
AAGTCGCTGCTTCAGAACC: AGTCGCTGCTTCAGAACCT
AAGTCGTAGAAAACGATCA: AGTCGTAGAAAACGATCAG
AAGTCTCACATCATCTTTT: AGTCTCACATCATCTTTTA
AAGTGGTATGAAGTCTCAC: AGTGGTATGAAGTCTCACA
AAGTTATAATGCGGGTCGA: AGTTATAATGCGGGTCGAC
AAGTTCGACCAGGTGCAAA: AGTTCGACCAGGTGCAAAA
AAGTTCGTCGATACCTATG: AGTTCGTCGATACCTATGT
AAGTTGGCTCAACATATAG: AGTTGGCTCAACATATAGA
AATAACCGAGAGACCGTGC: ATAACCGAGAGACCGTGCT
AATAAGAATTACGCCCTCG: ATAAGAATTACGCCCTCGT
AATAAGAGGGGGGGACCTC: ATAAGAGGGGGGGACCTCT
AATAAGGTCGCTGACCCGT: ATAAGGTCGCTGACCCGTT
AATACAAGCAATAAGAATT: ATACAAGCAATAAGAATTA
AATACACTATATCCACCAC: ATACACTATATCCACCACC
AATACAGGCCACCGTGACT: ATACAGGCCACCGTGACTT
AATACTGTTAGGTCGTATC: ATACTGTTAGGTCGTATCC
AATAGAATGGAAATGTATT: ATAGAATGGAAATGTATTG
AATAGATGGCTAGGCGTTT: ATAGATGGCTAGGCGTTTT
AATAGTTTACTCGTTTAAT: ATAGTTTACTCGTTTAATA
AATATTATCACATTCGAGG: ATATTATCACATTCGAGGT
AATCAACTGCAGACTTCGC: ATCAACTGCAGACTTCGCT
AATCAATTCGAGAAGTATC: ATCAATTCGAGAAGTATCG
AATCACATTAGTCCAAGCT: ATCACATTAGTCCAAGCTC
AATCAGGTCGTATCCAACC: ATCAGGTCGTATCCAACCG
AATCCAGAGCCTAGACTTC: ATCCAGAGCCTAGACTTCT
AATCCCGGCCCAGTTCCAT: ATCCCGGCCCAGTTCCATC
AATCCCTTCCCAGTCCCTG: ATCCCTTCCCAGTCCCTGG
AATCCGCGGGGTGGTCGAT: ATCCGCGGGGTGGTCGATA
AATCGCCTATAGGATCGAC: ATCGCCTATAGGATCGACA
AATCGTAGTCCCTGAATTG: ATCGTAGTCCCTGAATTGC
AATGAGGCGGTAGGCGCGC: ATGAGGCGGTAGGCGCGCA
AATGCCACCGAAAGTTATA: ATGCCACCGAAAGTTATAA
AATGCGGGTCGACGCATTA: ATGCGGGTCGACGCATTAT
AATGGAAATGTATTGGGAT: ATGGAAATGTATTGGGATT
AATGGACATCCTCCCAGAT: ATGGACATCCTCCCAGATA
AATGTACGACAAGAGAGCG: ATGTACGACAAGAGAGCGC
AATGTATTGGGATTTGGCA: ATGTATTGGGATTTGGCAG
AATGTCTTGCAATTTGCTC: ATGTCTTGCAATTTGCTCC
AATGTTCGGGGAGGCGTTC: ATGTTCGGGGAGGCGTTCA
AATTACGCCCTCGTGTGAA: ATTACGCCCTCGTGTGAAG
AATTATACTGCTCATTGGG: ATTATACTGCTCATTGGGT
AATTCACCAGGCTTGCAAT: ATTCACCAGGCTTGCAATC
AATTCGAGAAGTATCGCTC: ATTCGAGAAGTATCGCTCA
AATTGAAGCTATGAGCAGT: ATTGAAGCTATGAGCAGTG
AATTGCAAAACCATCCTCC: ATTGCAAAACCATCCTCCA
AATTGCGTAATCGTAGTCC: ATTGCGTAATCGTAGTCCC
AATTTCCTCAAGTCATCTC: ATTTCCTCAAGTCATCTCA
AATTTGCTCCCAGCCCTCA: ATTTGCTCCCAGCCCTCAA
AATTTGTCAACTTCAGCCT: ATTTGTCAACTTCAGCCTC
ACAAATTTCCTCAAGTCAT: CAAATTTCCTCAAGTCATC
ACAAGAGAGCGCTGGGAAC: CAAGAGAGCGCTGGGAACA
ACAAGCAATAAGAATTACG: CAAGCAATAAGAATTACGC
ACAAGTCGCTGCTTCAGAA: CAAGTCGCTGCTTCAGAAC
ACAATAGAATGGAAATGTA: CAATAGAATGGAAATGTAT
ACACATGACCCGGCCAGAT: CACATGACCCGGCCAGATG
ACACCAGCAGGTCGTATCC: CACCAGCAGGTCGTATCCA
ACACCATTCGTACTTGGGT: CACCATTCGTACTTGGGTA
ACACCGCCACACGCTAAAG: CACCGCCACACGCTAAAGT
ACACGATTTGATACCGCGA: CACGATTTGATACCGCGAA
ACACGCTAAAGTCCAATGT: CACGCTAAAGTCCAATGTC
ACACTATATCCACCACCCG: CACTATATCCACCACCCGC
ACAGCACCCGGATATTCTT: CAGCACCCGGATATTCTTT
ACAGGCCACCGTGACTTCT: CAGGCCACCGTGACTTCTA
ACAGGTCAGGAATGGACAT: CAGGTCAGGAATGGACATC
ACAGGTCGTATCCAACCGA: CAGGTCGTATCCAACCGAA
ACAGTCGGTCTCAAGAAGT: CAGTCGGTCTCAAGAAGTT
ACAGTTATTAGAATTGAAG: CAGTTATTAGAATTGAAGC
ACATATAGAATCCGCGGGG: CATATAGAATCCGCGGGGT
ACATCAAGGCGTGCATATT: CATCAAGGCGTGCATATTC
ACATCAGGCGTAGATTTCC: CATCAGGCGTAGATTTCCA
ACATCATCTTTTACACATG: CATCATCTTTTACACATGA
ACATCCTCCCAGATACACC: CATCCTCCCAGATACACCA
ACATCTACTTATGACGTTA: CATCTACTTATGACGTTAC
ACATGACCCGGCCAGATGG: CATGACCCGGCCAGATGGG
ACATGCCCTGCGGGCTTTC: CATGCCCTGCGGGCTTTCT
ACATTAGTCCAAGCTCTTT: CATTAGTCCAAGCTCTTTG
ACATTCGAGGTCTTCGAGA: CATTCGAGGTCTTCGAGAC
ACATTGGGTGCTGCTCGCA: CATTGGGTGCTGCTCGCAA
ACATTTGAATACAAGCAAT: CATTTGAATACAAGCAATA
ACCACCCGCTCGTATTTTT: CCACCCGCTCGTATTTTTG
ACCACGAGCCCAAGAACAT: CCACGAGCCCAAGAACATT
ACCAGCAGGTCGTATCCAA: CCAGCAGGTCGTATCCAAC
ACCAGGCTTGCAATCCCTT: CCAGGCTTGCAATCCCTTC
ACCAGGTGCAAAAAGCCAA: CCAGGTGCAAAAAGCCAAA
ACCATAAAATCAGGTCGTA: CCATAAAATCAGGTCGTAT
ACCATACCCTCGGCGATAG: CCATACCCTCGGCGATAGG
ACCATCAGGAAATACAGGC: CCATCAGGAAATACAGGCC
ACCATCCTCCATCCGCGCT: CCATCCTCCATCCGCGCTT
ACCATCGTAGTGAGCGCAG: CCATCGTAGTGAGCGCAGA
ACCATTCGTACTTGGGTAA: CCATTCGTACTTGGGTAAT
ACCCGCTCGTATTTTTGCA: CCCGCTCGTATTTTTGCAC
ACCCGGATATTCTTTACAC: CCCGGATATTCTTTACACC
ACCCGGCCAGATGGGATGG: CCCGGCCAGATGGGATGGC
ACCCGGCTTATCCAACGAT: CCCGGCTTATCCAACGATC
ACCCGTTCGTGAATCACAT: CCCGTTCGTGAATCACATT
ACCCTCCCTAGTGGCCGCC: CCCTCCCTAGTGGCCGCCG
ACCCTCCTAAAGTCGTAGA: CCCTCCTAAAGTCGTAGAA
ACCCTCGGCGATAGGGTTG: CCCTCGGCGATAGGGTTGT
ACCCTTTCCGAGCCGGAAC: CCCTTTCCGAGCCGGAACC
ACCGAAAGTTATAATGCGG: CCGAAAGTTATAATGCGGG
ACCGAATACACTATATCCA: CCGAATACACTATATCCAC
ACCGAATATTATCACATTC: CCGAATATTATCACATTCG
ACCGAATCAACTGCAGACT: CCGAATCAACTGCAGACTT
ACCGAATGCCACCGAAAGT: CCGAATGCCACCGAAAGTT
ACCGAATTGCGTAATCGTA: CCGAATTGCGTAATCGTAG
ACCGAGAGACCGTGCTGAA: CCGAGAGACCGTGCTGAAT
ACCGCCACACGCTAAAGTC: CCGCCACACGCTAAAGTCC
ACCGCGAAAATGTACGACA: CCGCGAAAATGTACGACAA
ACCGCGTCGGGTAGGTAGA: CCGCGTCGGGTAGGTAGAG
ACCGGGTGGATCGCTAGTC: CCGGGTGGATCGCTAGTCT
ACCGGTATTCGTCCGTGGG: CCGGTATTCGTCCGTGGGG
ACCGTGACTTCTAGTCCAC: CCGTGACTTCTAGTCCACT
ACCGTGCTGAATAAGAGGG: CCGTGCTGAATAAGAGGGG
ACCTAAATAGATGGCTAGG: CCTAAATAGATGGCTAGGC
ACCTATGTTACCACGAGCC: CCTATGTTACCACGAGCCC
ACCTCCATAAGGGGCTGTC: CCTCCATAAGGGGCTGTCC
ACCTCTGGTTCCAGCGTCT: CCTCTGGTTCCAGCGTCTG
ACCTCTTGGTGAGATTCCT: CCTCTTGGTGAGATTCCTT
ACCTGCAAGTTGGCTCAAC: CCTGCAAGTTGGCTCAACA
ACCTGGACCATACCCTCGG: CCTGGACCATACCCTCGGC
ACCTTCAACCGGGTGGATC: CCTTCAACCGGGTGGATCG
ACGACAAGAGAGCGCTGGG: CGACAAGAGAGCGCTGGGA
ACGAGCCCAAGAACATTGG: CGAGCCCAAGAACATTGGG
ACGAGCCCATTGGGTGCTG: CGAGCCCATTGGGTGCTGC
ACGATCAGTCTCCGATCCT: CGATCAGTCTCCGATCCTC
ACGATCCCTATGGCTCAAA: CGATCCCTATGGCTCAAAC
ACGATTTGATACCGCGAAA: CGATTTGATACCGCGAAAA
ACGCATTATCTTTTATTAT: CGCATTATCTTTTATTATT
ACGCATTTGCGAGACCTAA: CGCATTTGCGAGACCTAAA
ACGCCCTCGTGTGAAGCTG: CGCCCTCGTGTGAAGCTGT
ACGCTAAAGTCCAATGTCT: CGCTAAAGTCCAATGTCTT
ACGCTGCCCGGTAAGACCT: CGCTGCCCGGTAAGACCTG
ACGGACACCAGCAGGTCGT: CGGACACCAGCAGGTCGTA
ACGTCTGGATGTGACCCTT: CGTCTGGATGTGACCCTTT
ACGTGATTGAGTTGAGATG: CGTGATTGAGTTGAGATGA
ACGTTACATCAGGCGTAGA: CGTTACATCAGGCGTAGAT
ACTAAAGGTGCCTCGTGAC: CTAAAGGTGCCTCGTGACC
ACTACCCTCCTAAAGTCGT: CTACCCTCCTAAAGTCGTA
ACTAGCCCTTTCGCACGAG: CTAGCCCTTTCGCACGAGC
ACTATATCCACCACCCGCT: CTATATCCACCACCCGCTC
ACTCATGTACCGCGTCGGG: CTCATGTACCGCGTCGGGT
ACTCCCTGTGTACCTCTTG: CTCCCTGTGTACCTCTTGG
ACTCGTTTAATAAGGTCGC: CTCGTTTAATAAGGTCGCT
ACTCTAAAGCGGAAATCAA: CTCTAAAGCGGAAATCAAT
ACTCTGCGCCCATCGACTA: CTCTGCGCCCATCGACTAA
ACTGATCGCCGCTGAGAAT: CTGATCGCCGCTGAGAATT
ACTGCAGACTTCGCTTTGC: CTGCAGACTTCGCTTTGCA
ACTGCTCATTGGGTGCTGC: CTGCTCATTGGGTGCTGCT
ACTGTTAGGTCGTATCCAA: CTGTTAGGTCGTATCCAAC
ACTTATGACGTTACATCAG: CTTATGACGTTACATCAGG
ACTTCAAGCAACTCTAAAG: CTTCAAGCAACTCTAAAGC
ACTTCAGCCTCCTACCTCC: CTTCAGCCTCCTACCTCCA
ACTTCCATCCGGCTCTCAC: CTTCCATCCGGCTCTCACG
ACTTCGACAGGTCGTATCC: CTTCGACAGGTCGTATCCA
ACTTCGCTTTGCAGAAGTT: CTTCGCTTTGCAGAAGTTC
ACTTCTAGTCCACTTCCAT: CTTCTAGTCCACTTCCATC
ACTTCTTTATTATGGTCAA: CTTCTTTATTATGGTCAAA
ACTTGATGGATCTGTTCCC: CTTGATGGATCTGTTCCCT
ACTTGGGTAATAGTTTACT: CTTGGGTAATAGTTTACTC
AGAAAACGATCAGTCTCCG: GAAAACGATCAGTCTCCGA
AGAAATACTGTTAGGTCGT: GAAATACTGTTAGGTCGTA
AGAACAATAGAATGGAAAT: GAACAATAGAATGGAAATG
AGAACATTGGGTGCTGCTC: GAACATTGGGTGCTGCTCG
AGAACCTGGACCATACCCT: GAACCTGGACCATACCCTC
AGAAGGCCTTAAAAAGTAC: GAAGGCCTTAAAAAGTACC
AGAAGTATCGCTCAAATCC: GAAGTATCGCTCAAATCCC
AGAAGTTCGACCAGGTGCA: GAAGTTCGACCAGGTGCAA
AGAAGTTCGTCGATACCTA: GAAGTTCGTCGATACCTAT
AGAATCCGCGGGGTGGTCG: GAATCCGCGGGGTGGTCGA
AGAATGGAAATGTATTGGG: GAATGGAAATGTATTGGGA
AGAATTACGCCCTCGTGTG: GAATTACGCCCTCGTGTGA
AGAATTATACTGCTCATTG: GAATTATACTGCTCATTGG
AGAATTGAAGCTATGAGCA: GAATTGAAGCTATGAGCAG
AGACATGCCCTGCGGGCTT: GACATGCCCTGCGGGCTTT
AGACCGGTATTCGTCCGTG: GACCGGTATTCGTCCGTGG
AGACCGTGCTGAATAAGAG: GACCGTGCTGAATAAGAGG
AGACCTAAATAGATGGCTA: GACCTAAATAGATGGCTAG
AGACCTGCAAGTTGGCTCA: GACCTGCAAGTTGGCTCAA
AGACTTCGACAGGTCGTAT: GACTTCGACAGGTCGTATC
AGACTTCGCTTTGCAGAAG: GACTTCGCTTTGCAGAAGT
AGACTTCTTTATTATGGTC: GACTTCTTTATTATGGTCA
AGAGACCGTGCTGAATAAG: GAGACCGTGCTGAATAAGA
AGAGAGCGCTGGGAACATC: GAGAGCGCTGGGAACATCT
AGAGCCTAGACTTCTTTAT: GAGCCTAGACTTCTTTATT
AGAGCGCTGGGAACATCTA: GAGCGCTGGGAACATCTAC
AGAGGAAATGTTCGGGGAG: GAGGAAATGTTCGGGGAGG
AGAGGGGGGGACCTCTGGT: GAGGGGGGGACCTCTGGTT
AGATACACCATTCGTACTT: GATACACCATTCGTACTTG
AGATCAGGCATATCGTGGT: GATCAGGCATATCGTGGTA
AGATGAACACGATTTGATA: GATGAACACGATTTGATAC
AGATGGCTAGGCGTTTTTA: GATGGCTAGGCGTTTTTAT
AGATGGGATGGCTTGGACT: GATGGGATGGCTTGGACTA
AGATGTGGGGCTCCGTCGA: GATGTGGGGCTCCGTCGAA
AGATTCCTTGCCGTCCAAT: GATTCCTTGCCGTCCAATG
AGATTTCCACTCTGCGCCC: GATTTCCACTCTGCGCCCA
AGCAACTCTAAAGCGGAAA: GCAACTCTAAAGCGGAAAT
AGCAATAAGAATTACGCCC: GCAATAAGAATTACGCCCT
AGCACCCGGATATTCTTTA: GCACCCGGATATTCTTTAC
AGCAGGTCGTATCCAACCG: GCAGGTCGTATCCAACCGA
AGCAGTGTCAAAATTCACC: GCAGTGTCAAAATTCACCA
AGCATGTCGGCATCGGTGG: GCATGTCGGCATCGGTGGA
AGCCAAACGCATTTGCGAG: GCCAAACGCATTTGCGAGA
AGCCCAAGAACATTGGGTG: GCCCAAGAACATTGGGTGC
AGCCCATTGGGTGCTGCTC: GCCCATTGGGTGCTGCTCG
AGCCCGGTGAGGGCCTGTC: GCCCGGTGAGGGCCTGTCT
AGCCCTAGCGGTACATCAA: GCCCTAGCGGTACATCAAG
AGCCCTCAAAGTGGTATGA: GCCCTCAAAGTGGTATGAA
AGCCCTTTCGCACGAGCCC: GCCCTTTCGCACGAGCCCA
AGCCGGAACCATCGTAGTG: GCCGGAACCATCGTAGTGA
AGCCTAGACTTCTTTATTA: GCCTAGACTTCTTTATTAT
AGCCTCCTACCTCCATAAG: GCCTCCTACCTCCATAAGG
AGCGCAGATGTGGGGCTCC: GCGCAGATGTGGGGCTCCG
AGCGCTGGGAACATCTACT: GCGCTGGGAACATCTACTT
AGCGGAAATCAATTCGAGA: GCGGAAATCAATTCGAGAA
AGCGGCGGAGGCTACTTCA: GCGGCGGAGGCTACTTCAA
AGCGGTACATCAAGGCGTG: GCGGTACATCAAGGCGTGC
AGCGTCATCTCCACAGGTC: GCGTCATCTCCACAGGTCA
AGCGTCTGACTCATGTACC: GCGTCTGACTCATGTACCG
AGCTACAAATTTCCTCAAG: GCTACAAATTTCCTCAAGT
AGCTATGAGCAGTGTCAAA: GCTATGAGCAGTGTCAAAA
AGCTCTTTGCAACAGCACC: GCTCTTTGCAACAGCACCC
AGCTGTAGGCAGTCTTCAT: GCTGTAGGCAGTCTTCATG
AGGAAAGGCTGCTGGCGGT: GGAAAGGCTGCTGGCGGTA
AGGAAATACAGGCCACCGT: GGAAATACAGGCCACCGTG
AGGAAATGTTCGGGGAGGC: GGAAATGTTCGGGGAGGCG
AGGAATGGACATCCTCCCA: GGAATGGACATCCTCCCAG
AGGAGATCAGGCATATCGT: GGAGATCAGGCATATCGTG
AGGATCGACAGTCGGTCTC: GGATCGACAGTCGGTCTCA
AGGATGTCGTGCACGTCTG: GGATGTCGTGCACGTCTGG
AGGCAGTCTTCATGGTACC: GGCAGTCTTCATGGTACCA
AGGCATATCGTGGTAAAAG: GGCATATCGTGGTAAAAGA
AGGCCACCGTGACTTCTAG: GGCCACCGTGACTTCTAGT
AGGCCCGCATGTTGTGCCA: GGCCCGCATGTTGTGCCAT
AGGCCTTAAAAAGTACCCT: GGCCTTAAAAAGTACCCTC
AGGCGCGCATAAGGAGATC: GGCGCGCATAAGGAGATCA
AGGCGGTAGGCGCGCATAA: GGCGGTAGGCGCGCATAAG
AGGCGTAGATTTCCACTCT: GGCGTAGATTTCCACTCTG
AGGCGTGCATATTCTTTCA: GGCGTGCATATTCTTTCAG
AGGCGTTCATTCCCTTCTT: GGCGTTCATTCCCTTCTTA
AGGCGTTTTTATTAAGAAG: GGCGTTTTTATTAAGAAGG
AGGCTACTTCAAGCAACTC: GGCTACTTCAAGCAACTCT
AGGCTGCTGGCGGTAATTT: GGCTGCTGGCGGTAATTTG
AGGCTTGCAATCCCTTCCC: GGCTTGCAATCCCTTCCCA
AGGGCCTGTCTCATGTTGC: GGGCCTGTCTCATGTTGCA
AGGGGCTGTCCCTGTTCCG: GGGGCTGTCCCTGTTCCGT
AGGGGGGGACCTCTGGTTC: GGGGGGGACCTCTGGTTCC
AGGGTTGTGCTGCCGGTGG: GGGTTGTGCTGCCGGTGGC
AGGTAGAGGAAATGTTCGG: GGTAGAGGAAATGTTCGGG
AGGTCAGGAATGGACATCC: GGTCAGGAATGGACATCCT
AGGTCGCTGACCCGTTCGT: GGTCGCTGACCCGTTCGTG
AGGTCGTATCCAACCGAAT: GGTCGTATCCAACCGAATA GGTCGTATCCAACCGAATA GGTCGTATCCAACCGAATG GGTCGTATCCAACCGAATT
AGGTCTTCGAGACATGCCC: GGTCTTCGAGACATGCCCT
AGGTGAAGGATGTCGTGCA: GGTGAAGGATGTCGTGCAC
AGGTGCAAAAAGCCAAACG: GGTGCAAAAAGCCAAACGC
AGGTGCCTCGTGACCTTCA: GGTGCCTCGTGACCTTCAA
AGTACCCTCCCTAGTGGCC: GTACCCTCCCTAGTGGCCG
AGTATCGCTCAAATCCCGG: GTATCGCTCAAATCCCGGC
AGTCATCTCAGACCGGTAT: GTCATCTCAGACCGGTATT
AGTCCAAGCTCTTTGCAAC: GTCCAAGCTCTTTGCAACA
AGTCCAATGTCTTGCAATT: GTCCAATGTCTTGCAATTT
AGTCCACTTCCATCCGGCT: GTCCACTTCCATCCGGCTC
AGTCCCTGAATTGCAAAAC: GTCCCTGAATTGCAAAACC
AGTCCCTGGAGGAAAGGCT: GTCCCTGGAGGAAAGGCTG
AGTCGCATTGAAAGCTACA: GTCGCATTGAAAGCTACAA
AGTCGCTGCTTCAGAACCT: GTCGCTGCTTCAGAACCTG
AGTCGGTCTCAAGAAGTTC: GTCGGTCTCAAGAAGTTCG
AGTCGTAGAAAACGATCAG: GTCGTAGAAAACGATCAGT
AGTCTCACATCATCTTTTA: GTCTCACATCATCTTTTAC
AGTCTCCGATCCTCCATGA: GTCTCCGATCCTCCATGAG
AGTCTGTAACTCCCTGTGT: GTCTGTAACTCCCTGTGTA
AGTCTTCATGGTACCATCA: GTCTTCATGGTACCATCAG
AGTGAGCGCAGATGTGGGG: GTGAGCGCAGATGTGGGGC
AGTGGCCGCCGTGCGAACC: GTGGCCGCCGTGCGAACCG
AGTGGTATGAAGTCTCACA: GTGGTATGAAGTCTCACAT
AGTGTCAAAATTCACCAGG: GTGTCAAAATTCACCAGGC
AGTTATAATGCGGGTCGAC: GTTATAATGCGGGTCGACG
AGTTATTAGAATTGAAGCT: GTTATTAGAATTGAAGCTA
AGTTCCATCTTATAATCCA: GTTCCATCTTATAATCCAG
AGTTCGACCAGGTGCAAAA: GTTCGACCAGGTGCAAAAA
AGTTCGTCGATACCTATGT: GTTCGTCGATACCTATGTT
AGTTGAGATGAACACGATT: GTTGAGATGAACACGATTT
AGTTGGCTCAACATATAGA: GTTGGCTCAACATATAGAA
AGTTTACTCGTTTAATAAG: GTTTACTCGTTTAATAAGG
AGTTTTTCACAAGTCGCTG: GTTTTTCACAAGTCGCTGC
ATAAAATCAGGTCGTATCC: TAAAATCAGGTCGTATCCA
ATAACCGAGAGACCGTGCT: TAACCGAGAGACCGTGCTG
ATAAGAATTACGCCCTCGT: TAAGAATTACGCCCTCGTG
ATAAGAGGGGGGGACCTCT: TAAGAGGGGGGGACCTCTG
ATAAGGAGATCAGGCATAT: TAAGGAGATCAGGCATATC
ATAAGGGGCTGTCCCTGTT: TAAGGGGCTGTCCCTGTTC
ATAAGGTCGCTGACCCGTT: TAAGGTCGCTGACCCGTTC
ATAATCCAGAGCCTAGACT: TAATCCAGAGCCTAGACTT
ATAATGCGGGTCGACGCAT: TAATGCGGGTCGACGCATT
ATACAAGCAATAAGAATTA: TACAAGCAATAAGAATTAC
ATACACCATTCGTACTTGG: TACACCATTCGTACTTGGG
ATACACTATATCCACCACC: TACACTATATCCACCACCC
ATACAGGCCACCGTGACTT: TACAGGCCACCGTGACTTC
ATACCCTCGGCGATAGGGT: TACCCTCGGCGATAGGGTT
ATACCGCGAAAATGTACGA: TACCGCGAAAATGTACGAC
ATACCTATGTTACCACGAG: TACCTATGTTACCACGAGC
ATACGCTGCCCGGTAAGAC: TACGCTGCCCGGTAAGACC
ATACTGCTCATTGGGTGCT: TACTGCTCATTGGGTGCTG
ATACTGTTAGGTCGTATCC: TACTGTTAGGTCGTATCCA
ATAGAATCCGCGGGGTGGT: TAGAATCCGCGGGGTGGTC
ATAGAATGGAAATGTATTG: TAGAATGGAAATGTATTGG
ATAGACTTCGACAGGTCGT: TAGACTTCGACAGGTCGTA
ATAGATGGCTAGGCGTTTT: TAGATGGCTAGGCGTTTTT
ATAGGATCGACAGTCGGTC: TAGGATCGACAGTCGGTCT
ATAGGGTTGTGCTGCCGGT: TAGGGTTGTGCTGCCGGTG
ATAGTTTACTCGTTTAATA: TAGTTTACTCGTTTAATAA
ATATAGAATCCGCGGGGTG: TATAGAATCCGCGGGGTGG
ATATCCACCACCCGCTCGT: TATCCACCACCCGCTCGTA
ATATCGTGGTAAAAGAACA: TATCGTGGTAAAAGAACAA
ATATTATCACATTCGAGGT: TATTATCACATTCGAGGTC
ATATTATGTAAAGCCCTAG: TATTATGTAAAGCCCTAGC
ATATTCTTTACACCGCCAC: TATTCTTTACACCGCCACA
ATATTCTTTCAGGTGAAGG: TATTCTTTCAGGTGAAGGA
ATCAACTGCAGACTTCGCT: TCAACTGCAGACTTCGCTT
ATCAAGGCGTGCATATTCT: TCAAGGCGTGCATATTCTT
ATCAATTCGAGAAGTATCG: TCAATTCGAGAAGTATCGC
ATCACATTAGTCCAAGCTC: TCACATTAGTCCAAGCTCT
ATCACATTCGAGGTCTTCG: TCACATTCGAGGTCTTCGA
ATCAGCGTCATCTCCACAG: TCAGCGTCATCTCCACAGG
ATCAGGAAATACAGGCCAC: TCAGGAAATACAGGCCACC
ATCAGGCATATCGTGGTAA: TCAGGCATATCGTGGTAAA
ATCAGGCGTAGATTTCCAC: TCAGGCGTAGATTTCCACT
ATCAGGTCGTATCCAACCG: TCAGGTCGTATCCAACCGA
ATCAGTCTCCGATCCTCCA: TCAGTCTCCGATCCTCCAT
ATCATCTTTTACACATGAC: TCATCTTTTACACATGACC
ATCCAACCGAATACACTAT: TCCAACCGAATACACTATA
ATCCAACCGAATATTATCA: TCCAACCGAATATTATCAC
ATCCAACCGAATGCCACCG: TCCAACCGAATGCCACCGA
ATCCAACCGAATTGCGTAA: TCCAACCGAATTGCGTAAT
ATCCAACGATCCCTATGGC: TCCAACGATCCCTATGGCT
ATCCACCACCCGCTCGTAT: TCCACCACCCGCTCGTATT
ATCCAGAGCCTAGACTTCT: TCCAGAGCCTAGACTTCTT
ATCCCGGCCCAGTTCCATC: TCCCGGCCCAGTTCCATCT
ATCCCTATGGCTCAAACTT: TCCCTATGGCTCAAACTTG
ATCCCTTCCCAGTCCCTGG: TCCCTTCCCAGTCCCTGGA
ATCCGCGCTTTTAGCGGCG: TCCGCGCTTTTAGCGGCGG
ATCCGCGGGGTGGTCGATA: TCCGCGGGGTGGTCGATAT
ATCCGGCTCTCACGTGATT: TCCGGCTCTCACGTGATTG
ATCCTCCATCCGCGCTTTT: TCCTCCATCCGCGCTTTTA
ATCCTCCATGAGCCCGGTG: TCCTCCATGAGCCCGGTGA
ATCCTCCCAGATACACCAT: TCCTCCCAGATACACCATT
ATCGACAGTCGGTCTCAAG: TCGACAGTCGGTCTCAAGA
ATCGACTAAAGGTGCCTCG: TCGACTAAAGGTGCCTCGT
ATCGCCGCTGAGAATTATA: TCGCCGCTGAGAATTATAC
ATCGCCTATAGGATCGACA: TCGCCTATAGGATCGACAG
ATCGCTAGTCTGTAACTCC: TCGCTAGTCTGTAACTCCC
ATCGCTCAAATCCCGGCCC: TCGCTCAAATCCCGGCCCA
ATCGGTGGAAAAAACTAGC: TCGGTGGAAAAAACTAGCC
ATCGTAGTCCCTGAATTGC: TCGTAGTCCCTGAATTGCA
ATCGTAGTGAGCGCAGATG: TCGTAGTGAGCGCAGATGT
ATCGTGGTAAAAGAACAAT: TCGTGGTAAAAGAACAATA
ATCTACTTATGACGTTACA: TCTACTTATGACGTTACAT
ATCTCAGACCGGTATTCGT: TCTCAGACCGGTATTCGTC
ATCTCCACAGGTCAGGAAT: TCTCCACAGGTCAGGAATG
ATCTGCGTTATCAGCGTCA: TCTGCGTTATCAGCGTCAT
ATCTGTTCCCTTCCAACCT: TCTGTTCCCTTCCAACCTG
ATCTTATAATCCAGAGCCT: TCTTATAATCCAGAGCCTA
ATCTTTTACACATGACCCG: TCTTTTACACATGACCCGG
ATCTTTTATTATTCGGGGC: TCTTTTATTATTCGGGGCC
ATGAACACGATTTGATACC: TGAACACGATTTGATACCG
ATGAAGTCTCACATCATCT: TGAAGTCTCACATCATCTT
ATGACCCGGCCAGATGGGA: TGACCCGGCCAGATGGGAT
ATGACGTTACATCAGGCGT: TGACGTTACATCAGGCGTA
ATGAGCAGTGTCAAAATTC: TGAGCAGTGTCAAAATTCA
ATGAGCCCGGTGAGGGCCT: TGAGCCCGGTGAGGGCCTG
ATGAGGCGGTAGGCGCGCA: TGAGGCGGTAGGCGCGCAT
ATGCCACCGAAAGTTATAA: TGCCACCGAAAGTTATAAT
ATGCCCTGCGGGCTTTCTA: TGCCCTGCGGGCTTTCTAG
ATGCGGGTCGACGCATTAT: TGCGGGTCGACGCATTATC
ATGGAAATGTATTGGGATT: TGGAAATGTATTGGGATTT
ATGGACATCCTCCCAGATA: TGGACATCCTCCCAGATAC
ATGGATCTGTTCCCTTCCA: TGGATCTGTTCCCTTCCAA
ATGGCTAGGCGTTTTTATT: TGGCTAGGCGTTTTTATTA
ATGGCTCAAACTTGATGGA: TGGCTCAAACTTGATGGAT
ATGGCTTGGACTACCCTCC: TGGCTTGGACTACCCTCCT
ATGGGATGGCTTGGACTAC: TGGGATGGCTTGGACTACC
ATGGTACCATCAGGAAATA: TGGTACCATCAGGAAATAC
ATGGTCAAAAATAACCGAG: TGGTCAAAAATAACCGAGA
ATGTAAAGCCCTAGCGGTA: TGTAAAGCCCTAGCGGTAC
ATGTACCGCGTCGGGTAGG: TGTACCGCGTCGGGTAGGT
ATGTACGACAAGAGAGCGC: TGTACGACAAGAGAGCGCT
ATGTATTGGGATTTGGCAG: TGTATTGGGATTTGGCAGT
ATGTCGGCATCGGTGGAAA: TGTCGGCATCGGTGGAAAA
ATGTCGTGCACGTCTGGAT: TGTCGTGCACGTCTGGATG
ATGTCTTGCAATTTGCTCC: TGTCTTGCAATTTGCTCCC
ATGTGACCCTTTCCGAGCC: TGTGACCCTTTCCGAGCCG
ATGTGGGGCTCCGTCGAAT: TGTGGGGCTCCGTCGAATC
ATGTTACCACGAGCCCAAG: TGTTACCACGAGCCCAAGA
ATGTTCGGGGAGGCGTTCA: TGTTCGGGGAGGCGTTCAT
ATGTTGCATTGGGTGCTGC: TGTTGCATTGGGTGCTGCT
ATGTTGTGCCATACGCTGC: TGTTGTGCCATACGCTGCC
ATTAAGAAGGCCTTAAAAA: TTAAGAAGGCCTTAAAAAG
ATTACGCCCTCGTGTGAAG: TTACGCCCTCGTGTGAAGC
ATTAGAATTGAAGCTATGA: TTAGAATTGAAGCTATGAG
ATTAGTCCAAGCTCTTTGC: TTAGTCCAAGCTCTTTGCA
ATTATACTGCTCATTGGGT: TTATACTGCTCATTGGGTG
ATTATCACATTCGAGGTCT: TTATCACATTCGAGGTCTT
ATTATCTTTTATTATTCGG: TTATCTTTTATTATTCGGG
ATTATGGTCAAAAATAACC: TTATGGTCAAAAATAACCG
ATTATGTAAAGCCCTAGCG: TTATGTAAAGCCCTAGCGG
ATTATTCGGGGCCCTCACC: TTATTCGGGGCCCTCACCC
ATTCACCAGGCTTGCAATC: TTCACCAGGCTTGCAATCC
ATTCCCTTCTTACAGTTAT: TTCCCTTCTTACAGTTATT
ATTCCTTGCCGTCCAATGA: TTCCTTGCCGTCCAATGAG
ATTCGAGAAGTATCGCTCA: TTCGAGAAGTATCGCTCAA
ATTCGAGGTCTTCGAGACA: TTCGAGGTCTTCGAGACAT
ATTCGGGGCCCTCACCCGG: TTCGGGGCCCTCACCCGGC
ATTCGTACTTGGGTAATAG: TTCGTACTTGGGTAATAGT
ATTCGTCCGTGGGGCCGGC: TTCGTCCGTGGGGCCGGCT
ATTCTTTACACCGCCACAC: TTCTTTACACCGCCACACG
ATTCTTTCAGGTGAAGGAT: TTCTTTCAGGTGAAGGATG
ATTGAAAGCTACAAATTTC: TTGAAAGCTACAAATTTCC
ATTGAAGCTATGAGCAGTG: TTGAAGCTATGAGCAGTGT
ATTGAGTTGAGATGAACAC: TTGAGTTGAGATGAACACG
ATTGCAAAACCATCCTCCA: TTGCAAAACCATCCTCCAT
ATTGCGTAATCGTAGTCCC: TTGCGTAATCGTAGTCCCT
ATTGGGATTTGGCAGTTTT: TTGGGATTTGGCAGTTTTT
ATTGGGTGCTGCTCGCAAC: TTGGGTGCTGCTCGCAACC
ATTGGGTGCTGCTCGCACG: TTGGGTGCTGCTCGCACGG
ATTGGGTGCTGCTCGCAGA: TTGGGTGCTGCTCGCAGAA
ATTGGGTGCTGCTCGCATA: TTGGGTGCTGCTCGCATAG
ATTTCCACTCTGCGCCCAT: TTTCCACTCTGCGCCCATC
ATTTCCTCAAGTCATCTCA: TTTCCTCAAGTCATCTCAG
ATTTGAATACAAGCAATAA: TTTGAATACAAGCAATAAG
ATTTGATACCGCGAAAATG: TTTGATACCGCGAAAATGT
ATTTGCGAGACCTAAATAG: TTTGCGAGACCTAAATAGA
ATTTGCTCCCAGCCCTCAA: TTTGCTCCCAGCCCTCAAA
ATTTGGCAGTTTTTCACAA: TTTGGCAGTTTTTCACAAG
ATTTGTCAACTTCAGCCTC: TTTGTCAACTTCAGCCTCC
ATTTTTGCACTGATCGCCG: TTTTTGCACTGATCGCCGC
CAAAAAGCCAAACGCATTT: AAAAAGCCAAACGCATTTG
CAAAAATAACCGAGAGACC: AAAAATAACCGAGAGACCG
CAAAACCATCCTCCATCCG: AAAACCATCCTCCATCCGC
CAAAATTCACCAGGCTTGC: AAAATTCACCAGGCTTGCA
CAAACGCATTTGCGAGACC: AAACGCATTTGCGAGACCT
CAAACTTGATGGATCTGTT: AAACTTGATGGATCTGTTC
CAAAGTGGTATGAAGTCTC: AAAGTGGTATGAAGTCTCA
CAAATCCCGGCCCAGTTCC: AAATCCCGGCCCAGTTCCA
CAAATTTCCTCAAGTCATC: AAATTTCCTCAAGTCATCT
CAACAGCACCCGGATATTC: AACAGCACCCGGATATTCT
CAACATATAGAATCCGCGG: AACATATAGAATCCGCGGG
CAACCATAAAATCAGGTCG: AACCATAAAATCAGGTCGT
CAACCGAATACACTATATC: AACCGAATACACTATATCC
CAACCGAATATTATCACAT: AACCGAATATTATCACATT
CAACCGAATGCCACCGAAA: AACCGAATGCCACCGAAAG
CAACCGAATTGCGTAATCG: AACCGAATTGCGTAATCGT
CAACCGGGTGGATCGCTAG: AACCGGGTGGATCGCTAGT
CAACGATCCCTATGGCTCA: AACGATCCCTATGGCTCAA
CAACTCTAAAGCGGAAATC: AACTCTAAAGCGGAAATCA
CAACTGCAGACTTCGCTTT: AACTGCAGACTTCGCTTTG
CAACTTCAGCCTCCTACCT: AACTTCAGCCTCCTACCTC
CAAGAACATTGGGTGCTGC: AAGAACATTGGGTGCTGCT
CAAGAAGTTCGACCAGGTG: AAGAAGTTCGACCAGGTGC
CAAGAGAGCGCTGGGAACA: AAGAGAGCGCTGGGAACAT
CAAGCAACTCTAAAGCGGA: AAGCAACTCTAAAGCGGAA
CAAGCAATAAGAATTACGC: AAGCAATAAGAATTACGCC
CAAGCTCTTTGCAACAGCA: AAGCTCTTTGCAACAGCAC
CAAGGCCCGCATGTTGTGC: AAGGCCCGCATGTTGTGCC
CAAGGCGTGCATATTCTTT: AAGGCGTGCATATTCTTTC
CAAGTCATCTCAGACCGGT: AAGTCATCTCAGACCGGTA
CAAGTCGCTGCTTCAGAAC: AAGTCGCTGCTTCAGAACC
CAAGTTGGCTCAACATATA: AAGTTGGCTCAACATATAG
CAATAAGAATTACGCCCTC: AATAAGAATTACGCCCTCG
CAATAGAATGGAAATGTAT: AATAGAATGGAAATGTATT
CAATCCCTTCCCAGTCCCT: AATCCCTTCCCAGTCCCTG
CAATGAGGCGGTAGGCGCG: AATGAGGCGGTAGGCGCGC
CAATGTCTTGCAATTTGCT: AATGTCTTGCAATTTGCTC
CAATTCGAGAAGTATCGCT: AATTCGAGAAGTATCGCTC
CAATTTGCTCCCAGCCCTC: AATTTGCTCCCAGCCCTCA
CACAAGTCGCTGCTTCAGA: ACAAGTCGCTGCTTCAGAA
CACACGCTAAAGTCCAATG: ACACGCTAAAGTCCAATGT
CACAGGTCAGGAATGGACA: ACAGGTCAGGAATGGACAT
CACATCATCTTTTACACAT: ACATCATCTTTTACACATG
CACATGACCCGGCCAGATG: ACATGACCCGGCCAGATGG
CACATTAGTCCAAGCTCTT: ACATTAGTCCAAGCTCTTT
CACATTCGAGGTCTTCGAG: ACATTCGAGGTCTTCGAGA
CACCACCCGCTCGTATTTT: ACCACCCGCTCGTATTTTT
CACCAGCAGGTCGTATCCA: ACCAGCAGGTCGTATCCAA
CACCAGGCTTGCAATCCCT: ACCAGGCTTGCAATCCCTT
CACCATTCGTACTTGGGTA: ACCATTCGTACTTGGGTAA
CACCCGCTCGTATTTTTGC: ACCCGCTCGTATTTTTGCA
CACCCGGATATTCTTTACA: ACCCGGATATTCTTTACAC
CACCCGGCTTATCCAACGA: ACCCGGCTTATCCAACGAT
CACCGAAAGTTATAATGCG: ACCGAAAGTTATAATGCGG
CACCGCCACACGCTAAAGT: ACCGCCACACGCTAAAGTC
CACCGTGACTTCTAGTCCA: ACCGTGACTTCTAGTCCAC
CACGAGCCCAAGAACATTG: ACGAGCCCAAGAACATTGG
CACGAGCCCATTGGGTGCT: ACGAGCCCATTGGGTGCTG
CACGATTTGATACCGCGAA: ACGATTTGATACCGCGAAA
CACGCTAAAGTCCAATGTC: ACGCTAAAGTCCAATGTCT
CACGGACACCAGCAGGTCG: ACGGACACCAGCAGGTCGT
CACGTCTGGATGTGACCCT: ACGTCTGGATGTGACCCTT
CACGTGATTGAGTTGAGAT: ACGTGATTGAGTTGAGATG
CACTATATCCACCACCCGC: ACTATATCCACCACCCGCT
CACTCTGCGCCCATCGACT: ACTCTGCGCCCATCGACTA
CACTGATCGCCGCTGAGAA: ACTGATCGCCGCTGAGAAT
CACTTCCATCCGGCTCTCA: ACTTCCATCCGGCTCTCAC
CAGAAATACTGTTAGGTCG: AGAAATACTGTTAGGTCGT
CAGAACCTGGACCATACCC: AGAACCTGGACCATACCCT
CAGAAGTTCGTCGATACCT: AGAAGTTCGTCGATACCTA
CAGACCGGTATTCGTCCGT: AGACCGGTATTCGTCCGTG
CAGACTTCGCTTTGCAGAA: AGACTTCGCTTTGCAGAAG
CAGAGCCTAGACTTCTTTA: AGAGCCTAGACTTCTTTAT
CAGATACACCATTCGTACT: AGATACACCATTCGTACTT
CAGATGGGATGGCTTGGAC: AGATGGGATGGCTTGGACT
CAGATGTGGGGCTCCGTCG: AGATGTGGGGCTCCGTCGA
CAGCACCCGGATATTCTTT: AGCACCCGGATATTCTTTA
CAGCAGGTCGTATCCAACC: AGCAGGTCGTATCCAACCG
CAGCCCTCAAAGTGGTATG: AGCCCTCAAAGTGGTATGA
CAGCCTCCTACCTCCATAA: AGCCTCCTACCTCCATAAG
CAGCGTCATCTCCACAGGT: AGCGTCATCTCCACAGGTC
CAGCGTCTGACTCATGTAC: AGCGTCTGACTCATGTACC
CAGGAAATACAGGCCACCG: AGGAAATACAGGCCACCGT
CAGGAATGGACATCCTCCC: AGGAATGGACATCCTCCCA
CAGGCATATCGTGGTAAAA: AGGCATATCGTGGTAAAAG
CAGGCCACCGTGACTTCTA: AGGCCACCGTGACTTCTAG
CAGGCGTAGATTTCCACTC: AGGCGTAGATTTCCACTCT
CAGGCTTGCAATCCCTTCC: AGGCTTGCAATCCCTTCCC
CAGGTCAGGAATGGACATC: AGGTCAGGAATGGACATCC
CAGGTCGTATCCAACCGAA: AGGTCGTATCCAACCGAAT AGGTCGTATCCAACCGAAT AGGTCGTATCCAACCGAAT
CAGGTGAAGGATGTCGTGC: AGGTGAAGGATGTCGTGCA
CAGGTGCAAAAAGCCAAAC: AGGTGCAAAAAGCCAAACG
CAGTCCCTGGAGGAAAGGC: AGTCCCTGGAGGAAAGGCT
CAGTCGCATTGAAAGCTAC: AGTCGCATTGAAAGCTACA
CAGTCGGTCTCAAGAAGTT: AGTCGGTCTCAAGAAGTTC
CAGTCTCCGATCCTCCATG: AGTCTCCGATCCTCCATGA
CAGTCTTCATGGTACCATC: AGTCTTCATGGTACCATCA
CAGTGTCAAAATTCACCAG: AGTGTCAAAATTCACCAGG
CAGTTATTAGAATTGAAGC: AGTTATTAGAATTGAAGCT
CAGTTCCATCTTATAATCC: AGTTCCATCTTATAATCCA
CAGTTTTTCACAAGTCGCT: AGTTTTTCACAAGTCGCTG
CATAAAATCAGGTCGTATC: ATAAAATCAGGTCGTATCC
CATAAGGAGATCAGGCATA: ATAAGGAGATCAGGCATAT
CATAAGGGGCTGTCCCTGT: ATAAGGGGCTGTCCCTGTT
CATACCCTCGGCGATAGGG: ATACCCTCGGCGATAGGGT
CATACGCTGCCCGGTAAGA: ATACGCTGCCCGGTAAGAC
CATAGACTTCGACAGGTCG: ATAGACTTCGACAGGTCGT
CATATAGAATCCGCGGGGT: ATATAGAATCCGCGGGGTG
CATATCGTGGTAAAAGAAC: ATATCGTGGTAAAAGAACA
CATATTCTTTCAGGTGAAG: ATATTCTTTCAGGTGAAGG
CATCAAGGCGTGCATATTC: ATCAAGGCGTGCATATTCT
CATCAGGAAATACAGGCCA: ATCAGGAAATACAGGCCAC
CATCAGGCGTAGATTTCCA: ATCAGGCGTAGATTTCCAC
CATCATCTTTTACACATGA: ATCATCTTTTACACATGAC
CATCCGCGCTTTTAGCGGC: ATCCGCGCTTTTAGCGGCG
CATCCGGCTCTCACGTGAT: ATCCGGCTCTCACGTGATT
CATCCTCCATCCGCGCTTT: ATCCTCCATCCGCGCTTTT
CATCCTCCCAGATACACCA: ATCCTCCCAGATACACCAT
CATCGACTAAAGGTGCCTC: ATCGACTAAAGGTGCCTCG
CATCGGTGGAAAAAACTAG: ATCGGTGGAAAAAACTAGC
CATCGTAGTGAGCGCAGAT: ATCGTAGTGAGCGCAGATG
CATCTACTTATGACGTTAC: ATCTACTTATGACGTTACA
CATCTCAGACCGGTATTCG: ATCTCAGACCGGTATTCGT
CATCTCCACAGGTCAGGAA: ATCTCCACAGGTCAGGAAT
CATCTTATAATCCAGAGCC: ATCTTATAATCCAGAGCCT
CATCTTTTACACATGACCC: ATCTTTTACACATGACCCG
CATGACCCGGCCAGATGGG: ATGACCCGGCCAGATGGGA
CATGAGCCCGGTGAGGGCC: ATGAGCCCGGTGAGGGCCT
CATGCCCTGCGGGCTTTCT: ATGCCCTGCGGGCTTTCTA
CATGGTACCATCAGGAAAT: ATGGTACCATCAGGAAATA
CATGTACCGCGTCGGGTAG: ATGTACCGCGTCGGGTAGG
CATGTCGGCATCGGTGGAA: ATGTCGGCATCGGTGGAAA
CATGTTGCATTGGGTGCTG: ATGTTGCATTGGGTGCTGC
CATGTTGTGCCATACGCTG: ATGTTGTGCCATACGCTGC
CATTAGTCCAAGCTCTTTG: ATTAGTCCAAGCTCTTTGC
CATTATCTTTTATTATTCG: ATTATCTTTTATTATTCGG
CATTCCCTTCTTACAGTTA: ATTCCCTTCTTACAGTTAT
CATTCGAGGTCTTCGAGAC: ATTCGAGGTCTTCGAGACA
CATTCGTACTTGGGTAATA: ATTCGTACTTGGGTAATAG
CATTGAAAGCTACAAATTT: ATTGAAAGCTACAAATTTC
CATTGGGTGCTGCTCGCAA: ATTGGGTGCTGCTCGCAAC
CATTGGGTGCTGCTCGCAC: ATTGGGTGCTGCTCGCACG
CATTGGGTGCTGCTCGCAG: ATTGGGTGCTGCTCGCAGA
CATTGGGTGCTGCTCGCAT: ATTGGGTGCTGCTCGCATA
CATTTGAATACAAGCAATA: ATTTGAATACAAGCAATAA
CATTTGCGAGACCTAAATA: ATTTGCGAGACCTAAATAG
CCAAACGCATTTGCGAGAC: CAAACGCATTTGCGAGACC
CCAACCGAATACACTATAT: CAACCGAATACACTATATC
CCAACCGAATATTATCACA: CAACCGAATATTATCACAT
CCAACCGAATGCCACCGAA: CAACCGAATGCCACCGAAA
CCAACCGAATTGCGTAATC: CAACCGAATTGCGTAATCG
CCAACGATCCCTATGGCTC: CAACGATCCCTATGGCTCA
CCAAGAACATTGGGTGCTG: CAAGAACATTGGGTGCTGC
CCAAGCTCTTTGCAACAGC: CAAGCTCTTTGCAACAGCA
CCAAGGCCCGCATGTTGTG: CAAGGCCCGCATGTTGTGC
CCAATGAGGCGGTAGGCGC: CAATGAGGCGGTAGGCGCG
CCAATGTCTTGCAATTTGC: CAATGTCTTGCAATTTGCT
CCACACGCTAAAGTCCAAT: CACACGCTAAAGTCCAATG
CCACAGGTCAGGAATGGAC: CACAGGTCAGGAATGGACA
CCACCACCCGCTCGTATTT: CACCACCCGCTCGTATTTT
CCACCCGCTCGTATTTTTG: CACCCGCTCGTATTTTTGC
CCACCGAAAGTTATAATGC: CACCGAAAGTTATAATGCG
CCACCGTGACTTCTAGTCC: CACCGTGACTTCTAGTCCA
CCACGAGCCCAAGAACATT: CACGAGCCCAAGAACATTG
CCACTCTGCGCCCATCGAC: CACTCTGCGCCCATCGACT
CCACTTCCATCCGGCTCTC: CACTTCCATCCGGCTCTCA
CCAGAGCCTAGACTTCTTT: CAGAGCCTAGACTTCTTTA
CCAGATACACCATTCGTAC: CAGATACACCATTCGTACT
CCAGATGGGATGGCTTGGA: CAGATGGGATGGCTTGGAC
CCAGCAGGTCGTATCCAAC: CAGCAGGTCGTATCCAACC
CCAGCCCTCAAAGTGGTAT: CAGCCCTCAAAGTGGTATG
CCAGCGTCTGACTCATGTA: CAGCGTCTGACTCATGTAC
CCAGGCTTGCAATCCCTTC: CAGGCTTGCAATCCCTTCC
CCAGGTGCAAAAAGCCAAA: CAGGTGCAAAAAGCCAAAC
CCAGTCCCTGGAGGAAAGG: CAGTCCCTGGAGGAAAGGC
CCAGTTCCATCTTATAATC: CAGTTCCATCTTATAATCC
CCATAAAATCAGGTCGTAT: CATAAAATCAGGTCGTATC
CCATAAGGGGCTGTCCCTG: CATAAGGGGCTGTCCCTGT
CCATACCCTCGGCGATAGG: CATACCCTCGGCGATAGGG
CCATACGCTGCCCGGTAAG: CATACGCTGCCCGGTAAGA
CCATCAGGAAATACAGGCC: CATCAGGAAATACAGGCCA
CCATCCGCGCTTTTAGCGG: CATCCGCGCTTTTAGCGGC
CCATCCGGCTCTCACGTGA: CATCCGGCTCTCACGTGAT
CCATCCTCCATCCGCGCTT: CATCCTCCATCCGCGCTTT
CCATCGACTAAAGGTGCCT: CATCGACTAAAGGTGCCTC
CCATCGTAGTGAGCGCAGA: CATCGTAGTGAGCGCAGAT
CCATCTTATAATCCAGAGC: CATCTTATAATCCAGAGCC
CCATGAGCCCGGTGAGGGC: CATGAGCCCGGTGAGGGCC
CCATTCGTACTTGGGTAAT: CATTCGTACTTGGGTAATA
CCATTGGGTGCTGCTCGCA: CATTGGGTGCTGCTCGCAC
CCCAAGAACATTGGGTGCT: CCAAGAACATTGGGTGCTG
CCCAGATACACCATTCGTA: CCAGATACACCATTCGTAC
CCCAGCCCTCAAAGTGGTA: CCAGCCCTCAAAGTGGTAT
CCCAGTCCCTGGAGGAAAG: CCAGTCCCTGGAGGAAAGG
CCCAGTTCCATCTTATAAT: CCAGTTCCATCTTATAATC
CCCATCGACTAAAGGTGCC: CCATCGACTAAAGGTGCCT
CCCATTGGGTGCTGCTCGC: CCATTGGGTGCTGCTCGCA
CCCGCATGTTGTGCCATAC: CCGCATGTTGTGCCATACG
CCCGCTCGTATTTTTGCAC: CCGCTCGTATTTTTGCACT
CCCGGATATTCTTTACACC: CCGGATATTCTTTACACCG
CCCGGCCAGATGGGATGGC: CCGGCCAGATGGGATGGCT
CCCGGCCCAGTTCCATCTT: CCGGCCCAGTTCCATCTTA
CCCGGCTTATCCAACGATC: CCGGCTTATCCAACGATCC
CCCGGTAAGACCTGCAAGT: CCGGTAAGACCTGCAAGTT
CCCGGTGAGGGCCTGTCTC: CCGGTGAGGGCCTGTCTCA
CCCGTTCGTGAATCACATT: CCGTTCGTGAATCACATTA
CCCTAGCGGTACATCAAGG: CCTAGCGGTACATCAAGGC
CCCTAGTGGCCGCCGTGCG: CCTAGTGGCCGCCGTGCGA
CCCTATGGCTCAAACTTGA: CCTATGGCTCAAACTTGAT
CCCTCAAAGTGGTATGAAG: CCTCAAAGTGGTATGAAGT
CCCTCACCCGGCTTATCCA: CCTCACCCGGCTTATCCAA
CCCTCCCTAGTGGCCGCCG: CCTCCCTAGTGGCCGCCGT
CCCTCCTAAAGTCGTAGAA: CCTCCTAAAGTCGTAGAAA
CCCTCGGCGATAGGGTTGT: CCTCGGCGATAGGGTTGTG
CCCTCGTGTGAAGCTGTAG: CCTCGTGTGAAGCTGTAGG
CCCTGAATTGCAAAACCAT: CCTGAATTGCAAAACCATC
CCCTGCGGGCTTTCTAGCA: CCTGCGGGCTTTCTAGCAT
CCCTGGAGGAAAGGCTGCT: CCTGGAGGAAAGGCTGCTG
CCCTGTGTACCTCTTGGTG: CCTGTGTACCTCTTGGTGA
CCCTGTTCCGTCTCTACAT: CCTGTTCCGTCTCTACATT
CCCTTCCCAGTCCCTGGAG: CCTTCCCAGTCCCTGGAGG
CCCTTCTTACAGTTATTAG: CCTTCTTACAGTTATTAGA
CCCTTTCCGAGCCGGAACC: CCTTTCCGAGCCGGAACCA
CCCTTTCGCACGAGCCCAT: CCTTTCGCACGAGCCCATT
CCGAAAGTTATAATGCGGG: CGAAAGTTATAATGCGGGT
CCGAATACACTATATCCAC: CGAATACACTATATCCACC
CCGAATATTATCACATTCG: CGAATATTATCACATTCGA
CCGAATCAACTGCAGACTT: CGAATCAACTGCAGACTTC
CCGAATGCCACCGAAAGTT: CGAATGCCACCGAAAGTTA
CCGAATTGCGTAATCGTAG: CGAATTGCGTAATCGTAGT
CCGAGAGACCGTGCTGAAT: CGAGAGACCGTGCTGAATA
CCGAGCCGGAACCATCGTA: CGAGCCGGAACCATCGTAG
CCGATCCTCCATGAGCCCG: CGATCCTCCATGAGCCCGG
CCGCATGTTGTGCCATACG: CGCATGTTGTGCCATACGC
CCGCCACACGCTAAAGTCC: CGCCACACGCTAAAGTCCA
CCGCCGTGCGAACCGAATC: CGCCGTGCGAACCGAATCA
CCGCGAAAATGTACGACAA: CGCGAAAATGTACGACAAG
CCGCGCTTTTAGCGGCGGA: CGCGCTTTTAGCGGCGGAG
CCGCGGGGTGGTCGATATT: CGCGGGGTGGTCGATATTA
CCGCGTCGGGTAGGTAGAG: CGCGTCGGGTAGGTAGAGG
CCGCTCGTATTTTTGCACT: CGCTCGTATTTTTGCACTG
CCGCTGAGAATTATACTGC: CGCTGAGAATTATACTGCT
CCGGAACCATCGTAGTGAG: CGGAACCATCGTAGTGAGC
CCGGATATTCTTTACACCG: CGGATATTCTTTACACCGC
CCGGCCAGATGGGATGGCT: CGGCCAGATGGGATGGCTT
CCGGCCCAGTTCCATCTTA: CGGCCCAGTTCCATCTTAT
CCGGCTATCTGCGTTATCA: CGGCTATCTGCGTTATCAG
CCGGCTCTCACGTGATTGA: CGGCTCTCACGTGATTGAG
CCGGCTTATCCAACGATCC: CGGCTTATCCAACGATCCC
CCGGGTGGATCGCTAGTCT: CGGGTGGATCGCTAGTCTG
CCGGTAAGACCTGCAAGTT: CGGTAAGACCTGCAAGTTG
CCGGTATTCGTCCGTGGGG: CGGTATTCGTCCGTGGGGC
CCGGTGAGGGCCTGTCTCA: CGGTGAGGGCCTGTCTCAT
CCGGTGGCTGCGTTTGGGT: CGGTGGCTGCGTTTGGGTC
CCGTCCAATGAGGCGGTAG: CGTCCAATGAGGCGGTAGG
CCGTCGAATCGCCTATAGG: CGTCGAATCGCCTATAGGA
CCGTCTCTACATTTGAATA: CGTCTCTACATTTGAATAC
CCGTGACTTCTAGTCCACT: CGTGACTTCTAGTCCACTT
CCGTGCGAACCGAATCAAC: CGTGCGAACCGAATCAACT
CCGTGCTGAATAAGAGGGG: CGTGCTGAATAAGAGGGGG
CCGTGGGGCCGGCTATCTG: CGTGGGGCCGGCTATCTGC
CCGTTCGTGAATCACATTA: CGTTCGTGAATCACATTAG
CCTAAAGTCGTAGAAAACG: CTAAAGTCGTAGAAAACGA
CCTAAATAGATGGCTAGGC: CTAAATAGATGGCTAGGCG
CCTACCTCCATAAGGGGCT: CTACCTCCATAAGGGGCTG
CCTAGACTTCTTTATTATG: CTAGACTTCTTTATTATGG
CCTAGCGGTACATCAAGGC: CTAGCGGTACATCAAGGCG
CCTAGTGGCCGCCGTGCGA: CTAGTGGCCGCCGTGCGAA
CCTATAGGATCGACAGTCG: CTATAGGATCGACAGTCGG
CCTATGGCTCAAACTTGAT: CTATGGCTCAAACTTGATG
CCTATGTTACCACGAGCCC: CTATGTTACCACGAGCCCA
CCTCAAAGTGGTATGAAGT: CTCAAAGTGGTATGAAGTC
CCTCAAGTCATCTCAGACC: CTCAAGTCATCTCAGACCG
CCTCACCCGGCTTATCCAA: CTCACCCGGCTTATCCAAC
CCTCCATAAGGGGCTGTCC: CTCCATAAGGGGCTGTCCC
CCTCCATCCGCGCTTTTAG: CTCCATCCGCGCTTTTAGC
CCTCCATGAGCCCGGTGAG: CTCCATGAGCCCGGTGAGG
CCTCCCAGATACACCATTC: CTCCCAGATACACCATTCG
CCTCCCTAGTGGCCGCCGT: CTCCCTAGTGGCCGCCGTG
CCTCCTAAAGTCGTAGAAA: CTCCTAAAGTCGTAGAAAA
CCTCCTACCTCCATAAGGG: CTCCTACCTCCATAAGGGG
CCTCGGCGATAGGGTTGTG: CTCGGCGATAGGGTTGTGC
CCTCGTGACCTTCAACCGG: CTCGTGACCTTCAACCGGG
CCTCGTGTGAAGCTGTAGG: CTCGTGTGAAGCTGTAGGC
CCTCTGGTTCCAGCGTCTG: CTCTGGTTCCAGCGTCTGA
CCTCTTGGTGAGATTCCTT: CTCTTGGTGAGATTCCTTG
CCTGAATTGCAAAACCATC: CTGAATTGCAAAACCATCC
CCTGCAAGTTGGCTCAACA: CTGCAAGTTGGCTCAACAT
CCTGCGGGCTTTCTAGCAT: CTGCGGGCTTTCTAGCATG
CCTGGACCATACCCTCGGC: CTGGACCATACCCTCGGCG
CCTGGAGGAAAGGCTGCTG: CTGGAGGAAAGGCTGCTGG
CCTGTCTCATGTTGCATTG: CTGTCTCATGTTGCATTGG
CCTGTGTACCTCTTGGTGA: CTGTGTACCTCTTGGTGAG
CCTGTTCCGTCTCTACATT: CTGTTCCGTCTCTACATTT
CCTTAAAAAGTACCCTCCC: CTTAAAAAGTACCCTCCCT
CCTTCAACCGGGTGGATCG: CTTCAACCGGGTGGATCGC
CCTTCCCAGTCCCTGGAGG: CTTCCCAGTCCCTGGAGGA
CCTTCTTACAGTTATTAGA: CTTCTTACAGTTATTAGAA
CCTTGCCGTCCAATGAGGC: CTTGCCGTCCAATGAGGCG
CCTTTCCGAGCCGGAACCA: CTTTCCGAGCCGGAACCAT
CCTTTCGCACGAGCCCATT: CTTTCGCACGAGCCCATTG
CGAAAATGTACGACAAGAG: GAAAATGTACGACAAGAGA
CGAAAGTTATAATGCGGGT: GAAAGTTATAATGCGGGTC
CGAACCGAATCAACTGCAG: GAACCGAATCAACTGCAGA
CGAATACACTATATCCACC: GAATACACTATATCCACCA
CGAATATTATCACATTCGA: GAATATTATCACATTCGAG
CGAATCAACTGCAGACTTC: GAATCAACTGCAGACTTCG
CGAATCGCCTATAGGATCG: GAATCGCCTATAGGATCGA
CGAATGCCACCGAAAGTTA: GAATGCCACCGAAAGTTAT
CGAATTGCGTAATCGTAGT: GAATTGCGTAATCGTAGTC
CGACAAGAGAGCGCTGGGA: GACAAGAGAGCGCTGGGAA
CGACAGGTCGTATCCAACC: GACAGGTCGTATCCAACCG
CGACAGTCGGTCTCAAGAA: GACAGTCGGTCTCAAGAAG
CGACCAGGTGCAAAAAGCC: GACCAGGTGCAAAAAGCCA
CGACGCATTATCTTTTATT: GACGCATTATCTTTTATTA
CGACTAAAGGTGCCTCGTG: GACTAAAGGTGCCTCGTGA
CGAGAAGTATCGCTCAAAT: GAGAAGTATCGCTCAAATC
CGAGACATGCCCTGCGGGC: GAGACATGCCCTGCGGGCT
CGAGACCTAAATAGATGGC: GAGACCTAAATAGATGGCT
CGAGAGACCGTGCTGAATA: GAGAGACCGTGCTGAATAA
CGAGCCCAAGAACATTGGG: GAGCCCAAGAACATTGGGT
CGAGCCCATTGGGTGCTGC: GAGCCCATTGGGTGCTGCT
CGAGCCGGAACCATCGTAG: GAGCCGGAACCATCGTAGT
CGAGGTCTTCGAGACATGC: GAGGTCTTCGAGACATGCC
CGATACCTATGTTACCACG: GATACCTATGTTACCACGA
CGATAGGGTTGTGCTGCCG: GATAGGGTTGTGCTGCCGG
CGATATTATGTAAAGCCCT: GATATTATGTAAAGCCCTA
CGATCAGTCTCCGATCCTC: GATCAGTCTCCGATCCTCC
CGATCCCTATGGCTCAAAC: GATCCCTATGGCTCAAACT
CGATCCTCCATGAGCCCGG: GATCCTCCATGAGCCCGGT
CGATTTGATACCGCGAAAA: GATTTGATACCGCGAAAAT
CGCAACCATAAAATCAGGT: GCAACCATAAAATCAGGTC
CGCACGAGCCCATTGGGTG: GCACGAGCCCATTGGGTGC
CGCACGGACACCAGCAGGT: GCACGGACACCAGCAGGTC
CGCAGAAATACTGTTAGGT: GCAGAAATACTGTTAGGTC
CGCAGATGTGGGGCTCCGT: GCAGATGTGGGGCTCCGTC
CGCATAAGGAGATCAGGCA: GCATAAGGAGATCAGGCAT
CGCATAGACTTCGACAGGT: GCATAGACTTCGACAGGTC
CGCATGTTGTGCCATACGC: GCATGTTGTGCCATACGCT
CGCATTATCTTTTATTATT: GCATTATCTTTTATTATTC
CGCATTGAAAGCTACAAAT: GCATTGAAAGCTACAAATT
CGCATTTGCGAGACCTAAA: GCATTTGCGAGACCTAAAT
CGCCACACGCTAAAGTCCA: GCCACACGCTAAAGTCCAA
CGCCCATCGACTAAAGGTG: GCCCATCGACTAAAGGTGC
CGCCCTCGTGTGAAGCTGT: GCCCTCGTGTGAAGCTGTA
CGCCGCTGAGAATTATACT: GCCGCTGAGAATTATACTG
CGCCGTGCGAACCGAATCA: GCCGTGCGAACCGAATCAA
CGCCTATAGGATCGACAGT: GCCTATAGGATCGACAGTC
CGCGAAAATGTACGACAAG: GCGAAAATGTACGACAAGA
CGCGCATAAGGAGATCAGG: GCGCATAAGGAGATCAGGC
CGCGCTTTTAGCGGCGGAG: GCGCTTTTAGCGGCGGAGG
CGCGGGGTGGTCGATATTA: GCGGGGTGGTCGATATTAT
CGCGTCGGGTAGGTAGAGG: GCGTCGGGTAGGTAGAGGA
CGCTAAAGTCCAATGTCTT: GCTAAAGTCCAATGTCTTG
CGCTAGTCTGTAACTCCCT: GCTAGTCTGTAACTCCCTG
CGCTCAAATCCCGGCCCAG: GCTCAAATCCCGGCCCAGT
CGCTCGTATTTTTGCACTG: GCTCGTATTTTTGCACTGA
CGCTGACCCGTTCGTGAAT: GCTGACCCGTTCGTGAATC
CGCTGAGAATTATACTGCT: GCTGAGAATTATACTGCTC
CGCTGCCCGGTAAGACCTG: GCTGCCCGGTAAGACCTGC
CGCTGCTTCAGAACCTGGA: GCTGCTTCAGAACCTGGAC
CGCTGGGAACATCTACTTA: GCTGGGAACATCTACTTAT
CGCTTTGCAGAAGTTCGTC: GCTTTGCAGAAGTTCGTCG
CGCTTTTAGCGGCGGAGGC: GCTTTTAGCGGCGGAGGCT
CGGAAATCAATTCGAGAAG: GGAAATCAATTCGAGAAGT
CGGAACCATCGTAGTGAGC: GGAACCATCGTAGTGAGCG
CGGACACCAGCAGGTCGTA: GGACACCAGCAGGTCGTAT
CGGAGGCTACTTCAAGCAA: GGAGGCTACTTCAAGCAAC
CGGATATTCTTTACACCGC: GGATATTCTTTACACCGCC
CGGCATCGGTGGAAAAAAC: GGCATCGGTGGAAAAAACT
CGGCCAGATGGGATGGCTT: GGCCAGATGGGATGGCTTG
CGGCCCAGTTCCATCTTAT: GGCCCAGTTCCATCTTATA
CGGCGATAGGGTTGTGCTG: GGCGATAGGGTTGTGCTGC
CGGCGGAGGCTACTTCAAG: GGCGGAGGCTACTTCAAGC
CGGCTATCTGCGTTATCAG: GGCTATCTGCGTTATCAGC
CGGCTCTCACGTGATTGAG: GGCTCTCACGTGATTGAGT
CGGCTTATCCAACGATCCC: GGCTTATCCAACGATCCCT
CGGGCTTTCTAGCATGTCG: GGGCTTTCTAGCATGTCGG
CGGGGAGGCGTTCATTCCC: GGGGAGGCGTTCATTCCCT
CGGGGCCCTCACCCGGCTT: GGGGCCCTCACCCGGCTTA
CGGGGTGGTCGATATTATG: GGGGTGGTCGATATTATGT
CGGGTAGGTAGAGGAAATG: GGGTAGGTAGAGGAAATGT
CGGGTCGACGCATTATCTT: GGGTCGACGCATTATCTTT
CGGGTGGATCGCTAGTCTG: GGGTGGATCGCTAGTCTGT
CGGTAAGACCTGCAAGTTG: GGTAAGACCTGCAAGTTGG
CGGTAATTTGTCAACTTCA: GGTAATTTGTCAACTTCAG
CGGTACATCAAGGCGTGCA: GGTACATCAAGGCGTGCAT
CGGTAGGCGCGCATAAGGA: GGTAGGCGCGCATAAGGAG
CGGTATTCGTCCGTGGGGC: GGTATTCGTCCGTGGGGCC
CGGTCTCAAGAAGTTCGAC: GGTCTCAAGAAGTTCGACC
CGGTGAGGGCCTGTCTCAT: GGTGAGGGCCTGTCTCATG
CGGTGGAAAAAACTAGCCC: GGTGGAAAAAACTAGCCCT
CGGTGGCTGCGTTTGGGTC: GGTGGCTGCGTTTGGGTCA
CGTAATCGTAGTCCCTGAA: GTAATCGTAGTCCCTGAAT
CGTACTTGGGTAATAGTTT: GTACTTGGGTAATAGTTTA
CGTAGAAAACGATCAGTCT: GTAGAAAACGATCAGTCTC
CGTAGATTTCCACTCTGCG: GTAGATTTCCACTCTGCGC
CGTAGTCCCTGAATTGCAA: GTAGTCCCTGAATTGCAAA
CGTAGTGAGCGCAGATGTG: GTAGTGAGCGCAGATGTGG
CGTATCCAACCGAATACAC: GTATCCAACCGAATACACT
CGTATCCAACCGAATATTA: GTATCCAACCGAATATTAT
CGTATCCAACCGAATGCCA: GTATCCAACCGAATGCCAC
CGTATCCAACCGAATTGCG: GTATCCAACCGAATTGCGT
CGTATTTTTGCACTGATCG: GTATTTTTGCACTGATCGC
CGTCATCTCCACAGGTCAG: GTCATCTCCACAGGTCAGG
CGTCCAATGAGGCGGTAGG: GTCCAATGAGGCGGTAGGC
CGTCCGTGGGGCCGGCTAT: GTCCGTGGGGCCGGCTATC
CGTCGAATCGCCTATAGGA: GTCGAATCGCCTATAGGAT
CGTCGATACCTATGTTACC: GTCGATACCTATGTTACCA
CGTCGGGTAGGTAGAGGAA: GTCGGGTAGGTAGAGGAAA
CGTCTCTACATTTGAATAC: GTCTCTACATTTGAATACA
CGTCTGACTCATGTACCGC: GTCTGACTCATGTACCGCG
CGTCTGGATGTGACCCTTT: GTCTGGATGTGACCCTTTC
CGTGAATCACATTAGTCCA: GTGAATCACATTAGTCCAA
CGTGACCTTCAACCGGGTG: GTGACCTTCAACCGGGTGG
CGTGACTTCTAGTCCACTT: GTGACTTCTAGTCCACTTC
CGTGATTGAGTTGAGATGA: GTGATTGAGTTGAGATGAA
CGTGCACGTCTGGATGTGA: GTGCACGTCTGGATGTGAC
CGTGCATATTCTTTCAGGT: GTGCATATTCTTTCAGGTG
CGTGCGAACCGAATCAACT: GTGCGAACCGAATCAACTG
CGTGCTGAATAAGAGGGGG: GTGCTGAATAAGAGGGGGG
CGTGGGGCCGGCTATCTGC: GTGGGGCCGGCTATCTGCG
CGTGGTAAAAGAACAATAG: GTGGTAAAAGAACAATAGA
CGTGTGAAGCTGTAGGCAG: GTGTGAAGCTGTAGGCAGT
CGTTACATCAGGCGTAGAT: GTTACATCAGGCGTAGATT
CGTTATCAGCGTCATCTCC: GTTATCAGCGTCATCTCCA
CGTTCATTCCCTTCTTACA: GTTCATTCCCTTCTTACAG
CGTTCGTGAATCACATTAG: GTTCGTGAATCACATTAGT
CGTTTAATAAGGTCGCTGA: GTTTAATAAGGTCGCTGAC
CGTTTGGGTCAGTCGCATT: GTTTGGGTCAGTCGCATTG
CGTTTTTATTAAGAAGGCC: GTTTTTATTAAGAAGGCCT
CTAAAGCGGAAATCAATTC: TAAAGCGGAAATCAATTCG
CTAAAGGTGCCTCGTGACC: TAAAGGTGCCTCGTGACCT
CTAAAGTCCAATGTCTTGC: TAAAGTCCAATGTCTTGCA
CTAAAGTCGTAGAAAACGA: TAAAGTCGTAGAAAACGAT
CTAAATAGATGGCTAGGCG: TAAATAGATGGCTAGGCGT
CTACAAATTTCCTCAAGTC: TACAAATTTCCTCAAGTCA
CTACATTTGAATACAAGCA: TACATTTGAATACAAGCAA
CTACCCTCCTAAAGTCGTA: TACCCTCCTAAAGTCGTAG
CTACCTCCATAAGGGGCTG: TACCTCCATAAGGGGCTGT
CTACTTATGACGTTACATC: TACTTATGACGTTACATCA
CTACTTCAAGCAACTCTAA: TACTTCAAGCAACTCTAAA
CTAGACTTCTTTATTATGG: TAGACTTCTTTATTATGGT
CTAGCATGTCGGCATCGGT: TAGCATGTCGGCATCGGTG
CTAGCCCTTTCGCACGAGC: TAGCCCTTTCGCACGAGCC
CTAGCGGTACATCAAGGCG: TAGCGGTACATCAAGGCGT
CTAGGCGTTTTTATTAAGA: TAGGCGTTTTTATTAAGAA
CTAGTCCACTTCCATCCGG: TAGTCCACTTCCATCCGGC
CTAGTCTGTAACTCCCTGT: TAGTCTGTAACTCCCTGTG
CTAGTGGCCGCCGTGCGAA: TAGTGGCCGCCGTGCGAAC
CTATAGGATCGACAGTCGG: TATAGGATCGACAGTCGGT
CTATATCCACCACCCGCTC: TATATCCACCACCCGCTCG
CTATCTGCGTTATCAGCGT: TATCTGCGTTATCAGCGTC
CTATGAGCAGTGTCAAAAT: TATGAGCAGTGTCAAAATT
CTATGGCTCAAACTTGATG: TATGGCTCAAACTTGATGG
CTATGTTACCACGAGCCCA: TATGTTACCACGAGCCCAA
CTCAAACTTGATGGATCTG: TCAAACTTGATGGATCTGT
CTCAAAGTGGTATGAAGTC: TCAAAGTGGTATGAAGTCT
CTCAAATCCCGGCCCAGTT: TCAAATCCCGGCCCAGTTC
CTCAACATATAGAATCCGC: TCAACATATAGAATCCGCG
CTCAAGAAGTTCGACCAGG: TCAAGAAGTTCGACCAGGT
CTCAAGTCATCTCAGACCG: TCAAGTCATCTCAGACCGG
CTCACATCATCTTTTACAC: TCACATCATCTTTTACACA
CTCACCCGGCTTATCCAAC: TCACCCGGCTTATCCAACG
CTCACGTGATTGAGTTGAG: TCACGTGATTGAGTTGAGA
CTCAGACCGGTATTCGTCC: TCAGACCGGTATTCGTCCG
CTCATGTACCGCGTCGGGT: TCATGTACCGCGTCGGGTA
CTCATGTTGCATTGGGTGC: TCATGTTGCATTGGGTGCT
CTCATTGGGTGCTGCTCGC: TCATTGGGTGCTGCTCGCA
CTCCACAGGTCAGGAATGG: TCCACAGGTCAGGAATGGA
CTCCATAAGGGGCTGTCCC: TCCATAAGGGGCTGTCCCT
CTCCATCCGCGCTTTTAGC: TCCATCCGCGCTTTTAGCG
CTCCATGAGCCCGGTGAGG: TCCATGAGCCCGGTGAGGG
CTCCCAGATACACCATTCG: TCCCAGATACACCATTCGT
CTCCCAGCCCTCAAAGTGG: TCCCAGCCCTCAAAGTGGT
CTCCCTAGTGGCCGCCGTG: TCCCTAGTGGCCGCCGTGC
CTCCCTGTGTACCTCTTGG: TCCCTGTGTACCTCTTGGT
CTCCGATCCTCCATGAGCC: TCCGATCCTCCATGAGCCC
CTCCGTCGAATCGCCTATA: TCCGTCGAATCGCCTATAG
CTCCTAAAGTCGTAGAAAA: TCCTAAAGTCGTAGAAAAC
CTCCTACCTCCATAAGGGG: TCCTACCTCCATAAGGGGC
CTCGCAACCATAAAATCAG: TCGCAACCATAAAATCAGG
CTCGCACGGACACCAGCAG: TCGCACGGACACCAGCAGG
CTCGCAGAAATACTGTTAG: TCGCAGAAATACTGTTAGG
CTCGCATAGACTTCGACAG: TCGCATAGACTTCGACAGG
CTCGGCGATAGGGTTGTGC: TCGGCGATAGGGTTGTGCT
CTCGTATTTTTGCACTGAT: TCGTATTTTTGCACTGATC
CTCGTGACCTTCAACCGGG: TCGTGACCTTCAACCGGGT
CTCGTGTGAAGCTGTAGGC: TCGTGTGAAGCTGTAGGCA
CTCGTTTAATAAGGTCGCT: TCGTTTAATAAGGTCGCTG
CTCTAAAGCGGAAATCAAT: TCTAAAGCGGAAATCAATT
CTCTACATTTGAATACAAG: TCTACATTTGAATACAAGC
CTCTCACGTGATTGAGTTG: TCTCACGTGATTGAGTTGA
CTCTGCGCCCATCGACTAA: TCTGCGCCCATCGACTAAA
CTCTGGTTCCAGCGTCTGA: TCTGGTTCCAGCGTCTGAC
CTCTTGGTGAGATTCCTTG: TCTTGGTGAGATTCCTTGC
CTCTTTGCAACAGCACCCG: TCTTTGCAACAGCACCCGG
CTGAATAAGAGGGGGGGAC: TGAATAAGAGGGGGGGACC
CTGAATTGCAAAACCATCC: TGAATTGCAAAACCATCCT
CTGACCCGTTCGTGAATCA: TGACCCGTTCGTGAATCAC
CTGACTCATGTACCGCGTC: TGACTCATGTACCGCGTCG
CTGAGAATTATACTGCTCA: TGAGAATTATACTGCTCAT
CTGATCGCCGCTGAGAATT: TGATCGCCGCTGAGAATTA
CTGCAAGTTGGCTCAACAT: TGCAAGTTGGCTCAACATA
CTGCAGACTTCGCTTTGCA: TGCAGACTTCGCTTTGCAG
CTGCCCGGTAAGACCTGCA: TGCCCGGTAAGACCTGCAA
CTGCCGGTGGCTGCGTTTG: TGCCGGTGGCTGCGTTTGG
CTGCGCCCATCGACTAAAG: TGCGCCCATCGACTAAAGG
CTGCGGGCTTTCTAGCATG: TGCGGGCTTTCTAGCATGT
CTGCGTTATCAGCGTCATC: TGCGTTATCAGCGTCATCT
CTGCGTTTGGGTCAGTCGC: TGCGTTTGGGTCAGTCGCA
CTGCTCATTGGGTGCTGCT: TGCTCATTGGGTGCTGCTC
CTGCTCGCAACCATAAAAT: TGCTCGCAACCATAAAATC
CTGCTCGCACGGACACCAG: TGCTCGCACGGACACCAGC
CTGCTCGCAGAAATACTGT: TGCTCGCAGAAATACTGTT
CTGCTCGCATAGACTTCGA: TGCTCGCATAGACTTCGAC
CTGCTGGCGGTAATTTGTC: TGCTGGCGGTAATTTGTCA
CTGCTTCAGAACCTGGACC: TGCTTCAGAACCTGGACCA
CTGGACCATACCCTCGGCG: TGGACCATACCCTCGGCGA
CTGGAGGAAAGGCTGCTGG: TGGAGGAAAGGCTGCTGGC
CTGGATGTGACCCTTTCCG: TGGATGTGACCCTTTCCGA
CTGGCGGTAATTTGTCAAC: TGGCGGTAATTTGTCAACT
CTGGGAACATCTACTTATG: TGGGAACATCTACTTATGA
CTGGTTCCAGCGTCTGACT: TGGTTCCAGCGTCTGACTC
CTGTAACTCCCTGTGTACC: TGTAACTCCCTGTGTACCT
CTGTAGGCAGTCTTCATGG: TGTAGGCAGTCTTCATGGT
CTGTCCCTGTTCCGTCTCT: TGTCCCTGTTCCGTCTCTA
CTGTCTCATGTTGCATTGG: TGTCTCATGTTGCATTGGG
CTGTGTACCTCTTGGTGAG: TGTGTACCTCTTGGTGAGA
CTGTTAGGTCGTATCCAAC: TGTTAGGTCGTATCCAACC
CTGTTCCGTCTCTACATTT: TGTTCCGTCTCTACATTTG
CTTAAAAAGTACCCTCCCT: TTAAAAAGTACCCTCCCTA
CTTACAGTTATTAGAATTG: TTACAGTTATTAGAATTGA
CTTATAATCCAGAGCCTAG: TTATAATCCAGAGCCTAGA
CTTATCCAACGATCCCTAT: TTATCCAACGATCCCTATG
CTTATGACGTTACATCAGG: TTATGACGTTACATCAGGC
CTTCAACCGGGTGGATCGC: TTCAACCGGGTGGATCGCT
CTTCAAGCAACTCTAAAGC: TTCAAGCAACTCTAAAGCG
CTTCAGAACCTGGACCATA: TTCAGAACCTGGACCATAC
CTTCAGCCTCCTACCTCCA: TTCAGCCTCCTACCTCCAT
CTTCATGGTACCATCAGGA: TTCATGGTACCATCAGGAA
CTTCCATCCGGCTCTCACG: TTCCATCCGGCTCTCACGT
CTTCCCAGTCCCTGGAGGA: TTCCCAGTCCCTGGAGGAA
CTTCGACAGGTCGTATCCA: TTCGACAGGTCGTATCCAA
CTTCGAGACATGCCCTGCG: TTCGAGACATGCCCTGCGG
CTTCGCTTTGCAGAAGTTC: TTCGCTTTGCAGAAGTTCG
CTTCTAGTCCACTTCCATC: TTCTAGTCCACTTCCATCC
CTTCTTACAGTTATTAGAA: TTCTTACAGTTATTAGAAT
CTTCTTTATTATGGTCAAA: TTCTTTATTATGGTCAAAA
CTTGATGGATCTGTTCCCT: TTGATGGATCTGTTCCCTT
CTTGCAATCCCTTCCCAGT: TTGCAATCCCTTCCCAGTC
CTTGCAATTTGCTCCCAGC: TTGCAATTTGCTCCCAGCC
CTTGCCGTCCAATGAGGCG: TTGCCGTCCAATGAGGCGG
CTTGGACTACCCTCCTAAA: TTGGACTACCCTCCTAAAG
CTTGGGTAATAGTTTACTC: TTGGGTAATAGTTTACTCG
CTTGGTGAGATTCCTTGCC: TTGGTGAGATTCCTTGCCG
CTTTACACCGCCACACGCT: TTTACACCGCCACACGCTA
CTTTATTATGGTCAAAAAT: TTTATTATGGTCAAAAATA
CTTTCAGGTGAAGGATGTC: TTTCAGGTGAAGGATGTCG
CTTTCCGAGCCGGAACCAT: TTTCCGAGCCGGAACCATC
CTTTCGCACGAGCCCATTG: TTTCGCACGAGCCCATTGG
CTTTCTAGCATGTCGGCAT: TTTCTAGCATGTCGGCATC
CTTTGCAACAGCACCCGGA: TTTGCAACAGCACCCGGAT
CTTTGCAGAAGTTCGTCGA: TTTGCAGAAGTTCGTCGAT
CTTTTACACATGACCCGGC: TTTTACACATGACCCGGCC
CTTTTAGCGGCGGAGGCTA: TTTTAGCGGCGGAGGCTAC
CTTTTATTATTCGGGGCCC: TTTTATTATTCGGGGCCCT
GAAAAAACTAGCCCTTTCG: AAAAAACTAGCCCTTTCGC
GAAAACGATCAGTCTCCGA: AAAACGATCAGTCTCCGAT
GAAAATGTACGACAAGAGA: AAAATGTACGACAAGAGAG
GAAAGCTACAAATTTCCTC: AAAGCTACAAATTTCCTCA
GAAAGGCTGCTGGCGGTAA: AAAGGCTGCTGGCGGTAAT
GAAAGTTATAATGCGGGTC: AAAGTTATAATGCGGGTCG
GAAATACAGGCCACCGTGA: AAATACAGGCCACCGTGAC
GAAATACTGTTAGGTCGTA: AAATACTGTTAGGTCGTAT
GAAATCAATTCGAGAAGTA: AAATCAATTCGAGAAGTAT
GAAATGTATTGGGATTTGG: AAATGTATTGGGATTTGGC
GAAATGTTCGGGGAGGCGT: AAATGTTCGGGGAGGCGTT
GAACAATAGAATGGAAATG: AACAATAGAATGGAAATGT
GAACACGATTTGATACCGC: AACACGATTTGATACCGCG
GAACATCTACTTATGACGT: AACATCTACTTATGACGTT
GAACATTGGGTGCTGCTCG: AACATTGGGTGCTGCTCGC
GAACCATCGTAGTGAGCGC: AACCATCGTAGTGAGCGCA
GAACCGAATCAACTGCAGA: AACCGAATCAACTGCAGAC
GAACCTGGACCATACCCTC: AACCTGGACCATACCCTCG
GAAGCTATGAGCAGTGTCA: AAGCTATGAGCAGTGTCAA
GAAGCTGTAGGCAGTCTTC: AAGCTGTAGGCAGTCTTCA
GAAGGATGTCGTGCACGTC: AAGGATGTCGTGCACGTCT
GAAGGCCTTAAAAAGTACC: AAGGCCTTAAAAAGTACCC
GAAGTATCGCTCAAATCCC: AAGTATCGCTCAAATCCCG
GAAGTCTCACATCATCTTT: AAGTCTCACATCATCTTTT
GAAGTTCGACCAGGTGCAA: AAGTTCGACCAGGTGCAAA
GAAGTTCGTCGATACCTAT: AAGTTCGTCGATACCTATG
GAATAAGAGGGGGGGACCT: AATAAGAGGGGGGGACCTC
GAATACAAGCAATAAGAAT: AATACAAGCAATAAGAATT
GAATACACTATATCCACCA: AATACACTATATCCACCAC
GAATATTATCACATTCGAG: AATATTATCACATTCGAGG
GAATCAACTGCAGACTTCG: AATCAACTGCAGACTTCGC
GAATCACATTAGTCCAAGC: AATCACATTAGTCCAAGCT
GAATCCGCGGGGTGGTCGA: AATCCGCGGGGTGGTCGAT
GAATCGCCTATAGGATCGA: AATCGCCTATAGGATCGAC
GAATGCCACCGAAAGTTAT: AATGCCACCGAAAGTTATA
GAATGGAAATGTATTGGGA: AATGGAAATGTATTGGGAT
GAATGGACATCCTCCCAGA: AATGGACATCCTCCCAGAT
GAATTACGCCCTCGTGTGA: AATTACGCCCTCGTGTGAA
GAATTATACTGCTCATTGG: AATTATACTGCTCATTGGG
GAATTGAAGCTATGAGCAG: AATTGAAGCTATGAGCAGT
GAATTGCAAAACCATCCTC: AATTGCAAAACCATCCTCC
GAATTGCGTAATCGTAGTC: AATTGCGTAATCGTAGTCC
GACAAGAGAGCGCTGGGAA: ACAAGAGAGCGCTGGGAAC
GACACCAGCAGGTCGTATC: ACACCAGCAGGTCGTATCC
GACAGGTCGTATCCAACCG: ACAGGTCGTATCCAACCGA
GACAGTCGGTCTCAAGAAG: ACAGTCGGTCTCAAGAAGT
GACATCCTCCCAGATACAC: ACATCCTCCCAGATACACC
GACATGCCCTGCGGGCTTT: ACATGCCCTGCGGGCTTTC
GACCAGGTGCAAAAAGCCA: ACCAGGTGCAAAAAGCCAA
GACCATACCCTCGGCGATA: ACCATACCCTCGGCGATAG
GACCCGGCCAGATGGGATG: ACCCGGCCAGATGGGATGG
GACCCGTTCGTGAATCACA: ACCCGTTCGTGAATCACAT
GACCCTTTCCGAGCCGGAA: ACCCTTTCCGAGCCGGAAC
GACCGGTATTCGTCCGTGG: ACCGGTATTCGTCCGTGGG
GACCGTGCTGAATAAGAGG: ACCGTGCTGAATAAGAGGG
GACCTAAATAGATGGCTAG: ACCTAAATAGATGGCTAGG
GACCTCTGGTTCCAGCGTC: ACCTCTGGTTCCAGCGTCT
GACCTGCAAGTTGGCTCAA: ACCTGCAAGTTGGCTCAAC
GACCTTCAACCGGGTGGAT: ACCTTCAACCGGGTGGATC
GACGCATTATCTTTTATTA: ACGCATTATCTTTTATTAT
GACGTTACATCAGGCGTAG: ACGTTACATCAGGCGTAGA
GACTAAAGGTGCCTCGTGA: ACTAAAGGTGCCTCGTGAC
GACTACCCTCCTAAAGTCG: ACTACCCTCCTAAAGTCGT
GACTCATGTACCGCGTCGG: ACTCATGTACCGCGTCGGG
GACTTCGACAGGTCGTATC: ACTTCGACAGGTCGTATCC
GACTTCGCTTTGCAGAAGT: ACTTCGCTTTGCAGAAGTT
GACTTCTAGTCCACTTCCA: ACTTCTAGTCCACTTCCAT
GACTTCTTTATTATGGTCA: ACTTCTTTATTATGGTCAA
GAGAAGTATCGCTCAAATC: AGAAGTATCGCTCAAATCC
GAGAATTATACTGCTCATT: AGAATTATACTGCTCATTG
GAGACATGCCCTGCGGGCT: AGACATGCCCTGCGGGCTT
GAGACCGTGCTGAATAAGA: AGACCGTGCTGAATAAGAG
GAGACCTAAATAGATGGCT: AGACCTAAATAGATGGCTA
GAGAGACCGTGCTGAATAA: AGAGACCGTGCTGAATAAG
GAGAGCGCTGGGAACATCT: AGAGCGCTGGGAACATCTA
GAGATCAGGCATATCGTGG: AGATCAGGCATATCGTGGT
GAGATGAACACGATTTGAT: AGATGAACACGATTTGATA
GAGATTCCTTGCCGTCCAA: AGATTCCTTGCCGTCCAAT
GAGCAGTGTCAAAATTCAC: AGCAGTGTCAAAATTCACC
GAGCCCAAGAACATTGGGT: AGCCCAAGAACATTGGGTG
GAGCCCATTGGGTGCTGCT: AGCCCATTGGGTGCTGCTC
GAGCCCGGTGAGGGCCTGT: AGCCCGGTGAGGGCCTGTC
GAGCCGGAACCATCGTAGT: AGCCGGAACCATCGTAGTG
GAGCCTAGACTTCTTTATT: AGCCTAGACTTCTTTATTA
GAGCGCAGATGTGGGGCTC: AGCGCAGATGTGGGGCTCC
GAGCGCTGGGAACATCTAC: AGCGCTGGGAACATCTACT
GAGGAAAGGCTGCTGGCGG: AGGAAAGGCTGCTGGCGGT
GAGGAAATGTTCGGGGAGG: AGGAAATGTTCGGGGAGGC
GAGGCGGTAGGCGCGCATA: AGGCGGTAGGCGCGCATAA
GAGGCGTTCATTCCCTTCT: AGGCGTTCATTCCCTTCTT
GAGGCTACTTCAAGCAACT: AGGCTACTTCAAGCAACTC
GAGGGCCTGTCTCATGTTG: AGGGCCTGTCTCATGTTGC
GAGGGGGGGACCTCTGGTT: AGGGGGGGACCTCTGGTTC
GAGGTCTTCGAGACATGCC: AGGTCTTCGAGACATGCCC
GAGTTGAGATGAACACGAT: AGTTGAGATGAACACGATT
GATACACCATTCGTACTTG: ATACACCATTCGTACTTGG
GATACCGCGAAAATGTACG: ATACCGCGAAAATGTACGA
GATACCTATGTTACCACGA: ATACCTATGTTACCACGAG
GATAGGGTTGTGCTGCCGG: ATAGGGTTGTGCTGCCGGT
GATATTATGTAAAGCCCTA: ATATTATGTAAAGCCCTAG
GATATTCTTTACACCGCCA: ATATTCTTTACACCGCCAC
GATCAGGCATATCGTGGTA: ATCAGGCATATCGTGGTAA
GATCAGTCTCCGATCCTCC: ATCAGTCTCCGATCCTCCA
GATCCCTATGGCTCAAACT: ATCCCTATGGCTCAAACTT
GATCCTCCATGAGCCCGGT: ATCCTCCATGAGCCCGGTG
GATCGACAGTCGGTCTCAA: ATCGACAGTCGGTCTCAAG
GATCGCCGCTGAGAATTAT: ATCGCCGCTGAGAATTATA
GATCGCTAGTCTGTAACTC: ATCGCTAGTCTGTAACTCC
GATCTGTTCCCTTCCAACC: ATCTGTTCCCTTCCAACCT
GATGAACACGATTTGATAC: ATGAACACGATTTGATACC
GATGGATCTGTTCCCTTCC: ATGGATCTGTTCCCTTCCA
GATGGCTAGGCGTTTTTAT: ATGGCTAGGCGTTTTTATT
GATGGCTTGGACTACCCTC: ATGGCTTGGACTACCCTCC
GATGGGATGGCTTGGACTA: ATGGGATGGCTTGGACTAC
GATGTCGTGCACGTCTGGA: ATGTCGTGCACGTCTGGAT
GATGTGACCCTTTCCGAGC: ATGTGACCCTTTCCGAGCC
GATGTGGGGCTCCGTCGAA: ATGTGGGGCTCCGTCGAAT
GATTCCTTGCCGTCCAATG: ATTCCTTGCCGTCCAATGA
GATTGAGTTGAGATGAACA: ATTGAGTTGAGATGAACAC
GATTTCCACTCTGCGCCCA: ATTTCCACTCTGCGCCCAT
GATTTGATACCGCGAAAAT: ATTTGATACCGCGAAAATG
GATTTGGCAGTTTTTCACA: ATTTGGCAGTTTTTCACAA
GCAAAAAGCCAAACGCATT: CAAAAAGCCAAACGCATTT
GCAAAACCATCCTCCATCC: CAAAACCATCCTCCATCCG
GCAACAGCACCCGGATATT: CAACAGCACCCGGATATTC
GCAACCATAAAATCAGGTC: CAACCATAAAATCAGGTCG
GCAACTCTAAAGCGGAAAT: CAACTCTAAAGCGGAAATC
GCAAGTTGGCTCAACATAT: CAAGTTGGCTCAACATATA
GCAATAAGAATTACGCCCT: CAATAAGAATTACGCCCTC
GCAATCCCTTCCCAGTCCC: CAATCCCTTCCCAGTCCCT
GCAATTTGCTCCCAGCCCT: CAATTTGCTCCCAGCCCTC
GCACCCGGATATTCTTTAC: CACCCGGATATTCTTTACA
GCACGAGCCCATTGGGTGC: CACGAGCCCATTGGGTGCT
GCACGGACACCAGCAGGTC: CACGGACACCAGCAGGTCG
GCACGTCTGGATGTGACCC: CACGTCTGGATGTGACCCT
GCACTGATCGCCGCTGAGA: CACTGATCGCCGCTGAGAA
GCAGAAATACTGTTAGGTC: CAGAAATACTGTTAGGTCG
GCAGAAGTTCGTCGATACC: CAGAAGTTCGTCGATACCT
GCAGACTTCGCTTTGCAGA: CAGACTTCGCTTTGCAGAA
GCAGATGTGGGGCTCCGTC: CAGATGTGGGGCTCCGTCG
GCAGGTCGTATCCAACCGA: CAGGTCGTATCCAACCGAA
GCAGTCTTCATGGTACCAT: CAGTCTTCATGGTACCATC
GCAGTGTCAAAATTCACCA: CAGTGTCAAAATTCACCAG
GCAGTTTTTCACAAGTCGC: CAGTTTTTCACAAGTCGCT
GCATAAGGAGATCAGGCAT: CATAAGGAGATCAGGCATA
GCATAGACTTCGACAGGTC: CATAGACTTCGACAGGTCG
GCATATCGTGGTAAAAGAA: CATATCGTGGTAAAAGAAC
GCATATTCTTTCAGGTGAA: CATATTCTTTCAGGTGAAG
GCATCGGTGGAAAAAACTA: CATCGGTGGAAAAAACTAG
GCATGTCGGCATCGGTGGA: CATGTCGGCATCGGTGGAA
GCATGTTGTGCCATACGCT: CATGTTGTGCCATACGCTG
GCATTATCTTTTATTATTC: CATTATCTTTTATTATTCG
GCATTGAAAGCTACAAATT: CATTGAAAGCTACAAATTT
GCATTGGGTGCTGCTCGCA: CATTGGGTGCTGCTCGCAG
GCATTTGCGAGACCTAAAT: CATTTGCGAGACCTAAATA
GCCAAACGCATTTGCGAGA: CCAAACGCATTTGCGAGAC
GCCACACGCTAAAGTCCAA: CCACACGCTAAAGTCCAAT
GCCACCGAAAGTTATAATG: CCACCGAAAGTTATAATGC
GCCACCGTGACTTCTAGTC: CCACCGTGACTTCTAGTCC
GCCAGATGGGATGGCTTGG: CCAGATGGGATGGCTTGGA
GCCATACGCTGCCCGGTAA: CCATACGCTGCCCGGTAAG
GCCCAAGAACATTGGGTGC: CCCAAGAACATTGGGTGCT
GCCCAGTTCCATCTTATAA: CCCAGTTCCATCTTATAAT
GCCCATCGACTAAAGGTGC: CCCATCGACTAAAGGTGCC
GCCCATTGGGTGCTGCTCG: CCCATTGGGTGCTGCTCGC
GCCCGCATGTTGTGCCATA: CCCGCATGTTGTGCCATAC
GCCCGGTAAGACCTGCAAG: CCCGGTAAGACCTGCAAGT
GCCCGGTGAGGGCCTGTCT: CCCGGTGAGGGCCTGTCTC
GCCCTAGCGGTACATCAAG: CCCTAGCGGTACATCAAGG
GCCCTCAAAGTGGTATGAA: CCCTCAAAGTGGTATGAAG
GCCCTCACCCGGCTTATCC: CCCTCACCCGGCTTATCCA
GCCCTCGTGTGAAGCTGTA: CCCTCGTGTGAAGCTGTAG
GCCCTGCGGGCTTTCTAGC: CCCTGCGGGCTTTCTAGCA
GCCCTTTCGCACGAGCCCA: CCCTTTCGCACGAGCCCAT
GCCGCCGTGCGAACCGAAT: CCGCCGTGCGAACCGAATC
GCCGCTGAGAATTATACTG: CCGCTGAGAATTATACTGC
GCCGGAACCATCGTAGTGA: CCGGAACCATCGTAGTGAG
GCCGGCTATCTGCGTTATC: CCGGCTATCTGCGTTATCA
GCCGGTGGCTGCGTTTGGG: CCGGTGGCTGCGTTTGGGT
GCCGTCCAATGAGGCGGTA: CCGTCCAATGAGGCGGTAG
GCCGTGCGAACCGAATCAA: CCGTGCGAACCGAATCAAC
GCCTAGACTTCTTTATTAT: CCTAGACTTCTTTATTATG
GCCTATAGGATCGACAGTC: CCTATAGGATCGACAGTCG
GCCTCCTACCTCCATAAGG: CCTCCTACCTCCATAAGGG
GCCTCGTGACCTTCAACCG: CCTCGTGACCTTCAACCGG
GCCTGTCTCATGTTGCATT: CCTGTCTCATGTTGCATTG
GCCTTAAAAAGTACCCTCC: CCTTAAAAAGTACCCTCCC
GCGAAAATGTACGACAAGA: CGAAAATGTACGACAAGAG
GCGAACCGAATCAACTGCA: CGAACCGAATCAACTGCAG
GCGAGACCTAAATAGATGG: CGAGACCTAAATAGATGGC
GCGATAGGGTTGTGCTGCC: CGATAGGGTTGTGCTGCCG
GCGCAGATGTGGGGCTCCG: CGCAGATGTGGGGCTCCGT
GCGCATAAGGAGATCAGGC: CGCATAAGGAGATCAGGCA
GCGCCCATCGACTAAAGGT: CGCCCATCGACTAAAGGTG
GCGCGCATAAGGAGATCAG: CGCGCATAAGGAGATCAGG
GCGCTGGGAACATCTACTT: CGCTGGGAACATCTACTTA
GCGCTTTTAGCGGCGGAGG: CGCTTTTAGCGGCGGAGGC
GCGGAAATCAATTCGAGAA: CGGAAATCAATTCGAGAAG
GCGGAGGCTACTTCAAGCA: CGGAGGCTACTTCAAGCAA
GCGGCGGAGGCTACTTCAA: CGGCGGAGGCTACTTCAAG
GCGGGCTTTCTAGCATGTC: CGGGCTTTCTAGCATGTCG
GCGGGGTGGTCGATATTAT: CGGGGTGGTCGATATTATG
GCGGGTCGACGCATTATCT: CGGGTCGACGCATTATCTT
GCGGTAATTTGTCAACTTC: CGGTAATTTGTCAACTTCA
GCGGTACATCAAGGCGTGC: CGGTACATCAAGGCGTGCA
GCGGTAGGCGCGCATAAGG: CGGTAGGCGCGCATAAGGA
GCGTAATCGTAGTCCCTGA: CGTAATCGTAGTCCCTGAA
GCGTAGATTTCCACTCTGC: CGTAGATTTCCACTCTGCG
GCGTCATCTCCACAGGTCA: CGTCATCTCCACAGGTCAG
GCGTCGGGTAGGTAGAGGA: CGTCGGGTAGGTAGAGGAA
GCGTCTGACTCATGTACCG: CGTCTGACTCATGTACCGC
GCGTGCATATTCTTTCAGG: CGTGCATATTCTTTCAGGT
GCGTTATCAGCGTCATCTC: CGTTATCAGCGTCATCTCC
GCGTTCATTCCCTTCTTAC: CGTTCATTCCCTTCTTACA
GCGTTTGGGTCAGTCGCAT: CGTTTGGGTCAGTCGCATT
GCGTTTTTATTAAGAAGGC: CGTTTTTATTAAGAAGGCC
GCTAAAGTCCAATGTCTTG: CTAAAGTCCAATGTCTTGC
GCTACAAATTTCCTCAAGT: CTACAAATTTCCTCAAGTC
GCTACTTCAAGCAACTCTA: CTACTTCAAGCAACTCTAA
GCTAGGCGTTTTTATTAAG: CTAGGCGTTTTTATTAAGA
GCTAGTCTGTAACTCCCTG: CTAGTCTGTAACTCCCTGT
GCTATCTGCGTTATCAGCG: CTATCTGCGTTATCAGCGT
GCTATGAGCAGTGTCAAAA: CTATGAGCAGTGTCAAAAT
GCTCAAACTTGATGGATCT: CTCAAACTTGATGGATCTG
GCTCAAATCCCGGCCCAGT: CTCAAATCCCGGCCCAGTT
GCTCAACATATAGAATCCG: CTCAACATATAGAATCCGC
GCTCATTGGGTGCTGCTCG: CTCATTGGGTGCTGCTCGC
GCTCCCAGCCCTCAAAGTG: CTCCCAGCCCTCAAAGTGG
GCTCCGTCGAATCGCCTAT: CTCCGTCGAATCGCCTATA
GCTCGCAACCATAAAATCA: CTCGCAACCATAAAATCAG
GCTCGCACGGACACCAGCA: CTCGCACGGACACCAGCAG
GCTCGCAGAAATACTGTTA: CTCGCAGAAATACTGTTAG
GCTCGCATAGACTTCGACA: CTCGCATAGACTTCGACAG
GCTCGTATTTTTGCACTGA: CTCGTATTTTTGCACTGAT
GCTCTCACGTGATTGAGTT: CTCTCACGTGATTGAGTTG
GCTCTTTGCAACAGCACCC: CTCTTTGCAACAGCACCCG
GCTGAATAAGAGGGGGGGA: CTGAATAAGAGGGGGGGAC
GCTGACCCGTTCGTGAATC: CTGACCCGTTCGTGAATCA
GCTGAGAATTATACTGCTC: CTGAGAATTATACTGCTCA
GCTGCCCGGTAAGACCTGC: CTGCCCGGTAAGACCTGCA
GCTGCCGGTGGCTGCGTTT: CTGCCGGTGGCTGCGTTTG
GCTGCGTTTGGGTCAGTCG: CTGCGTTTGGGTCAGTCGC
GCTGCTCGCAACCATAAAA: CTGCTCGCAACCATAAAAT
GCTGCTCGCACGGACACCA: CTGCTCGCACGGACACCAG
GCTGCTCGCAGAAATACTG: CTGCTCGCAGAAATACTGT
GCTGCTCGCATAGACTTCG: CTGCTCGCATAGACTTCGA
GCTGCTGGCGGTAATTTGT: CTGCTGGCGGTAATTTGTC
GCTGCTTCAGAACCTGGAC: CTGCTTCAGAACCTGGACC
GCTGGCGGTAATTTGTCAA: CTGGCGGTAATTTGTCAAC
GCTGGGAACATCTACTTAT: CTGGGAACATCTACTTATG
GCTGTAGGCAGTCTTCATG: CTGTAGGCAGTCTTCATGG
GCTGTCCCTGTTCCGTCTC: CTGTCCCTGTTCCGTCTCT
GCTTATCCAACGATCCCTA: CTTATCCAACGATCCCTAT
GCTTCAGAACCTGGACCAT: CTTCAGAACCTGGACCATA
GCTTGCAATCCCTTCCCAG: CTTGCAATCCCTTCCCAGT
GCTTGGACTACCCTCCTAA: CTTGGACTACCCTCCTAAA
GCTTTCTAGCATGTCGGCA: CTTTCTAGCATGTCGGCAT
GCTTTGCAGAAGTTCGTCG: CTTTGCAGAAGTTCGTCGA
GCTTTTAGCGGCGGAGGCT: CTTTTAGCGGCGGAGGCTA
GGAAAAAACTAGCCCTTTC: GAAAAAACTAGCCCTTTCG
GGAAAGGCTGCTGGCGGTA: GAAAGGCTGCTGGCGGTAA
GGAAATACAGGCCACCGTG: GAAATACAGGCCACCGTGA
GGAAATCAATTCGAGAAGT: GAAATCAATTCGAGAAGTA
GGAAATGTATTGGGATTTG: GAAATGTATTGGGATTTGG
GGAAATGTTCGGGGAGGCG: GAAATGTTCGGGGAGGCGT
GGAACATCTACTTATGACG: GAACATCTACTTATGACGT
GGAACCATCGTAGTGAGCG: GAACCATCGTAGTGAGCGC
GGAATGGACATCCTCCCAG: GAATGGACATCCTCCCAGA
GGACACCAGCAGGTCGTAT: GACACCAGCAGGTCGTATC
GGACATCCTCCCAGATACA: GACATCCTCCCAGATACAC
GGACCATACCCTCGGCGAT: GACCATACCCTCGGCGATA
GGACCTCTGGTTCCAGCGT: GACCTCTGGTTCCAGCGTC
GGACTACCCTCCTAAAGTC: GACTACCCTCCTAAAGTCG
GGAGATCAGGCATATCGTG: GAGATCAGGCATATCGTGG
GGAGGAAAGGCTGCTGGCG: GAGGAAAGGCTGCTGGCGG
GGAGGCGTTCATTCCCTTC: GAGGCGTTCATTCCCTTCT
GGAGGCTACTTCAAGCAAC: GAGGCTACTTCAAGCAACT
GGATATTCTTTACACCGCC: GATATTCTTTACACCGCCA
GGATCGACAGTCGGTCTCA: GATCGACAGTCGGTCTCAA
GGATCGCTAGTCTGTAACT: GATCGCTAGTCTGTAACTC
GGATCTGTTCCCTTCCAAC: GATCTGTTCCCTTCCAACC
GGATGGCTTGGACTACCCT: GATGGCTTGGACTACCCTC
GGATGTCGTGCACGTCTGG: GATGTCGTGCACGTCTGGA
GGATGTGACCCTTTCCGAG: GATGTGACCCTTTCCGAGC
GGATTTGGCAGTTTTTCAC: GATTTGGCAGTTTTTCACA
GGCAGTCTTCATGGTACCA: GCAGTCTTCATGGTACCAT
GGCAGTTTTTCACAAGTCG: GCAGTTTTTCACAAGTCGC
GGCATATCGTGGTAAAAGA: GCATATCGTGGTAAAAGAA
GGCATCGGTGGAAAAAACT: GCATCGGTGGAAAAAACTA
GGCCACCGTGACTTCTAGT: GCCACCGTGACTTCTAGTC
GGCCAGATGGGATGGCTTG: GCCAGATGGGATGGCTTGG
GGCCCAGTTCCATCTTATA: GCCCAGTTCCATCTTATAA
GGCCCGCATGTTGTGCCAT: GCCCGCATGTTGTGCCATA
GGCCCTCACCCGGCTTATC: GCCCTCACCCGGCTTATCC
GGCCGCCGTGCGAACCGAA: GCCGCCGTGCGAACCGAAT
GGCCGGCTATCTGCGTTAT: GCCGGCTATCTGCGTTATC
GGCCTGTCTCATGTTGCAT: GCCTGTCTCATGTTGCATT
GGCCTTAAAAAGTACCCTC: GCCTTAAAAAGTACCCTCC
GGCGATAGGGTTGTGCTGC: GCGATAGGGTTGTGCTGCC
GGCGCGCATAAGGAGATCA: GCGCGCATAAGGAGATCAG
GGCGGAGGCTACTTCAAGC: GCGGAGGCTACTTCAAGCA
GGCGGTAATTTGTCAACTT: GCGGTAATTTGTCAACTTC
GGCGGTAGGCGCGCATAAG: GCGGTAGGCGCGCATAAGG
GGCGTAGATTTCCACTCTG: GCGTAGATTTCCACTCTGC
GGCGTGCATATTCTTTCAG: GCGTGCATATTCTTTCAGG
GGCGTTCATTCCCTTCTTA: GCGTTCATTCCCTTCTTAC
GGCGTTTTTATTAAGAAGG: GCGTTTTTATTAAGAAGGC
GGCTACTTCAAGCAACTCT: GCTACTTCAAGCAACTCTA
GGCTAGGCGTTTTTATTAA: GCTAGGCGTTTTTATTAAG
GGCTATCTGCGTTATCAGC: GCTATCTGCGTTATCAGCG
GGCTCAAACTTGATGGATC: GCTCAAACTTGATGGATCT
GGCTCAACATATAGAATCC: GCTCAACATATAGAATCCG
GGCTCCGTCGAATCGCCTA: GCTCCGTCGAATCGCCTAT
GGCTCTCACGTGATTGAGT: GCTCTCACGTGATTGAGTT
GGCTGCGTTTGGGTCAGTC: GCTGCGTTTGGGTCAGTCG
GGCTGCTGGCGGTAATTTG: GCTGCTGGCGGTAATTTGT
GGCTGTCCCTGTTCCGTCT: GCTGTCCCTGTTCCGTCTC
GGCTTATCCAACGATCCCT: GCTTATCCAACGATCCCTA
GGCTTGCAATCCCTTCCCA: GCTTGCAATCCCTTCCCAG
GGCTTGGACTACCCTCCTA: GCTTGGACTACCCTCCTAA
GGCTTTCTAGCATGTCGGC: GCTTTCTAGCATGTCGGCA
GGGAACATCTACTTATGAC: GGAACATCTACTTATGACG
GGGACCTCTGGTTCCAGCG: GGACCTCTGGTTCCAGCGT
GGGAGGCGTTCATTCCCTT: GGAGGCGTTCATTCCCTTC
GGGATGGCTTGGACTACCC: GGATGGCTTGGACTACCCT
GGGATTTGGCAGTTTTTCA: GGATTTGGCAGTTTTTCAC
GGGCCCTCACCCGGCTTAT: GGCCCTCACCCGGCTTATC
GGGCCGGCTATCTGCGTTA: GGCCGGCTATCTGCGTTAT
GGGCCTGTCTCATGTTGCA: GGCCTGTCTCATGTTGCAT
GGGCTCCGTCGAATCGCCT: GGCTCCGTCGAATCGCCTA
GGGCTGTCCCTGTTCCGTC: GGCTGTCCCTGTTCCGTCT
GGGCTTTCTAGCATGTCGG: GGCTTTCTAGCATGTCGGC
GGGGACCTCTGGTTCCAGC: GGGACCTCTGGTTCCAGCG
GGGGAGGCGTTCATTCCCT: GGGAGGCGTTCATTCCCTT
GGGGCCCTCACCCGGCTTA: GGGCCCTCACCCGGCTTAT
GGGGCCGGCTATCTGCGTT: GGGCCGGCTATCTGCGTTA
GGGGCTCCGTCGAATCGCC: GGGCTCCGTCGAATCGCCT
GGGGCTGTCCCTGTTCCGT: GGGCTGTCCCTGTTCCGTC
GGGGGACCTCTGGTTCCAG: GGGGACCTCTGGTTCCAGC
GGGGGGACCTCTGGTTCCA: GGGGGACCTCTGGTTCCAG
GGGGGGGACCTCTGGTTCC: GGGGGGACCTCTGGTTCCA
GGGGTGGTCGATATTATGT: GGGTGGTCGATATTATGTA
GGGTAATAGTTTACTCGTT: GGTAATAGTTTACTCGTTT
GGGTAGGTAGAGGAAATGT: GGTAGGTAGAGGAAATGTT
GGGTCAGTCGCATTGAAAG: GGTCAGTCGCATTGAAAGC
GGGTCGACGCATTATCTTT: GGTCGACGCATTATCTTTT
GGGTGCTGCTCGCAACCAT: GGTGCTGCTCGCAACCATA
GGGTGCTGCTCGCACGGAC: GGTGCTGCTCGCACGGACA
GGGTGCTGCTCGCAGAAAT: GGTGCTGCTCGCAGAAATA
GGGTGCTGCTCGCATAGAC: GGTGCTGCTCGCATAGACT
GGGTGGATCGCTAGTCTGT: GGTGGATCGCTAGTCTGTA
GGGTGGTCGATATTATGTA: GGTGGTCGATATTATGTAA
GGGTTGTGCTGCCGGTGGC: GGTTGTGCTGCCGGTGGCT
GGTAAAAGAACAATAGAAT: GTAAAAGAACAATAGAATG
GGTAAGACCTGCAAGTTGG: GTAAGACCTGCAAGTTGGC
GGTAATAGTTTACTCGTTT: GTAATAGTTTACTCGTTTA
GGTAATTTGTCAACTTCAG: GTAATTTGTCAACTTCAGC
GGTACATCAAGGCGTGCAT: GTACATCAAGGCGTGCATA
GGTACCATCAGGAAATACA: GTACCATCAGGAAATACAG
GGTAGAGGAAATGTTCGGG: GTAGAGGAAATGTTCGGGG
GGTAGGCGCGCATAAGGAG: GTAGGCGCGCATAAGGAGA
GGTAGGTAGAGGAAATGTT: GTAGGTAGAGGAAATGTTC
GGTATGAAGTCTCACATCA: GTATGAAGTCTCACATCAT
GGTATTCGTCCGTGGGGCC: GTATTCGTCCGTGGGGCCG
GGTCAAAAATAACCGAGAG: GTCAAAAATAACCGAGAGA
GGTCAGGAATGGACATCCT: GTCAGGAATGGACATCCTC
GGTCAGTCGCATTGAAAGC: GTCAGTCGCATTGAAAGCT
GGTCGACGCATTATCTTTT: GTCGACGCATTATCTTTTA
GGTCGATATTATGTAAAGC: GTCGATATTATGTAAAGCC
GGTCGCTGACCCGTTCGTG: GTCGCTGACCCGTTCGTGA
GGTCGTATCCAACCGAATA: GTCGTATCCAACCGAATAC GTCGTATCCAACCGAATAT
GGTCGTATCCAACCGAATG: GTCGTATCCAACCGAATGC
GGTCGTATCCAACCGAATT: GTCGTATCCAACCGAATTG
GGTCTCAAGAAGTTCGACC: GTCTCAAGAAGTTCGACCA
GGTCTTCGAGACATGCCCT: GTCTTCGAGACATGCCCTG
GGTGAAGGATGTCGTGCAC: GTGAAGGATGTCGTGCACG
GGTGAGATTCCTTGCCGTC: GTGAGATTCCTTGCCGTCC
GGTGAGGGCCTGTCTCATG: GTGAGGGCCTGTCTCATGT
GGTGCAAAAAGCCAAACGC: GTGCAAAAAGCCAAACGCA
GGTGCCTCGTGACCTTCAA: GTGCCTCGTGACCTTCAAC
GGTGCTGCTCGCAACCATA: GTGCTGCTCGCAACCATAA
GGTGCTGCTCGCACGGACA: GTGCTGCTCGCACGGACAC
GGTGCTGCTCGCAGAAATA: GTGCTGCTCGCAGAAATAC
GGTGCTGCTCGCATAGACT: GTGCTGCTCGCATAGACTT
GGTGGAAAAAACTAGCCCT: GTGGAAAAAACTAGCCCTT
GGTGGATCGCTAGTCTGTA: GTGGATCGCTAGTCTGTAA
GGTGGCTGCGTTTGGGTCA: GTGGCTGCGTTTGGGTCAG
GGTGGTCGATATTATGTAA: GTGGTCGATATTATGTAAA
GGTTCCAGCGTCTGACTCA: GTTCCAGCGTCTGACTCAT
GGTTGTGCTGCCGGTGGCT: GTTGTGCTGCCGGTGGCTG
GTAAAAGAACAATAGAATG: TAAAAGAACAATAGAATGG
GTAAAGCCCTAGCGGTACA: TAAAGCCCTAGCGGTACAT
GTAACTCCCTGTGTACCTC: TAACTCCCTGTGTACCTCT
GTAAGACCTGCAAGTTGGC: TAAGACCTGCAAGTTGGCT
GTAATAGTTTACTCGTTTA: TAATAGTTTACTCGTTTAA
GTAATCGTAGTCCCTGAAT: TAATCGTAGTCCCTGAATT
GTAATTTGTCAACTTCAGC: TAATTTGTCAACTTCAGCC
GTACATCAAGGCGTGCATA: TACATCAAGGCGTGCATAT
GTACCATCAGGAAATACAG: TACCATCAGGAAATACAGG
GTACCCTCCCTAGTGGCCG: TACCCTCCCTAGTGGCCGC
GTACCGCGTCGGGTAGGTA: TACCGCGTCGGGTAGGTAG
GTACCTCTTGGTGAGATTC: TACCTCTTGGTGAGATTCC
GTACGACAAGAGAGCGCTG: TACGACAAGAGAGCGCTGG
GTACTTGGGTAATAGTTTA: TACTTGGGTAATAGTTTAC
GTAGAAAACGATCAGTCTC: TAGAAAACGATCAGTCTCC
GTAGAGGAAATGTTCGGGG: TAGAGGAAATGTTCGGGGA
GTAGATTTCCACTCTGCGC: TAGATTTCCACTCTGCGCC
GTAGGCAGTCTTCATGGTA: TAGGCAGTCTTCATGGTAC
GTAGGCGCGCATAAGGAGA: TAGGCGCGCATAAGGAGAT
GTAGGTAGAGGAAATGTTC: TAGGTAGAGGAAATGTTCG
GTAGTCCCTGAATTGCAAA: TAGTCCCTGAATTGCAAAA
GTAGTGAGCGCAGATGTGG: TAGTGAGCGCAGATGTGGG
GTATCCAACCGAATACACT: TATCCAACCGAATACACTA
GTATCCAACCGAATATTAT: TATCCAACCGAATATTATC
GTATCCAACCGAATGCCAC: TATCCAACCGAATGCCACC
GTATCCAACCGAATTGCGT: TATCCAACCGAATTGCGTA
GTATCGCTCAAATCCCGGC: TATCGCTCAAATCCCGGCC
GTATGAAGTCTCACATCAT: TATGAAGTCTCACATCATC
GTATTCGTCCGTGGGGCCG: TATTCGTCCGTGGGGCCGG
GTATTGGGATTTGGCAGTT: TATTGGGATTTGGCAGTTT
GTATTTTTGCACTGATCGC: TATTTTTGCACTGATCGCC
GTCAAAAATAACCGAGAGA: TCAAAAATAACCGAGAGAC
GTCAAAATTCACCAGGCTT: TCAAAATTCACCAGGCTTG
GTCAACTTCAGCCTCCTAC: TCAACTTCAGCCTCCTACC
GTCAGGAATGGACATCCTC: TCAGGAATGGACATCCTCC
GTCAGTCGCATTGAAAGCT: TCAGTCGCATTGAAAGCTA
GTCATCTCAGACCGGTATT: TCATCTCAGACCGGTATTC
GTCATCTCCACAGGTCAGG: TCATCTCCACAGGTCAGGA
GTCCAAGCTCTTTGCAACA: TCCAAGCTCTTTGCAACAG
GTCCAATGAGGCGGTAGGC: TCCAATGAGGCGGTAGGCG
GTCCAATGTCTTGCAATTT: TCCAATGTCTTGCAATTTG
GTCCACTTCCATCCGGCTC: TCCACTTCCATCCGGCTCT
GTCCCTGAATTGCAAAACC: TCCCTGAATTGCAAAACCA
GTCCCTGGAGGAAAGGCTG: TCCCTGGAGGAAAGGCTGC
GTCCCTGTTCCGTCTCTAC: TCCCTGTTCCGTCTCTACA
GTCCGTGGGGCCGGCTATC: TCCGTGGGGCCGGCTATCT
GTCGAATCGCCTATAGGAT: TCGAATCGCCTATAGGATC
GTCGACGCATTATCTTTTA: TCGACGCATTATCTTTTAT
GTCGATACCTATGTTACCA: TCGATACCTATGTTACCAC
GTCGATATTATGTAAAGCC: TCGATATTATGTAAAGCCC
GTCGCATTGAAAGCTACAA: TCGCATTGAAAGCTACAAA
GTCGCTGACCCGTTCGTGA: TCGCTGACCCGTTCGTGAA
GTCGCTGCTTCAGAACCTG: TCGCTGCTTCAGAACCTGG
GTCGGCATCGGTGGAAAAA: TCGGCATCGGTGGAAAAAA
GTCGGGTAGGTAGAGGAAA: TCGGGTAGGTAGAGGAAAT
GTCGGTCTCAAGAAGTTCG: TCGGTCTCAAGAAGTTCGA
GTCGTAGAAAACGATCAGT: TCGTAGAAAACGATCAGTC
GTCGTATCCAACCGAATAC: TCGTATCCAACCGAATACA
GTCGTATCCAACCGAATAT: TCGTATCCAACCGAATATT
GTCGTATCCAACCGAATGC: TCGTATCCAACCGAATGCC
GTCGTATCCAACCGAATTG: TCGTATCCAACCGAATTGC
GTCGTGCACGTCTGGATGT: TCGTGCACGTCTGGATGTG
GTCTCAAGAAGTTCGACCA: TCTCAAGAAGTTCGACCAG
GTCTCACATCATCTTTTAC: TCTCACATCATCTTTTACA
GTCTCATGTTGCATTGGGT: TCTCATGTTGCATTGGGTG
GTCTCCGATCCTCCATGAG: TCTCCGATCCTCCATGAGC
GTCTCTACATTTGAATACA: TCTCTACATTTGAATACAA
GTCTGACTCATGTACCGCG: TCTGACTCATGTACCGCGT
GTCTGGATGTGACCCTTTC: TCTGGATGTGACCCTTTCC
GTCTGTAACTCCCTGTGTA: TCTGTAACTCCCTGTGTAC
GTCTTCATGGTACCATCAG: TCTTCATGGTACCATCAGG
GTCTTCGAGACATGCCCTG: TCTTCGAGACATGCCCTGC
GTCTTGCAATTTGCTCCCA: TCTTGCAATTTGCTCCCAG
GTGAAGCTGTAGGCAGTCT: TGAAGCTGTAGGCAGTCTT
GTGAAGGATGTCGTGCACG: TGAAGGATGTCGTGCACGT
GTGAATCACATTAGTCCAA: TGAATCACATTAGTCCAAG
GTGACCCTTTCCGAGCCGG: TGACCCTTTCCGAGCCGGA
GTGACCTTCAACCGGGTGG: TGACCTTCAACCGGGTGGA
GTGACTTCTAGTCCACTTC: TGACTTCTAGTCCACTTCC
GTGAGATTCCTTGCCGTCC: TGAGATTCCTTGCCGTCCA
GTGAGCGCAGATGTGGGGC: TGAGCGCAGATGTGGGGCT
GTGAGGGCCTGTCTCATGT: TGAGGGCCTGTCTCATGTT
GTGATTGAGTTGAGATGAA: TGATTGAGTTGAGATGAAC
GTGCAAAAAGCCAAACGCA: TGCAAAAAGCCAAACGCAT
GTGCACGTCTGGATGTGAC: TGCACGTCTGGATGTGACC
GTGCATATTCTTTCAGGTG: TGCATATTCTTTCAGGTGA
GTGCCATACGCTGCCCGGT: TGCCATACGCTGCCCGGTA
GTGCCTCGTGACCTTCAAC: TGCCTCGTGACCTTCAACC
GTGCGAACCGAATCAACTG: TGCGAACCGAATCAACTGC
GTGCTGAATAAGAGGGGGG: TGCTGAATAAGAGGGGGGG
GTGCTGCCGGTGGCTGCGT: TGCTGCCGGTGGCTGCGTT
GTGCTGCTCGCAACCATAA: TGCTGCTCGCAACCATAAA
GTGCTGCTCGCACGGACAC: TGCTGCTCGCACGGACACC
GTGCTGCTCGCAGAAATAC: TGCTGCTCGCAGAAATACT
GTGCTGCTCGCATAGACTT: TGCTGCTCGCATAGACTTC
GTGGAAAAAACTAGCCCTT: TGGAAAAAACTAGCCCTTT
GTGGATCGCTAGTCTGTAA: TGGATCGCTAGTCTGTAAC
GTGGCCGCCGTGCGAACCG: TGGCCGCCGTGCGAACCGA
GTGGCTGCGTTTGGGTCAG: TGGCTGCGTTTGGGTCAGT
GTGGGGCCGGCTATCTGCG: TGGGGCCGGCTATCTGCGT
GTGGGGCTCCGTCGAATCG: TGGGGCTCCGTCGAATCGC
GTGGTAAAAGAACAATAGA: TGGTAAAAGAACAATAGAA
GTGGTATGAAGTCTCACAT: TGGTATGAAGTCTCACATC
GTGGTCGATATTATGTAAA: TGGTCGATATTATGTAAAG
GTGTACCTCTTGGTGAGAT: TGTACCTCTTGGTGAGATT
GTGTCAAAATTCACCAGGC: TGTCAAAATTCACCAGGCT
GTGTGAAGCTGTAGGCAGT: TGTGAAGCTGTAGGCAGTC
GTTACATCAGGCGTAGATT: TTACATCAGGCGTAGATTT
GTTACCACGAGCCCAAGAA: TTACCACGAGCCCAAGAAC
GTTAGGTCGTATCCAACCG: TTAGGTCGTATCCAACCGA
GTTATAATGCGGGTCGACG: TTATAATGCGGGTCGACGC
GTTATCAGCGTCATCTCCA: TTATCAGCGTCATCTCCAC
GTTATTAGAATTGAAGCTA: TTATTAGAATTGAAGCTAT
GTTCATTCCCTTCTTACAG: TTCATTCCCTTCTTACAGT
GTTCCAGCGTCTGACTCAT: TTCCAGCGTCTGACTCATG
GTTCCATCTTATAATCCAG: TTCCATCTTATAATCCAGA
GTTCCGTCTCTACATTTGA: TTCCGTCTCTACATTTGAA
GTTCGACCAGGTGCAAAAA: TTCGACCAGGTGCAAAAAG
GTTCGGGGAGGCGTTCATT: TTCGGGGAGGCGTTCATTC
GTTCGTCGATACCTATGTT: TTCGTCGATACCTATGTTA
GTTCGTGAATCACATTAGT: TTCGTGAATCACATTAGTC
GTTGAGATGAACACGATTT: TTGAGATGAACACGATTTG
GTTGCATTGGGTGCTGCTC: TTGCATTGGGTGCTGCTCG
GTTGGCTCAACATATAGAA: TTGGCTCAACATATAGAAT
GTTGTGCCATACGCTGCCC: TTGTGCCATACGCTGCCCG
GTTGTGCTGCCGGTGGCTG: TTGTGCTGCCGGTGGCTGC
GTTTAATAAGGTCGCTGAC: TTTAATAAGGTCGCTGACC
GTTTACTCGTTTAATAAGG: TTTACTCGTTTAATAAGGT
GTTTGGGTCAGTCGCATTG: TTTGGGTCAGTCGCATTGA
GTTTTTATTAAGAAGGCCT: TTTTTATTAAGAAGGCCTT
GTTTTTCACAAGTCGCTGC: TTTTTCACAAGTCGCTGCT
TAAAAAGTACCCTCCCTAG: AAAAAGTACCCTCCCTAGT
TAAAAGAACAATAGAATGG: AAAAGAACAATAGAATGGA
TAAAATCAGGTCGTATCCA: AAAATCAGGTCGTATCCAA
TAAAGCCCTAGCGGTACAT: AAAGCCCTAGCGGTACATC
TAAAGCGGAAATCAATTCG: AAAGCGGAAATCAATTCGA
TAAAGGTGCCTCGTGACCT: AAAGGTGCCTCGTGACCTT
TAAAGTCCAATGTCTTGCA: AAAGTCCAATGTCTTGCAA
TAAAGTCGTAGAAAACGAT: AAAGTCGTAGAAAACGATC
TAAATAGATGGCTAGGCGT: AAATAGATGGCTAGGCGTT
TAACCGAGAGACCGTGCTG: AACCGAGAGACCGTGCTGA
TAACTCCCTGTGTACCTCT: AACTCCCTGTGTACCTCTT
TAAGAAGGCCTTAAAAAGT: AAGAAGGCCTTAAAAAGTA
TAAGAATTACGCCCTCGTG: AAGAATTACGCCCTCGTGT
TAAGACCTGCAAGTTGGCT: AAGACCTGCAAGTTGGCTC
TAAGAGGGGGGGACCTCTG: AAGAGGGGGGGACCTCTGG
TAAGGAGATCAGGCATATC: AAGGAGATCAGGCATATCG
TAAGGGGCTGTCCCTGTTC: AAGGGGCTGTCCCTGTTCC
TAAGGTCGCTGACCCGTTC: AAGGTCGCTGACCCGTTCG
TAATAAGGTCGCTGACCCG: AATAAGGTCGCTGACCCGT
TAATAGTTTACTCGTTTAA: AATAGTTTACTCGTTTAAT
TAATCCAGAGCCTAGACTT: AATCCAGAGCCTAGACTTC
TAATCGTAGTCCCTGAATT: AATCGTAGTCCCTGAATTG
TAATGCGGGTCGACGCATT: AATGCGGGTCGACGCATTA
TAATTTGTCAACTTCAGCC: AATTTGTCAACTTCAGCCT
TACAAATTTCCTCAAGTCA: ACAAATTTCCTCAAGTCAT
TACAAGCAATAAGAATTAC: ACAAGCAATAAGAATTACG
TACACATGACCCGGCCAGA: ACACATGACCCGGCCAGAT
TACACCATTCGTACTTGGG: ACACCATTCGTACTTGGGT
TACACCGCCACACGCTAAA: ACACCGCCACACGCTAAAG
TACACTATATCCACCACCC: ACACTATATCCACCACCCG
TACAGGCCACCGTGACTTC: ACAGGCCACCGTGACTTCT
TACAGTTATTAGAATTGAA: ACAGTTATTAGAATTGAAG
TACATCAAGGCGTGCATAT: ACATCAAGGCGTGCATATT
TACATCAGGCGTAGATTTC: ACATCAGGCGTAGATTTCC
TACATTTGAATACAAGCAA: ACATTTGAATACAAGCAAT
TACCACGAGCCCAAGAACA: ACCACGAGCCCAAGAACAT
TACCATCAGGAAATACAGG: ACCATCAGGAAATACAGGC
TACCCTCCCTAGTGGCCGC: ACCCTCCCTAGTGGCCGCC
TACCCTCCTAAAGTCGTAG: ACCCTCCTAAAGTCGTAGA
TACCCTCGGCGATAGGGTT: ACCCTCGGCGATAGGGTTG
TACCGCGAAAATGTACGAC: ACCGCGAAAATGTACGACA
TACCGCGTCGGGTAGGTAG: ACCGCGTCGGGTAGGTAGA
TACCTATGTTACCACGAGC: ACCTATGTTACCACGAGCC
TACCTCCATAAGGGGCTGT: ACCTCCATAAGGGGCTGTC
TACCTCTTGGTGAGATTCC: ACCTCTTGGTGAGATTCCT
TACGACAAGAGAGCGCTGG: ACGACAAGAGAGCGCTGGG
TACGCCCTCGTGTGAAGCT: ACGCCCTCGTGTGAAGCTG
TACGCTGCCCGGTAAGACC: ACGCTGCCCGGTAAGACCT
TACTCGTTTAATAAGGTCG: ACTCGTTTAATAAGGTCGC
TACTGCTCATTGGGTGCTG: ACTGCTCATTGGGTGCTGC
TACTGTTAGGTCGTATCCA: ACTGTTAGGTCGTATCCAA
TACTTATGACGTTACATCA: ACTTATGACGTTACATCAG
TACTTCAAGCAACTCTAAA: ACTTCAAGCAACTCTAAAG
TACTTGGGTAATAGTTTAC: ACTTGGGTAATAGTTTACT
TAGAAAACGATCAGTCTCC: AGAAAACGATCAGTCTCCG
TAGAATCCGCGGGGTGGTC: AGAATCCGCGGGGTGGTCG
TAGAATGGAAATGTATTGG: AGAATGGAAATGTATTGGG
TAGAATTGAAGCTATGAGC: AGAATTGAAGCTATGAGCA
TAGACTTCGACAGGTCGTA: AGACTTCGACAGGTCGTAT
TAGACTTCTTTATTATGGT: AGACTTCTTTATTATGGTC
TAGAGGAAATGTTCGGGGA: AGAGGAAATGTTCGGGGAG
TAGATGGCTAGGCGTTTTT: AGATGGCTAGGCGTTTTTA
TAGATTTCCACTCTGCGCC: AGATTTCCACTCTGCGCCC
TAGCATGTCGGCATCGGTG: AGCATGTCGGCATCGGTGG
TAGCCCTTTCGCACGAGCC: AGCCCTTTCGCACGAGCCC
TAGCGGCGGAGGCTACTTC: AGCGGCGGAGGCTACTTCA
TAGCGGTACATCAAGGCGT: AGCGGTACATCAAGGCGTG
TAGGATCGACAGTCGGTCT: AGGATCGACAGTCGGTCTC
TAGGCAGTCTTCATGGTAC: AGGCAGTCTTCATGGTACC
TAGGCGCGCATAAGGAGAT: AGGCGCGCATAAGGAGATC
TAGGCGTTTTTATTAAGAA: AGGCGTTTTTATTAAGAAG
TAGGGTTGTGCTGCCGGTG: AGGGTTGTGCTGCCGGTGG
TAGGTAGAGGAAATGTTCG: AGGTAGAGGAAATGTTCGG
TAGGTCGTATCCAACCGAA: AGGTCGTATCCAACCGAAT
TAGTCCAAGCTCTTTGCAA: AGTCCAAGCTCTTTGCAAC
TAGTCCACTTCCATCCGGC: AGTCCACTTCCATCCGGCT
TAGTCCCTGAATTGCAAAA: AGTCCCTGAATTGCAAAAC
TAGTCTGTAACTCCCTGTG: AGTCTGTAACTCCCTGTGT
TAGTGAGCGCAGATGTGGG: AGTGAGCGCAGATGTGGGG
TAGTGGCCGCCGTGCGAAC: AGTGGCCGCCGTGCGAACC
TAGTTTACTCGTTTAATAA: AGTTTACTCGTTTAATAAG
TATAATCCAGAGCCTAGAC: ATAATCCAGAGCCTAGACT
TATAATGCGGGTCGACGCA: ATAATGCGGGTCGACGCAT
TATACTGCTCATTGGGTGC: ATACTGCTCATTGGGTGCT
TATAGAATCCGCGGGGTGG: ATAGAATCCGCGGGGTGGT
TATAGGATCGACAGTCGGT: ATAGGATCGACAGTCGGTC
TATATCCACCACCCGCTCG: ATATCCACCACCCGCTCGT
TATCACATTCGAGGTCTTC: ATCACATTCGAGGTCTTCG
TATCAGCGTCATCTCCACA: ATCAGCGTCATCTCCACAG
TATCCAACCGAATACACTA: ATCCAACCGAATACACTAT
TATCCAACCGAATATTATC: ATCCAACCGAATATTATCA
TATCCAACCGAATGCCACC: ATCCAACCGAATGCCACCG
TATCCAACCGAATTGCGTA: ATCCAACCGAATTGCGTAA
TATCCAACGATCCCTATGG: ATCCAACGATCCCTATGGC
TATCCACCACCCGCTCGTA: ATCCACCACCCGCTCGTAT
TATCGCTCAAATCCCGGCC: ATCGCTCAAATCCCGGCCC
TATCGTGGTAAAAGAACAA: ATCGTGGTAAAAGAACAAT
TATCTGCGTTATCAGCGTC: ATCTGCGTTATCAGCGTCA
TATCTTTTATTATTCGGGG: ATCTTTTATTATTCGGGGC
TATGAAGTCTCACATCATC: ATGAAGTCTCACATCATCT
TATGACGTTACATCAGGCG: ATGACGTTACATCAGGCGT
TATGAGCAGTGTCAAAATT: ATGAGCAGTGTCAAAATTC
TATGGCTCAAACTTGATGG: ATGGCTCAAACTTGATGGA
TATGGTCAAAAATAACCGA: ATGGTCAAAAATAACCGAG
TATGTAAAGCCCTAGCGGT: ATGTAAAGCCCTAGCGGTA
TATGTTACCACGAGCCCAA: ATGTTACCACGAGCCCAAG
TATTAAGAAGGCCTTAAAA: ATTAAGAAGGCCTTAAAAA
TATTAGAATTGAAGCTATG: ATTAGAATTGAAGCTATGA
TATTATCACATTCGAGGTC: ATTATCACATTCGAGGTCT
TATTATGGTCAAAAATAAC: ATTATGGTCAAAAATAACC
TATTATGTAAAGCCCTAGC: ATTATGTAAAGCCCTAGCG
TATTATTCGGGGCCCTCAC: ATTATTCGGGGCCCTCACC
TATTCGGGGCCCTCACCCG: ATTCGGGGCCCTCACCCGG
TATTCGTCCGTGGGGCCGG: ATTCGTCCGTGGGGCCGGC
TATTCTTTACACCGCCACA: ATTCTTTACACCGCCACAC
TATTCTTTCAGGTGAAGGA: ATTCTTTCAGGTGAAGGAT
TATTGGGATTTGGCAGTTT: ATTGGGATTTGGCAGTTTT
TATTTTTGCACTGATCGCC: ATTTTTGCACTGATCGCCG
TCAAAAATAACCGAGAGAC: CAAAAATAACCGAGAGACC
TCAAAATTCACCAGGCTTG: CAAAATTCACCAGGCTTGC
TCAAACTTGATGGATCTGT: CAAACTTGATGGATCTGTT
TCAAAGTGGTATGAAGTCT: CAAAGTGGTATGAAGTCTC
TCAAATCCCGGCCCAGTTC: CAAATCCCGGCCCAGTTCC
TCAACATATAGAATCCGCG: CAACATATAGAATCCGCGG
TCAACCGGGTGGATCGCTA: CAACCGGGTGGATCGCTAG
TCAACTGCAGACTTCGCTT: CAACTGCAGACTTCGCTTT
TCAACTTCAGCCTCCTACC: CAACTTCAGCCTCCTACCT
TCAAGAAGTTCGACCAGGT: CAAGAAGTTCGACCAGGTG
TCAAGCAACTCTAAAGCGG: CAAGCAACTCTAAAGCGGA
TCAAGGCGTGCATATTCTT: CAAGGCGTGCATATTCTTT
TCAAGTCATCTCAGACCGG: CAAGTCATCTCAGACCGGT
TCAATTCGAGAAGTATCGC: CAATTCGAGAAGTATCGCT
TCACAAGTCGCTGCTTCAG: CACAAGTCGCTGCTTCAGA
TCACATCATCTTTTACACA: CACATCATCTTTTACACAT
TCACATTAGTCCAAGCTCT: CACATTAGTCCAAGCTCTT
TCACATTCGAGGTCTTCGA: CACATTCGAGGTCTTCGAG
TCACCAGGCTTGCAATCCC: CACCAGGCTTGCAATCCCT
TCACCCGGCTTATCCAACG: CACCCGGCTTATCCAACGA
TCACGTGATTGAGTTGAGA: CACGTGATTGAGTTGAGAT
TCAGAACCTGGACCATACC: CAGAACCTGGACCATACCC
TCAGACCGGTATTCGTCCG: CAGACCGGTATTCGTCCGT
TCAGCCTCCTACCTCCATA: CAGCCTCCTACCTCCATAA
TCAGCGTCATCTCCACAGG: CAGCGTCATCTCCACAGGT
TCAGGAAATACAGGCCACC: CAGGAAATACAGGCCACCG
TCAGGAATGGACATCCTCC: CAGGAATGGACATCCTCCC
TCAGGCATATCGTGGTAAA: CAGGCATATCGTGGTAAAA
TCAGGCGTAGATTTCCACT: CAGGCGTAGATTTCCACTC
TCAGGTCGTATCCAACCGA: CAGGTCGTATCCAACCGAA
TCAGGTGAAGGATGTCGTG: CAGGTGAAGGATGTCGTGC
TCAGTCGCATTGAAAGCTA: CAGTCGCATTGAAAGCTAC
TCAGTCTCCGATCCTCCAT: CAGTCTCCGATCCTCCATG
TCATCTCAGACCGGTATTC: CATCTCAGACCGGTATTCG
TCATCTCCACAGGTCAGGA: CATCTCCACAGGTCAGGAA
TCATCTTTTACACATGACC: CATCTTTTACACATGACCC
TCATGGTACCATCAGGAAA: CATGGTACCATCAGGAAAT
TCATGTACCGCGTCGGGTA: CATGTACCGCGTCGGGTAG
TCATGTTGCATTGGGTGCT: CATGTTGCATTGGGTGCTG
TCATTCCCTTCTTACAGTT: CATTCCCTTCTTACAGTTA
TCATTGGGTGCTGCTCGCA: CATTGGGTGCTGCTCGCAT
TCCAACCGAATACACTATA: CCAACCGAATACACTATAT
TCCAACCGAATATTATCAC: CCAACCGAATATTATCACA
TCCAACCGAATGCCACCGA: CCAACCGAATGCCACCGAA
TCCAACCGAATTGCGTAAT: CCAACCGAATTGCGTAATC
TCCAACGATCCCTATGGCT: CCAACGATCCCTATGGCTC
TCCAAGCTCTTTGCAACAG: CCAAGCTCTTTGCAACAGC
TCCAATGAGGCGGTAGGCG: CCAATGAGGCGGTAGGCGC
TCCAATGTCTTGCAATTTG: CCAATGTCTTGCAATTTGC
TCCACAGGTCAGGAATGGA: CCACAGGTCAGGAATGGAC
TCCACCACCCGCTCGTATT: CCACCACCCGCTCGTATTT
TCCACTCTGCGCCCATCGA: CCACTCTGCGCCCATCGAC
TCCACTTCCATCCGGCTCT: CCACTTCCATCCGGCTCTC
TCCAGAGCCTAGACTTCTT: CCAGAGCCTAGACTTCTTT
TCCAGCGTCTGACTCATGT: CCAGCGTCTGACTCATGTA
TCCATAAGGGGCTGTCCCT: CCATAAGGGGCTGTCCCTG
TCCATCCGCGCTTTTAGCG: CCATCCGCGCTTTTAGCGG
TCCATCCGGCTCTCACGTG: CCATCCGGCTCTCACGTGA
TCCATCTTATAATCCAGAG: CCATCTTATAATCCAGAGC
TCCATGAGCCCGGTGAGGG: CCATGAGCCCGGTGAGGGC
TCCCAGATACACCATTCGT: CCCAGATACACCATTCGTA
TCCCAGCCCTCAAAGTGGT: CCCAGCCCTCAAAGTGGTA
TCCCAGTCCCTGGAGGAAA: CCCAGTCCCTGGAGGAAAG
TCCCGGCCCAGTTCCATCT: CCCGGCCCAGTTCCATCTT
TCCCTAGTGGCCGCCGTGC: CCCTAGTGGCCGCCGTGCG
TCCCTATGGCTCAAACTTG: CCCTATGGCTCAAACTTGA
TCCCTGAATTGCAAAACCA: CCCTGAATTGCAAAACCAT
TCCCTGGAGGAAAGGCTGC: CCCTGGAGGAAAGGCTGCT
TCCCTGTGTACCTCTTGGT: CCCTGTGTACCTCTTGGTG
TCCCTGTTCCGTCTCTACA: CCCTGTTCCGTCTCTACAT
TCCCTTCCCAGTCCCTGGA: CCCTTCCCAGTCCCTGGAG
TCCCTTCTTACAGTTATTA: CCCTTCTTACAGTTATTAG
TCCGAGCCGGAACCATCGT: CCGAGCCGGAACCATCGTA
TCCGATCCTCCATGAGCCC: CCGATCCTCCATGAGCCCG
TCCGCGCTTTTAGCGGCGG: CCGCGCTTTTAGCGGCGGA
TCCGCGGGGTGGTCGATAT: CCGCGGGGTGGTCGATATT
TCCGGCTCTCACGTGATTG: CCGGCTCTCACGTGATTGA
TCCGTCGAATCGCCTATAG: CCGTCGAATCGCCTATAGG
TCCGTCTCTACATTTGAAT: CCGTCTCTACATTTGAATA
TCCGTGGGGCCGGCTATCT: CCGTGGGGCCGGCTATCTG
TCCTAAAGTCGTAGAAAAC: CCTAAAGTCGTAGAAAACG
TCCTACCTCCATAAGGGGC: CCTACCTCCATAAGGGGCT
TCCTCAAGTCATCTCAGAC: CCTCAAGTCATCTCAGACC
TCCTCCATCCGCGCTTTTA: CCTCCATCCGCGCTTTTAG
TCCTCCATGAGCCCGGTGA: CCTCCATGAGCCCGGTGAG
TCCTCCCAGATACACCATT: CCTCCCAGATACACCATTC
TCCTTGCCGTCCAATGAGG: CCTTGCCGTCCAATGAGGC
TCGAATCGCCTATAGGATC: CGAATCGCCTATAGGATCG
TCGACAGGTCGTATCCAAC: CGACAGGTCGTATCCAACC
TCGACAGTCGGTCTCAAGA: CGACAGTCGGTCTCAAGAA
TCGACCAGGTGCAAAAAGC: CGACCAGGTGCAAAAAGCC
TCGACGCATTATCTTTTAT: CGACGCATTATCTTTTATT
TCGACTAAAGGTGCCTCGT: CGACTAAAGGTGCCTCGTG
TCGAGAAGTATCGCTCAAA: CGAGAAGTATCGCTCAAAT
TCGAGACATGCCCTGCGGG: CGAGACATGCCCTGCGGGC
TCGAGGTCTTCGAGACATG: CGAGGTCTTCGAGACATGC
TCGATACCTATGTTACCAC: CGATACCTATGTTACCACG
TCGATATTATGTAAAGCCC: CGATATTATGTAAAGCCCT
TCGCAACCATAAAATCAGG: CGCAACCATAAAATCAGGT
TCGCACGAGCCCATTGGGT: CGCACGAGCCCATTGGGTG
TCGCACGGACACCAGCAGG: CGCACGGACACCAGCAGGT
TCGCAGAAATACTGTTAGG: CGCAGAAATACTGTTAGGT
TCGCATAGACTTCGACAGG: CGCATAGACTTCGACAGGT
TCGCATTGAAAGCTACAAA: CGCATTGAAAGCTACAAAT
TCGCCGCTGAGAATTATAC: CGCCGCTGAGAATTATACT
TCGCCTATAGGATCGACAG: CGCCTATAGGATCGACAGT
TCGCTAGTCTGTAACTCCC: CGCTAGTCTGTAACTCCCT
TCGCTCAAATCCCGGCCCA: CGCTCAAATCCCGGCCCAG
TCGCTGACCCGTTCGTGAA: CGCTGACCCGTTCGTGAAT
TCGCTGCTTCAGAACCTGG: CGCTGCTTCAGAACCTGGA
TCGCTTTGCAGAAGTTCGT: CGCTTTGCAGAAGTTCGTC
TCGGCATCGGTGGAAAAAA: CGGCATCGGTGGAAAAAAC
TCGGCGATAGGGTTGTGCT: CGGCGATAGGGTTGTGCTG
TCGGGGAGGCGTTCATTCC: CGGGGAGGCGTTCATTCCC
TCGGGGCCCTCACCCGGCT: CGGGGCCCTCACCCGGCTT
TCGGGTAGGTAGAGGAAAT: CGGGTAGGTAGAGGAAATG
TCGGTCTCAAGAAGTTCGA: CGGTCTCAAGAAGTTCGAC
TCGGTGGAAAAAACTAGCC: CGGTGGAAAAAACTAGCCC
TCGTACTTGGGTAATAGTT: CGTACTTGGGTAATAGTTT
TCGTAGAAAACGATCAGTC: CGTAGAAAACGATCAGTCT
TCGTAGTCCCTGAATTGCA: CGTAGTCCCTGAATTGCAA
TCGTAGTGAGCGCAGATGT: CGTAGTGAGCGCAGATGTG
TCGTATCCAACCGAATACA: CGTATCCAACCGAATACAC
TCGTATCCAACCGAATATT: CGTATCCAACCGAATATTA
TCGTATCCAACCGAATGCC: CGTATCCAACCGAATGCCA
TCGTATCCAACCGAATTGC: CGTATCCAACCGAATTGCG
TCGTATTTTTGCACTGATC: CGTATTTTTGCACTGATCG
TCGTCCGTGGGGCCGGCTA: CGTCCGTGGGGCCGGCTAT
TCGTCGATACCTATGTTAC: CGTCGATACCTATGTTACC
TCGTGAATCACATTAGTCC: CGTGAATCACATTAGTCCA
TCGTGACCTTCAACCGGGT: CGTGACCTTCAACCGGGTG
TCGTGCACGTCTGGATGTG: CGTGCACGTCTGGATGTGA
TCGTGGTAAAAGAACAATA: CGTGGTAAAAGAACAATAG
TCGTGTGAAGCTGTAGGCA: CGTGTGAAGCTGTAGGCAG
TCGTTTAATAAGGTCGCTG: CGTTTAATAAGGTCGCTGA
TCTAAAGCGGAAATCAATT: CTAAAGCGGAAATCAATTC
TCTACATTTGAATACAAGC: CTACATTTGAATACAAGCA
TCTACTTATGACGTTACAT: CTACTTATGACGTTACATC
TCTAGCATGTCGGCATCGG: CTAGCATGTCGGCATCGGT
TCTAGTCCACTTCCATCCG: CTAGTCCACTTCCATCCGG
TCTCAAGAAGTTCGACCAG: CTCAAGAAGTTCGACCAGG
TCTCACATCATCTTTTACA: CTCACATCATCTTTTACAC
TCTCACGTGATTGAGTTGA: CTCACGTGATTGAGTTGAG
TCTCAGACCGGTATTCGTC: CTCAGACCGGTATTCGTCC
TCTCATGTTGCATTGGGTG: CTCATGTTGCATTGGGTGC
TCTCCACAGGTCAGGAATG: CTCCACAGGTCAGGAATGG
TCTCCGATCCTCCATGAGC: CTCCGATCCTCCATGAGCC
TCTCTACATTTGAATACAA: CTCTACATTTGAATACAAG
TCTGACTCATGTACCGCGT: CTGACTCATGTACCGCGTC
TCTGCGCCCATCGACTAAA: CTGCGCCCATCGACTAAAG
TCTGCGTTATCAGCGTCAT: CTGCGTTATCAGCGTCATC
TCTGGATGTGACCCTTTCC: CTGGATGTGACCCTTTCCG
TCTGGTTCCAGCGTCTGAC: CTGGTTCCAGCGTCTGACT
TCTGTAACTCCCTGTGTAC: CTGTAACTCCCTGTGTACC
TCTTACAGTTATTAGAATT: CTTACAGTTATTAGAATTG
TCTTATAATCCAGAGCCTA: CTTATAATCCAGAGCCTAG
TCTTCATGGTACCATCAGG: CTTCATGGTACCATCAGGA
TCTTCGAGACATGCCCTGC: CTTCGAGACATGCCCTGCG
TCTTGCAATTTGCTCCCAG: CTTGCAATTTGCTCCCAGC
TCTTGGTGAGATTCCTTGC: CTTGGTGAGATTCCTTGCC
TCTTTACACCGCCACACGC: CTTTACACCGCCACACGCT
TCTTTATTATGGTCAAAAA: CTTTATTATGGTCAAAAAT
TCTTTCAGGTGAAGGATGT: CTTTCAGGTGAAGGATGTC
TCTTTGCAACAGCACCCGG: CTTTGCAACAGCACCCGGA
TCTTTTACACATGACCCGG: CTTTTACACATGACCCGGC
TCTTTTATTATTCGGGGCC: CTTTTATTATTCGGGGCCC
TGAAAGCTACAAATTTCCT: GAAAGCTACAAATTTCCTC
TGAACACGATTTGATACCG: GAACACGATTTGATACCGC
TGAAGCTATGAGCAGTGTC: GAAGCTATGAGCAGTGTCA
TGAAGCTGTAGGCAGTCTT: GAAGCTGTAGGCAGTCTTC
TGAAGGATGTCGTGCACGT: GAAGGATGTCGTGCACGTC
TGAAGTCTCACATCATCTT: GAAGTCTCACATCATCTTT
TGAATAAGAGGGGGGGACC: GAATAAGAGGGGGGGACCT
TGAATACAAGCAATAAGAA: GAATACAAGCAATAAGAAT
TGAATCACATTAGTCCAAG: GAATCACATTAGTCCAAGC
TGAATTGCAAAACCATCCT: GAATTGCAAAACCATCCTC
TGACCCGGCCAGATGGGAT: GACCCGGCCAGATGGGATG
TGACCCGTTCGTGAATCAC: GACCCGTTCGTGAATCACA
TGACCCTTTCCGAGCCGGA: GACCCTTTCCGAGCCGGAA
TGACCTTCAACCGGGTGGA: GACCTTCAACCGGGTGGAT
TGACGTTACATCAGGCGTA: GACGTTACATCAGGCGTAG
TGACTCATGTACCGCGTCG: GACTCATGTACCGCGTCGG
TGACTTCTAGTCCACTTCC: GACTTCTAGTCCACTTCCA
TGAGAATTATACTGCTCAT: GAGAATTATACTGCTCATT
TGAGATGAACACGATTTGA: GAGATGAACACGATTTGAT
TGAGATTCCTTGCCGTCCA: GAGATTCCTTGCCGTCCAA
TGAGCAGTGTCAAAATTCA: GAGCAGTGTCAAAATTCAC
TGAGCCCGGTGAGGGCCTG: GAGCCCGGTGAGGGCCTGT
TGAGCGCAGATGTGGGGCT: GAGCGCAGATGTGGGGCTC
TGAGGCGGTAGGCGCGCAT: GAGGCGGTAGGCGCGCATA
TGAGGGCCTGTCTCATGTT: GAGGGCCTGTCTCATGTTG
TGAGTTGAGATGAACACGA: GAGTTGAGATGAACACGAT
TGATACCGCGAAAATGTAC: GATACCGCGAAAATGTACG
TGATCGCCGCTGAGAATTA: GATCGCCGCTGAGAATTAT
TGATGGATCTGTTCCCTTC: GATGGATCTGTTCCCTTCC
TGATTGAGTTGAGATGAAC: GATTGAGTTGAGATGAACA
TGCAAAAAGCCAAACGCAT: GCAAAAAGCCAAACGCATT
TGCAAAACCATCCTCCATC: GCAAAACCATCCTCCATCC
TGCAACAGCACCCGGATAT: GCAACAGCACCCGGATATT
TGCAAGTTGGCTCAACATA: GCAAGTTGGCTCAACATAT
TGCAATCCCTTCCCAGTCC: GCAATCCCTTCCCAGTCCC
TGCAATTTGCTCCCAGCCC: GCAATTTGCTCCCAGCCCT
TGCACGTCTGGATGTGACC: GCACGTCTGGATGTGACCC
TGCACTGATCGCCGCTGAG: GCACTGATCGCCGCTGAGA
TGCAGAAGTTCGTCGATAC: GCAGAAGTTCGTCGATACC
TGCAGACTTCGCTTTGCAG: GCAGACTTCGCTTTGCAGA
TGCATATTCTTTCAGGTGA: GCATATTCTTTCAGGTGAA
TGCATTGGGTGCTGCTCGC: GCATTGGGTGCTGCTCGCA
TGCCACCGAAAGTTATAAT: GCCACCGAAAGTTATAATG
TGCCATACGCTGCCCGGTA: GCCATACGCTGCCCGGTAA
TGCCCGGTAAGACCTGCAA: GCCCGGTAAGACCTGCAAG
TGCCCTGCGGGCTTTCTAG: GCCCTGCGGGCTTTCTAGC
TGCCGGTGGCTGCGTTTGG: GCCGGTGGCTGCGTTTGGG
TGCCGTCCAATGAGGCGGT: GCCGTCCAATGAGGCGGTA
TGCCTCGTGACCTTCAACC: GCCTCGTGACCTTCAACCG
TGCGAACCGAATCAACTGC: GCGAACCGAATCAACTGCA
TGCGAGACCTAAATAGATG: GCGAGACCTAAATAGATGG
TGCGCCCATCGACTAAAGG: GCGCCCATCGACTAAAGGT
TGCGGGCTTTCTAGCATGT: GCGGGCTTTCTAGCATGTC
TGCGGGTCGACGCATTATC: GCGGGTCGACGCATTATCT
TGCGTAATCGTAGTCCCTG: GCGTAATCGTAGTCCCTGA
TGCGTTATCAGCGTCATCT: GCGTTATCAGCGTCATCTC
TGCGTTTGGGTCAGTCGCA: GCGTTTGGGTCAGTCGCAT
TGCTCATTGGGTGCTGCTC: GCTCATTGGGTGCTGCTCG
TGCTCCCAGCCCTCAAAGT: GCTCCCAGCCCTCAAAGTG
TGCTCGCAACCATAAAATC: GCTCGCAACCATAAAATCA
TGCTCGCACGGACACCAGC: GCTCGCACGGACACCAGCA
TGCTCGCAGAAATACTGTT: GCTCGCAGAAATACTGTTA
TGCTCGCATAGACTTCGAC: GCTCGCATAGACTTCGACA
TGCTGAATAAGAGGGGGGG: GCTGAATAAGAGGGGGGGA
TGCTGCCGGTGGCTGCGTT: GCTGCCGGTGGCTGCGTTT
TGCTGCTCGCAACCATAAA: GCTGCTCGCAACCATAAAA
TGCTGCTCGCACGGACACC: GCTGCTCGCACGGACACCA
TGCTGCTCGCAGAAATACT: GCTGCTCGCAGAAATACTG
TGCTGCTCGCATAGACTTC: GCTGCTCGCATAGACTTCG
TGCTGGCGGTAATTTGTCA: GCTGGCGGTAATTTGTCAA
TGCTTCAGAACCTGGACCA: GCTTCAGAACCTGGACCAT
TGGAAAAAACTAGCCCTTT: GGAAAAAACTAGCCCTTTC
TGGAAATGTATTGGGATTT: GGAAATGTATTGGGATTTG
TGGACATCCTCCCAGATAC: GGACATCCTCCCAGATACA
TGGACCATACCCTCGGCGA: GGACCATACCCTCGGCGAT
TGGACTACCCTCCTAAAGT: GGACTACCCTCCTAAAGTC
TGGAGGAAAGGCTGCTGGC: GGAGGAAAGGCTGCTGGCG
TGGATCGCTAGTCTGTAAC: GGATCGCTAGTCTGTAACT
TGGATCTGTTCCCTTCCAA: GGATCTGTTCCCTTCCAAC
TGGATGTGACCCTTTCCGA: GGATGTGACCCTTTCCGAG
TGGCAGTTTTTCACAAGTC: GGCAGTTTTTCACAAGTCG
TGGCCGCCGTGCGAACCGA: GGCCGCCGTGCGAACCGAA
TGGCGGTAATTTGTCAACT: GGCGGTAATTTGTCAACTT
TGGCTAGGCGTTTTTATTA: GGCTAGGCGTTTTTATTAA
TGGCTCAAACTTGATGGAT: GGCTCAAACTTGATGGATC
TGGCTCAACATATAGAATC: GGCTCAACATATAGAATCC
TGGCTGCGTTTGGGTCAGT: GGCTGCGTTTGGGTCAGTC
TGGCTTGGACTACCCTCCT: GGCTTGGACTACCCTCCTA
TGGGAACATCTACTTATGA: GGGAACATCTACTTATGAC
TGGGATGGCTTGGACTACC: GGGATGGCTTGGACTACCC
TGGGATTTGGCAGTTTTTC: GGGATTTGGCAGTTTTTCA
TGGGGCCGGCTATCTGCGT: GGGGCCGGCTATCTGCGTT
TGGGGCTCCGTCGAATCGC: GGGGCTCCGTCGAATCGCC
TGGGTAATAGTTTACTCGT: GGGTAATAGTTTACTCGTT
TGGGTCAGTCGCATTGAAA: GGGTCAGTCGCATTGAAAG
TGGGTGCTGCTCGCAACCA: GGGTGCTGCTCGCAACCAT
TGGGTGCTGCTCGCACGGA: GGGTGCTGCTCGCACGGAC
TGGGTGCTGCTCGCAGAAA: GGGTGCTGCTCGCAGAAAT
TGGGTGCTGCTCGCATAGA: GGGTGCTGCTCGCATAGAC
TGGTAAAAGAACAATAGAA: GGTAAAAGAACAATAGAAT
TGGTACCATCAGGAAATAC: GGTACCATCAGGAAATACA
TGGTATGAAGTCTCACATC: GGTATGAAGTCTCACATCA
TGGTCAAAAATAACCGAGA: GGTCAAAAATAACCGAGAG
TGGTCGATATTATGTAAAG: GGTCGATATTATGTAAAGC
TGGTGAGATTCCTTGCCGT: GGTGAGATTCCTTGCCGTC
TGGTTCCAGCGTCTGACTC: GGTTCCAGCGTCTGACTCA
TGTAAAGCCCTAGCGGTAC: GTAAAGCCCTAGCGGTACA
TGTAACTCCCTGTGTACCT: GTAACTCCCTGTGTACCTC
TGTACCGCGTCGGGTAGGT: GTACCGCGTCGGGTAGGTA
TGTACCTCTTGGTGAGATT: GTACCTCTTGGTGAGATTC
TGTACGACAAGAGAGCGCT: GTACGACAAGAGAGCGCTG
TGTAGGCAGTCTTCATGGT: GTAGGCAGTCTTCATGGTA
TGTATTGGGATTTGGCAGT: GTATTGGGATTTGGCAGTT
TGTCAAAATTCACCAGGCT: GTCAAAATTCACCAGGCTT
TGTCAACTTCAGCCTCCTA: GTCAACTTCAGCCTCCTAC
TGTCCCTGTTCCGTCTCTA: GTCCCTGTTCCGTCTCTAC
TGTCGGCATCGGTGGAAAA: GTCGGCATCGGTGGAAAAA
TGTCGTGCACGTCTGGATG: GTCGTGCACGTCTGGATGT
TGTCTCATGTTGCATTGGG: GTCTCATGTTGCATTGGGT
TGTCTTGCAATTTGCTCCC: GTCTTGCAATTTGCTCCCA
TGTGAAGCTGTAGGCAGTC: GTGAAGCTGTAGGCAGTCT
TGTGACCCTTTCCGAGCCG: GTGACCCTTTCCGAGCCGG
TGTGCCATACGCTGCCCGG: GTGCCATACGCTGCCCGGT
TGTGCTGCCGGTGGCTGCG: GTGCTGCCGGTGGCTGCGT
TGTGGGGCTCCGTCGAATC: GTGGGGCTCCGTCGAATCG
TGTGTACCTCTTGGTGAGA: GTGTACCTCTTGGTGAGAT
TGTTACCACGAGCCCAAGA: GTTACCACGAGCCCAAGAA
TGTTAGGTCGTATCCAACC: GTTAGGTCGTATCCAACCG
TGTTCCGTCTCTACATTTG: GTTCCGTCTCTACATTTGA
TGTTCGGGGAGGCGTTCAT: GTTCGGGGAGGCGTTCATT
TGTTGCATTGGGTGCTGCT: GTTGCATTGGGTGCTGCTC
TGTTGTGCCATACGCTGCC: GTTGTGCCATACGCTGCCC
TTAAAAAGTACCCTCCCTA: TAAAAAGTACCCTCCCTAG
TTAAGAAGGCCTTAAAAAG: TAAGAAGGCCTTAAAAAGT
TTAATAAGGTCGCTGACCC: TAATAAGGTCGCTGACCCG
TTACACATGACCCGGCCAG: TACACATGACCCGGCCAGA
TTACACCGCCACACGCTAA: TACACCGCCACACGCTAAA
TTACAGTTATTAGAATTGA: TACAGTTATTAGAATTGAA
TTACATCAGGCGTAGATTT: TACATCAGGCGTAGATTTC
TTACCACGAGCCCAAGAAC: TACCACGAGCCCAAGAACA
TTACGCCCTCGTGTGAAGC: TACGCCCTCGTGTGAAGCT
TTACTCGTTTAATAAGGTC: TACTCGTTTAATAAGGTCG
TTAGAATTGAAGCTATGAG: TAGAATTGAAGCTATGAGC
TTAGCGGCGGAGGCTACTT: TAGCGGCGGAGGCTACTTC
TTAGGTCGTATCCAACCGA: TAGGTCGTATCCAACCGAA
TTAGTCCAAGCTCTTTGCA: TAGTCCAAGCTCTTTGCAA
TTATAATCCAGAGCCTAGA: TATAATCCAGAGCCTAGAC
TTATAATGCGGGTCGACGC: TATAATGCGGGTCGACGCA
TTATACTGCTCATTGGGTG: TATACTGCTCATTGGGTGC
TTATCACATTCGAGGTCTT: TATCACATTCGAGGTCTTC
TTATCAGCGTCATCTCCAC: TATCAGCGTCATCTCCACA
TTATCCAACGATCCCTATG: TATCCAACGATCCCTATGG
TTATCTTTTATTATTCGGG: TATCTTTTATTATTCGGGG
TTATGACGTTACATCAGGC: TATGACGTTACATCAGGCG
TTATGGTCAAAAATAACCG: TATGGTCAAAAATAACCGA
TTATGTAAAGCCCTAGCGG: TATGTAAAGCCCTAGCGGT
TTATTAAGAAGGCCTTAAA: TATTAAGAAGGCCTTAAAA
TTATTAGAATTGAAGCTAT: TATTAGAATTGAAGCTATG
TTATTATGGTCAAAAATAA: TATTATGGTCAAAAATAAC
TTATTATTCGGGGCCCTCA: TATTATTCGGGGCCCTCAC
TTATTCGGGGCCCTCACCC: TATTCGGGGCCCTCACCCG
TTCAACCGGGTGGATCGCT: TCAACCGGGTGGATCGCTA
TTCAAGCAACTCTAAAGCG: TCAAGCAACTCTAAAGCGG
TTCACAAGTCGCTGCTTCA: TCACAAGTCGCTGCTTCAG
TTCACCAGGCTTGCAATCC: TCACCAGGCTTGCAATCCC
TTCAGAACCTGGACCATAC: TCAGAACCTGGACCATACC
TTCAGCCTCCTACCTCCAT: TCAGCCTCCTACCTCCATA
TTCAGGTGAAGGATGTCGT: TCAGGTGAAGGATGTCGTG
TTCATGGTACCATCAGGAA: TCATGGTACCATCAGGAAA
TTCATTCCCTTCTTACAGT: TCATTCCCTTCTTACAGTT
TTCCACTCTGCGCCCATCG: TCCACTCTGCGCCCATCGA
TTCCAGCGTCTGACTCATG: TCCAGCGTCTGACTCATGT
TTCCATCCGGCTCTCACGT: TCCATCCGGCTCTCACGTG
TTCCATCTTATAATCCAGA: TCCATCTTATAATCCAGAG
TTCCCAGTCCCTGGAGGAA: TCCCAGTCCCTGGAGGAAA
TTCCCTTCTTACAGTTATT: TCCCTTCTTACAGTTATTA
TTCCGAGCCGGAACCATCG: TCCGAGCCGGAACCATCGT
TTCCGTCTCTACATTTGAA: TCCGTCTCTACATTTGAAT
TTCCTCAAGTCATCTCAGA: TCCTCAAGTCATCTCAGAC
TTCCTTGCCGTCCAATGAG: TCCTTGCCGTCCAATGAGG
TTCGACAGGTCGTATCCAA: TCGACAGGTCGTATCCAAC
TTCGACCAGGTGCAAAAAG: TCGACCAGGTGCAAAAAGC
TTCGAGAAGTATCGCTCAA: TCGAGAAGTATCGCTCAAA
TTCGAGACATGCCCTGCGG: TCGAGACATGCCCTGCGGG
TTCGAGGTCTTCGAGACAT: TCGAGGTCTTCGAGACATG
TTCGCACGAGCCCATTGGG: TCGCACGAGCCCATTGGGT
TTCGCTTTGCAGAAGTTCG: TCGCTTTGCAGAAGTTCGT
TTCGGGGAGGCGTTCATTC: TCGGGGAGGCGTTCATTCC
TTCGGGGCCCTCACCCGGC: TCGGGGCCCTCACCCGGCT
TTCGTACTTGGGTAATAGT: TCGTACTTGGGTAATAGTT
TTCGTCCGTGGGGCCGGCT: TCGTCCGTGGGGCCGGCTA
TTCGTCGATACCTATGTTA: TCGTCGATACCTATGTTAC
TTCGTGAATCACATTAGTC: TCGTGAATCACATTAGTCC
TTCTAGCATGTCGGCATCG: TCTAGCATGTCGGCATCGG
TTCTAGTCCACTTCCATCC: TCTAGTCCACTTCCATCCG
TTCTTACAGTTATTAGAAT: TCTTACAGTTATTAGAATT
TTCTTTACACCGCCACACG: TCTTTACACCGCCACACGC
TTCTTTATTATGGTCAAAA: TCTTTATTATGGTCAAAAA
TTCTTTCAGGTGAAGGATG: TCTTTCAGGTGAAGGATGT
TTGAAAGCTACAAATTTCC: TGAAAGCTACAAATTTCCT
TTGAAGCTATGAGCAGTGT: TGAAGCTATGAGCAGTGTC
TTGAATACAAGCAATAAGA: TGAATACAAGCAATAAGAA
TTGAGATGAACACGATTTG: TGAGATGAACACGATTTGA
TTGAGTTGAGATGAACACG: TGAGTTGAGATGAACACGA
TTGATACCGCGAAAATGTA: TGATACCGCGAAAATGTAC
TTGATGGATCTGTTCCCTT: TGATGGATCTGTTCCCTTC
TTGCAAAACCATCCTCCAT: TGCAAAACCATCCTCCATC
TTGCAACAGCACCCGGATA: TGCAACAGCACCCGGATAT
TTGCAATCCCTTCCCAGTC: TGCAATCCCTTCCCAGTCC
TTGCAATTTGCTCCCAGCC: TGCAATTTGCTCCCAGCCC
TTGCACTGATCGCCGCTGA: TGCACTGATCGCCGCTGAG
TTGCAGAAGTTCGTCGATA: TGCAGAAGTTCGTCGATAC
TTGCATTGGGTGCTGCTCG: TGCATTGGGTGCTGCTCGC
TTGCCGTCCAATGAGGCGG: TGCCGTCCAATGAGGCGGT
TTGCGAGACCTAAATAGAT: TGCGAGACCTAAATAGATG
TTGCGTAATCGTAGTCCCT: TGCGTAATCGTAGTCCCTG
TTGCTCCCAGCCCTCAAAG: TGCTCCCAGCCCTCAAAGT
TTGGACTACCCTCCTAAAG: TGGACTACCCTCCTAAAGT
TTGGCAGTTTTTCACAAGT: TGGCAGTTTTTCACAAGTC
TTGGCTCAACATATAGAAT: TGGCTCAACATATAGAATC
TTGGGATTTGGCAGTTTTT: TGGGATTTGGCAGTTTTTC
TTGGGTAATAGTTTACTCG: TGGGTAATAGTTTACTCGT
TTGGGTCAGTCGCATTGAA: TGGGTCAGTCGCATTGAAA
TTGGGTGCTGCTCGCAACC: TGGGTGCTGCTCGCAACCA
TTGGGTGCTGCTCGCACGG: TGGGTGCTGCTCGCACGGA
TTGGGTGCTGCTCGCAGAA: TGGGTGCTGCTCGCAGAAA
TTGGGTGCTGCTCGCATAG: TGGGTGCTGCTCGCATAGA
TTGGTGAGATTCCTTGCCG: TGGTGAGATTCCTTGCCGT
TTGTCAACTTCAGCCTCCT: TGTCAACTTCAGCCTCCTA
TTGTGCCATACGCTGCCCG: TGTGCCATACGCTGCCCGG
TTGTGCTGCCGGTGGCTGC: TGTGCTGCCGGTGGCTGCG
TTTAATAAGGTCGCTGACC: TTAATAAGGTCGCTGACCC
TTTACACATGACCCGGCCA: TTACACATGACCCGGCCAG
TTTACACCGCCACACGCTA: TTACACCGCCACACGCTAA
TTTACTCGTTTAATAAGGT: TTACTCGTTTAATAAGGTC
TTTAGCGGCGGAGGCTACT: TTAGCGGCGGAGGCTACTT
TTTATTAAGAAGGCCTTAA: TTATTAAGAAGGCCTTAAA
TTTATTATGGTCAAAAATA: TTATTATGGTCAAAAATAA
TTTATTATTCGGGGCCCTC: TTATTATTCGGGGCCCTCA
TTTCACAAGTCGCTGCTTC: TTCACAAGTCGCTGCTTCA
TTTCAGGTGAAGGATGTCG: TTCAGGTGAAGGATGTCGT
TTTCCACTCTGCGCCCATC: TTCCACTCTGCGCCCATCG
TTTCCGAGCCGGAACCATC: TTCCGAGCCGGAACCATCG
TTTCCTCAAGTCATCTCAG: TTCCTCAAGTCATCTCAGA
TTTCGCACGAGCCCATTGG: TTCGCACGAGCCCATTGGG
TTTCTAGCATGTCGGCATC: TTCTAGCATGTCGGCATCG
TTTGAATACAAGCAATAAG: TTGAATACAAGCAATAAGA
TTTGATACCGCGAAAATGT: TTGATACCGCGAAAATGTA
TTTGCAACAGCACCCGGAT: TTGCAACAGCACCCGGATA
TTTGCACTGATCGCCGCTG: TTGCACTGATCGCCGCTGA
TTTGCAGAAGTTCGTCGAT: TTGCAGAAGTTCGTCGATA
TTTGCGAGACCTAAATAGA: TTGCGAGACCTAAATAGAT
TTTGCTCCCAGCCCTCAAA: TTGCTCCCAGCCCTCAAAG
TTTGGCAGTTTTTCACAAG: TTGGCAGTTTTTCACAAGT
TTTGGGTCAGTCGCATTGA: TTGGGTCAGTCGCATTGAA
TTTGTCAACTTCAGCCTCC: TTGTCAACTTCAGCCTCCT
TTTTACACATGACCCGGCC: TTTACACATGACCCGGCCA
TTTTAGCGGCGGAGGCTAC: TTTAGCGGCGGAGGCTACT
TTTTATTAAGAAGGCCTTA: TTTATTAAGAAGGCCTTAA
TTTTATTATTCGGGGCCCT: TTTATTATTCGGGGCCCTC
TTTTCACAAGTCGCTGCTT: TTTCACAAGTCGCTGCTTC
TTTTGCACTGATCGCCGCT: TTTGCACTGATCGCCGCTG
TTTTTATTAAGAAGGCCTT: TTTTATTAAGAAGGCCTTA
TTTTTCACAAGTCGCTGCT: TTTTCACAAGTCGCTGCTT
TTTTTGCACTGATCGCCGC: TTTTGCACTGATCGCCGCT
